Archive member included to satisfy reference by file (symbol)

F:\MS Embedded Systems\IOT\Practicals\BT Mesh\Central_Device\protocol\bluetooth\lib\EFR32XG13X\GCC\libbluetooth_mesh.a(bgapi.c.obj)
                              ./main.o (symbol from plugin) (gecko_cmd_msg_buf)
F:\MS Embedded Systems\IOT\Practicals\BT Mesh\Central_Device\protocol\bluetooth\lib\EFR32XG13X\GCC\libbluetooth_mesh.a(bgapi_gatt.c.obj)
                              bgapi.c.obj (symbol from plugin) (bgapi_gatt_listener)
F:\MS Embedded Systems\IOT\Practicals\BT Mesh\Central_Device\protocol\bluetooth\lib\EFR32XG13X\GCC\libbluetooth_mesh.a(bgapi_gatt_lib.c.obj)
                              ./main.o (symbol from plugin) (sli_bt_cmd_gatt_server_write_attribute_value)
F:\MS Embedded Systems\IOT\Practicals\BT Mesh\Central_Device\protocol\bluetooth\lib\EFR32XG13X\GCC\libbluetooth_mesh.a(bgapi_hardware.c.obj)
                              ./main.o (symbol from plugin) (sli_bt_cmd_hardware_set_soft_timer)
F:\MS Embedded Systems\IOT\Practicals\BT Mesh\Central_Device\protocol\bluetooth\lib\EFR32XG13X\GCC\libbluetooth_mesh.a(bgapi_le_connection.c.obj)
                              ./main.o (symbol from plugin) (sli_bt_cmd_le_connection_close)
F:\MS Embedded Systems\IOT\Practicals\BT Mesh\Central_Device\protocol\bluetooth\lib\EFR32XG13X\GCC\libbluetooth_mesh.a(bgapi_ps.c.obj)
                              ./main.o (symbol from plugin) (sli_bt_cmd_flash_ps_erase_all)
F:\MS Embedded Systems\IOT\Practicals\BT Mesh\Central_Device\protocol\bluetooth\lib\EFR32XG13X\GCC\libbluetooth_mesh.a(bgapi_system.c.obj)
                              ./main.o (symbol from plugin) (sli_bt_cmd_system_get_bt_address)
F:\MS Embedded Systems\IOT\Practicals\BT Mesh\Central_Device\protocol\bluetooth\lib\EFR32XG13X\GCC\libbluetooth_mesh.a(bgbuf.c.obj)
                              bgapi.c.obj (symbol from plugin) (bgbuf_chain_free)
F:\MS Embedded Systems\IOT\Practicals\BT Mesh\Central_Device\protocol\bluetooth\lib\EFR32XG13X\GCC\libbluetooth_mesh.a(bglib.c.obj)
                              ./main.o (symbol from plugin) (gecko_stack_init)
F:\MS Embedded Systems\IOT\Practicals\BT Mesh\Central_Device\protocol\bluetooth\lib\EFR32XG13X\GCC\libbluetooth_mesh.a(btl_interface.c.obj)
                              bgapi.c.obj (symbol from plugin) (bootloader_getInfo)
F:\MS Embedded Systems\IOT\Practicals\BT Mesh\Central_Device\protocol\bluetooth\lib\EFR32XG13X\GCC\libbluetooth_mesh.a(gap.c.obj)
                              bglib.c.obj (symbol from plugin) (gap_reset_state)
F:\MS Embedded Systems\IOT\Practicals\BT Mesh\Central_Device\protocol\bluetooth\lib\EFR32XG13X\GCC\libbluetooth_mesh.a(gap_adv.c.obj)
                              gap.c.obj (symbol from plugin) (gap_adv_update)
F:\MS Embedded Systems\IOT\Practicals\BT Mesh\Central_Device\protocol\bluetooth\lib\EFR32XG13X\GCC\libbluetooth_mesh.a(gap_resolver.c.obj)
                              gap.c.obj (symbol from plugin) (gap_address_resolver_step)
F:\MS Embedded Systems\IOT\Practicals\BT Mesh\Central_Device\protocol\bluetooth\lib\EFR32XG13X\GCC\libbluetooth_mesh.a(gap_scan.c.obj)
                              gap.c.obj (symbol from plugin) (gap_status_set_scan_packet)
F:\MS Embedded Systems\IOT\Practicals\BT Mesh\Central_Device\protocol\bluetooth\lib\EFR32XG13X\GCC\libbluetooth_mesh.a(gatt.c.obj)
                              gap.c.obj (symbol from plugin) (gatt_init_connection)
F:\MS Embedded Systems\IOT\Practicals\BT Mesh\Central_Device\protocol\bluetooth\lib\EFR32XG13X\GCC\libbluetooth_mesh.a(gatt_client.c.obj)
                              bgapi_gatt_lib.c.obj (symbol from plugin) (gatt_client_init)
F:\MS Embedded Systems\IOT\Practicals\BT Mesh\Central_Device\protocol\bluetooth\lib\EFR32XG13X\GCC\libbluetooth_mesh.a(gatt_db_minimal.c.obj)
                              gap_adv.c.obj (symbol from plugin) (gatt_db_handle_active)
F:\MS Embedded Systems\IOT\Practicals\BT Mesh\Central_Device\protocol\bluetooth\lib\EFR32XG13X\GCC\libbluetooth_mesh.a(gatt_server.c.obj)
                              gatt_db_minimal.c.obj (symbol from plugin) (gatt_server_send_attribute_value_event)
F:\MS Embedded Systems\IOT\Practicals\BT Mesh\Central_Device\protocol\bluetooth\lib\EFR32XG13X\GCC\libbluetooth_mesh.a(gecko_bgapi_dfu.c.obj)
                              ./main.o (symbol from plugin) (gecko_bgapi_class_dfu_init)
F:\MS Embedded Systems\IOT\Practicals\BT Mesh\Central_Device\protocol\bluetooth\lib\EFR32XG13X\GCC\libbluetooth_mesh.a(gecko_bgapi_endpoint.c.obj)
                              ./main.o (symbol from plugin) (gecko_bgapi_class_endpoint_init)
F:\MS Embedded Systems\IOT\Practicals\BT Mesh\Central_Device\protocol\bluetooth\lib\EFR32XG13X\GCC\libbluetooth_mesh.a(gecko_bgapi_flash.c.obj)
                              ./main.o (symbol from plugin) (gecko_bgapi_class_flash_init)
F:\MS Embedded Systems\IOT\Practicals\BT Mesh\Central_Device\protocol\bluetooth\lib\EFR32XG13X\GCC\libbluetooth_mesh.a(gecko_bgapi_gap.c.obj)
[...]
Memory Configuration

Name             Origin             Length             Attributes
FLASH_BOOTLOADER 0x0fe10000         0x00004000         xr
FLASH            0x00000000         0x0007f000         xr
RAM              0x20000000         0x00010000         xrw
*default*        0x00000000         0xffffffff

Linker script and memory map

LOAD h:/simplicity/developer/toolchains/gnu_arm/7.2_2017q4/bin/../lib/gcc/arm-none-eabi/7.2.1/thumb/v7e-m/fpv4-sp/softfp/crti.o
LOAD h:/simplicity/developer/toolchains/gnu_arm/7.2_2017q4/bin/../lib/gcc/arm-none-eabi/7.2.1/thumb/v7e-m/fpv4-sp/softfp/crtbegin.o
LOAD h:/simplicity/developer/toolchains/gnu_arm/7.2_2017q4/bin/../lib/gcc/arm-none-eabi/7.2.1/../../../../arm-none-eabi/lib/thumb/v7e-m/fpv4-sp/softfp/crt0.o
START GROUP
LOAD C:\Users\deepesh\AppData\Local\Temp\cc64Ihvj.ltrans0.ltrans.o
LOAD C:\Users\deepesh\AppData\Local\Temp\cc64Ihvj.ltrans1.ltrans.o
LOAD C:\Users\deepesh\AppData\Local\Temp\cc64Ihvj.ltrans2.ltrans.o
LOAD C:\Users\deepesh\AppData\Local\Temp\cc64Ihvj.ltrans3.ltrans.o
LOAD C:\Users\deepesh\AppData\Local\Temp\cc64Ihvj.ltrans4.ltrans.o
LOAD C:\Users\deepesh\AppData\Local\Temp\cc64Ihvj.ltrans5.ltrans.o
LOAD C:\Users\deepesh\AppData\Local\Temp\cc64Ihvj.ltrans6.ltrans.o
LOAD C:\Users\deepesh\AppData\Local\Temp\cc64Ihvj.ltrans7.ltrans.o
LOAD C:\Users\deepesh\AppData\Local\Temp\cc64Ihvj.ltrans8.ltrans.o
LOAD F:\MS Embedded Systems\IOT\Practicals\BT Mesh\Central_Device\protocol\bluetooth\lib\EFR32XG13X\GCC\libcoex.a
LOAD F:\MS Embedded Systems\IOT\Practicals\BT Mesh\Central_Device\protocol\bluetooth\lib\EFR32XG13X\GCC\binapploader.o
LOAD F:\MS Embedded Systems\IOT\Practicals\BT Mesh\Central_Device\protocol\bluetooth\lib\EFR32XG13X\GCC\libbluetooth_mesh.a
LOAD h:/simplicity/developer/toolchains/gnu_arm/7.2_2017q4/bin/../lib/gcc/arm-none-eabi/7.2.1/../../../../arm-none-eabi/lib/thumb/v7e-m/fpv4-sp/softfp\libm.a
END GROUP
START GROUP
LOAD h:/simplicity/developer/toolchains/gnu_arm/7.2_2017q4/bin/../lib/gcc/arm-none-eabi/7.2.1/thumb/v7e-m/fpv4-sp/softfp\libgcc.a
LOAD h:/simplicity/developer/toolchains/gnu_arm/7.2_2017q4/bin/../lib/gcc/arm-none-eabi/7.2.1/../../../../arm-none-eabi/lib/thumb/v7e-m/fpv4-sp/softfp\libc_nano.a
LOAD h:/simplicity/developer/toolchains/gnu_arm/7.2_2017q4/bin/../lib/gcc/arm-none-eabi/7.2.1/../../../../arm-none-eabi/lib/thumb/v7e-m/fpv4-sp/softfp\libnosys.a
END GROUP
START GROUP
LOAD h:/simplicity/developer/toolchains/gnu_arm/7.2_2017q4/bin/../lib/gcc/arm-none-eabi/7.2.1/thumb/v7e-m/fpv4-sp/softfp\libgcc.a
LOAD h:/simplicity/developer/toolchains/gnu_arm/7.2_2017q4/bin/../lib/gcc/arm-none-eabi/7.2.1/../../../../arm-none-eabi/lib/thumb/v7e-m/fpv4-sp/softfp\libg_nano.a
LOAD h:/simplicity/developer/toolchains/gnu_arm/7.2_2017q4/bin/../lib/gcc/arm-none-eabi/7.2.1/../../../../arm-none-eabi/lib/thumb/v7e-m/fpv4-sp/softfp\libc_nano.a
END GROUP
START GROUP
LOAD h:/simplicity/developer/toolchains/gnu_arm/7.2_2017q4/bin/../lib/gcc/arm-none-eabi/7.2.1/thumb/v7e-m/fpv4-sp/softfp\libgcc.a
LOAD h:/simplicity/developer/toolchains/gnu_arm/7.2_2017q4/bin/../lib/gcc/arm-none-eabi/7.2.1/../../../../arm-none-eabi/lib/thumb/v7e-m/fpv4-sp/softfp\libc_nano.a
END GROUP
LOAD h:/simplicity/developer/toolchains/gnu_arm/7.2_2017q4/bin/../lib/gcc/arm-none-eabi/7.2.1/thumb/v7e-m/fpv4-sp/softfp/crtend.o
LOAD h:/simplicity/developer/toolchains/gnu_arm/7.2_2017q4/bin/../lib/gcc/arm-none-eabi/7.2.1/thumb/v7e-m/fpv4-sp/softfp/crtn.o

.text_bootloader
                0x0fe10000        0x0
 *(.binbootloader*)
                0x0fe10000                . = ALIGN (0x4000)

.text_apploader
                0x00000000     0x8fc0
 *(.binapploader*)
 .binapploader  0x00000000     0x8fc0 F:\MS Embedded Systems\IOT\Practicals\BT Mesh\Central_Device\protocol\bluetooth\lib\EFR32XG13X\GCC\binapploader.o

.text_signature
                0x00008fc0       0x40
                0x00009000                . = ALIGN (0x800)
 *fill*         0x00008fc0       0x40 
                0x00009000                __text_start__ = .

.text_application
                0x00009000    0x31730
 *(.vectors)
 .vectors       0x00009000       0xfc C:\Users\deepesh\AppData\Local\Temp\cc64Ihvj.ltrans8.ltrans.o
                0x00009000                __Vectors
                0x000090fc                __Vectors_End = .
                0x000000fc                __Vectors_Size = (__Vectors_End - __Vectors)
                0x000090fc                __end__ = .
 *(.application_properties)
 .application_properties
                0x000090fc       0x38 C:\Users\deepesh\AppData\Local\Temp\cc64Ihvj.ltrans6.ltrans.o
                0x000090fc                bg_application_properties
 *(.gecko_configuration)
 *(.xo_configuration)
 *(.gatt_header)
 .gatt_header   0x00009134       0x34 C:\Users\deepesh\AppData\Local\Temp\cc64Ihvj.ltrans7.ltrans.o
                0x00009134                bg_gattdb_data
 *(.gatt_data)
 .gatt_data     0x00009168      0x264 C:\Users\deepesh\AppData\Local\Temp\cc64Ihvj.ltrans7.ltrans.o
                0x00009168                bg_gattdb_data_attribute_field_26
                0x00009170                bg_gattdb_data_attribute_field_25
                0x00009186                bg_gattdb_data_attribute_field_24
                0x00009198                bg_gattdb_data_attribute_field_22
                0x000091a0                bg_gattdb_data_attribute_field_21
                0x000091a8                bg_gattdb_data_attribute_field_20
                0x000091b0                bg_gattdb_data_attribute_field_19
                0x000091b8                bg_gattdb_data_attribute_field_18
                0x000091bc                bg_gattdb_data_attribute_field_16
                0x000091c4                bg_gattdb_data_attribute_field_15
                0x000091cc                bg_gattdb_data_attribute_field_14
                0x000091d4                bg_gattdb_data_attribute_field_13
                0x000091dc                bg_gattdb_data_attribute_field_12
                0x000091e0                bg_gattdb_data_attribute_field_11
                0x000091ee                bg_gattdb_data_attribute_field_10
                0x000091f6                bg_gattdb_data_attribute_field_9
                0x000091fa                bg_gattdb_data_attribute_field_8
                0x000091fe                bg_gattdb_data_attribute_field_7
                0x00009208                bg_gattdb_data_attribute_field_6
                0x00009210                bg_gattdb_data_attribute_field_5
                0x00009218                bg_gattdb_data_attribute_field_4
                0x0000921c                bg_gattdb_data_attribute_field_2
                0x00009224                bg_gattdb_data_attribute_field_1
                0x0000922c                bg_gattdb_data_attribute_field_0
                0x00009230                bg_gattdb_data_adv_uuid128_map
                0x00009231                bg_gattdb_data_adv_uuid16_map
                0x00009236                bg_gattdb_data_attributes_dynamic_mapping_map
                0x00009244                bg_gattdb_data_uuidtable_128_map
                0x00009264                bg_gattdb_data_uuidtable_16_map
                0x00009288                bg_gattdb_data_attributes_map
 *(.text*)
 .text          0x000093cc       0x40 h:/simplicity/developer/toolchains/gnu_arm/7.2_2017q4/bin/../lib/gcc/arm-none-eabi/7.2.1/thumb/v7e-m/fpv4-sp/softfp/crtbegin.o
 .text          0x0000940c       0x74 h:/simplicity/developer/toolchains/gnu_arm/7.2_2017q4/bin/../lib/gcc/arm-none-eabi/7.2.1/../../../../arm-none-eabi/lib/thumb/v7e-m/fpv4-sp/softfp/crt0.o
                0x0000940c                _mainCRTStartup
                0x0000940c                _start
 .text          0x00009480     0x5cd0 C:\Users\deepesh\AppData\Local\Temp\cc64Ihvj.ltrans0.ltrans.o
                0x00009500                RAIL_YieldRadio
                0x00009502                PRORTC_IRQHandler
                0x00009514                RFSENSE_IRQHandler
                0x00009516                getMultiTimer.lto_priv.775
                0x0000951a                isMultiTimerExpired.lto_priv.774
                0x0000951e                cancelMultiTimer.lto_priv.772
                0x00009522                isMultiTimerRunning.lto_priv.773
                0x00009526                setMultiTimer.lto_priv.771
                0x00009a9c                sli_bt_cmd_mesh_generic_client_init
                0x00009b68                sli_bt_cmd_mesh_generic_client_set
                0x00009c48                sli_bt_cmd_mesh_generic_client_publish
                0x00009eb0                sli_bt_cmd_mesh_friend_init
                0x00009f8c                sb2b9c601cc46226b5bb2932854316060b0f4ecbc09e3ac85b0759af8fd5e17e5.lto_priv.690
                0x0000a054                s09c27f1dcf1aa2f8cd58408797518d3afd58b33f4e6e6c4b2454fb1500044f00
                0x0000a090                s6511bdaeedecfe11658fc89b4e16b5429bdfd823fd9bc082d860b1649aba5995
                0x0000a0d4                s59dfc794530d0975de1f2f53f94b104bcbf320c923927523ab8443b14be389a0.lto_priv.457
                0x0000a0f4                s1967a7a229d4ae623378a9646807f65cda9f7cf1ffb8836775a7d0099c309343.lto_priv.473
                0x0000a118                sli_bt_cmd_mesh_node_start_unprov_beaconing
                0x0000a360                header_invalid
                0x0000a37e                crc32_calc.lto_priv.456
                0x0000a3ac                find_obj
                0x0000a408                flash_write_u32.lto_priv.781
                0x0000a4c8                erase_db
                0x0000a4f8                TIMING_NsToStimerTickCalc.lto_priv.793
                0x0000a524                TIMING_Recalculate.lto_priv.556
                0x0000a718                SYNTH_DCDCRetimeClkSet
                0x0000a784                SYNTH_RetimeClkConfig
                0x0000a880                SYNTH_LoDivGet
                0x0000a8a0                RTCCSYNC_RTCCClockFreqGet.lto_priv.862
                0x0000b610                store_write
                0x0000b898                sli_bt_cmd_mesh_node_init_oob
                0x0000ce6c                RFRAND_GetRadioEntropy
                0x0000cf6c                s3090f14c3265652bdeef45fd059dd45b630cfd2e384a89d274e91ccf2eee559c.lto_priv.651
 .text.unlikely
                0x0000f150       0xec C:\Users\deepesh\AppData\Local\Temp\cc64Ihvj.ltrans0.ltrans.o
                0x0000f200                s21837a89709527f76a22b50cacde2eeb23f009585933d94c497d12b51fb631f8
 *fill*         0x0000f23c        0x4 
 .text          0x0000f240     0x4c90 C:\Users\deepesh\AppData\Local\Temp\cc64Ihvj.ltrans1.ltrans.o
                0x0000f240                RFHAL_IsTimerRunning
                0x0000f250                RFHAL_IsTimerExpired
                0x0000f26c                RFHAL_GetTimer
                0x0000f2d4                radioConfigChangedDefault.lto_priv.441
                0x0000f3bc                BG_PRORTC_IRQHandler
                0x0000f3ec                ll_task_default_callback.lto_priv.414
                0x0000f718                RFHAL_BLEPreambleSyncWordSet
                0x0000f75c                RFHAL_IsBleLongRangeEnabled
                0x0000f7d4                uuid_to_handle
                0x0000f838                timer_get_time
                0x0000f860                smp_ah
                0x0000f8f0                usch_SendEvent
                0x0000f900                ll_radioTimerExpired.lto_priv.800
                0x0000f918                usch_RemoveTask
                0x0000f948                task_fail.lto_priv.814
                0x0000f950                usch_Schedule
                0x0000fb10                add_task.lto_priv.589
                0x0000fba8                usch_currentTaskRemainingTime
                0x0000fbbc                ubt_pskey_read_callback
                0x0000fbd8                ubt_pskey_write_callback
                0x0000fbf4                ll_scanSetParameters.part.3
                0x0000fc34                ll_scanCheckStop.lto_priv.816
                0x0000fc48                ll_scanNextChannel.lto_priv.817
                0x0000fd30                ll_radioRawToTXPower
                0x0000fdd8                ll_radioTXPowerToRaw
                0x0000fe04                ll_radioLoadPacket
                0x0000fe54                ll_radioGetPacketTimeWithPhy
                0x0000fe78                ll_llcpCommonTimeout.isra.1.lto_priv.813
                0x0000fea8                nvm3_deleteObjects
                0x0000ffe0                BTLE_LLToHCIEventSAP
                0x00010014                ll_to_hci_event_handler.lto_priv.416
                0x00010220                ll_scanCreateConnection
                0x0001043c                ll_llcpLtkReply.part.3
                0x0001049e                ll_startOrQueueProcedure
                0x0001077c                RFHAL_CancelTimer
                0x000107c4                RFHAL_SetTimer
                0x00010af8                RAILInt_SetChannel
                0x00010ea6                ll_radioSetTxPowerRaw.part.0
                0x00010f08                ll_radioConfigurePhy.lto_priv.588
                0x00010fc4                ll_radioConfigureChannel
                0x000110ac                GENERIC_PHY_EventCallback
                0x000112ac                ll_radioReadRxPacketDetails
                0x00011494                ll_radioReadRxPacket
                0x00011714                BTLE_LL_EventRaise
                0x000117c4                ll_connSetLlcpCallback
                0x00011828                ll_connClearLlcpCallback
                0x000118e0                ll_llcpCallbackPhyUpdate
                0x00011942                ll_llcpPhyUpdate_sender.lto_priv.798
                0x00011ab8                ll_radioStop
                0x00011ae8                ll_scanExtEnd
                0x00011bca                ll_radioTxAfterRx
                0x00012026                ll_radioTxSchedule
                0x000120e4                ll_radioTxStart
                0x00012148                ll_radioRxAfterTx
                0x00012270                ll_radioRxSchedule
                0x000122dc                ll_radioRxStart
                0x0001233c                ll_scanTaskPrimaryHandler
                0x000127a8                ll_radioSetMaxTxPower
                0x000127f8                ll_radioSetRfPathCompensation
                0x0001281c                ll_radioInit
                0x00013010                gecko_priority_handle
 .text.unlikely
                0x00013ed0      0x13c C:\Users\deepesh\AppData\Local\Temp\cc64Ihvj.ltrans1.ltrans.o
 .text          0x0001400c     0x5af4 C:\Users\deepesh\AppData\Local\Temp\cc64Ihvj.ltrans2.ltrans.o
                0x00014038                s811283eda8925aa908a29c0fb184c1693eb6e29d68029a5072949c207b4f7cb8.lto_priv.531
                0x00014098                s203c11a0e296da6702f974aa7096ebe966ea61a0ec7b70ba6d359e8bda6a59aa.lto_priv.719
                0x000140fc                s64ec19537b527aa778a6ec009b06ebbe07b609befdc684ca07977921956276c2.lto_priv.718
                0x0001412c                s005973216bcb99fc86eb4ed314903a24bab65fe7bae1a6fa154d0eaba59507a5
                0x0001413c                s4c268cfa430be076f01d3337cf775803e8667b3264b47e79ced2d2262a4a020e
                0x000141aa                bgapi_test_lib_msg_handler
                0x000141f4                sli_bt_cmd_le_gap_bt5_set_adv_parameters
                0x000142c4                sli_bt_cmd_le_gap_set_scan_parameters
                0x00014330                sli_bt_cmd_le_gap_end_procedure
                0x00014378                sli_bt_cmd_le_gap_discover
                0x000143f4                sli_bt_cmd_le_gap_bt5_set_adv_data
                0x00014458                sli_bt_cmd_le_gap_bt5_set_mode
                0x00014754                s3b8af17dc1984bef9dfe136fe6f6903d953c7650b2c9af7638a9d6517266c96a.lto_priv.420
                0x00014860                s49a5aef00ed35d07789c1a79de9e63fc357b634005e3f893e064f4a74e900002.lto_priv.721
                0x00014864                sc1caa8d631e234034408bfda5382abeb136472432d5432eb4abfc0f4c4b28078
                0x00014868                s89514f25042a56d1f6d876f640c2de839850d5baeae349e3d922d77a14be4872
                0x000148dc                s7511782b6bff733265fdc80150f483bb1a5d0f42f56c21cff7ea617278ca4bb0.lto_priv.716
                0x0001490c                mbedtls_mpi_cmp_mpi
                0x0001498c                mbedtls_mpi_cmp_int
                0x000149a6                mbedtls_mpi_cmp_abs
                0x00014a08                mbedtls_mpi_bitlen
                0x00014a48                mbedtls_mpi_lsb
                0x00014a7e                mbedtls_mpi_free
                0x00014aaa                bg_random_get_data
                0x00014b44                s15a8e3b6fcc9da0cc72a5c562b5f743a4f4be5adc234b47cf314c1a381c4b9b4.lto_priv.720
                0x00014bd4                s1e6876ced0d548b56d377ef41dc0f3f0b12b41ce6a9494dc8c35c87e8e3b22d7.lto_priv.722
                0x00014c60                sa36264136eaef7bbdc807fb560b6eda803241d39164a2730557470734ef84f43.lto_priv.723
                0x00014cc8                s8681d0293da3d4e9319e50b9d093b5eed863ee1d4c03d481b4634a636ecc899a.lto_priv.717
                0x00014d1e                bg_pool_free
                0x00014d62                bg_pool_alloc
                0x00014d7c                bg_message_run
                0x00014e0c                bg_message_call
                0x00014e3a                bg_message_remove_receivers
                0x00014e6c                bg_message_send_later_alloc_pool
                0x00014efc                bg_message_send
                0x00014f42                bg_message_cancel_matching
                0x00014f98                bg_malloc
                0x00014fb6                bg_message_add_receiver
                0x00014fda                bg_zalloc
                0x00014ff2                mbedtls_mpi_grow
                0x00015044                mbedtls_mpi_shift_l
                0x000150d2                mbedtls_mpi_lset
                0x000150fa                mbedtls_mpi_shift_r
                0x0001516e                mbedtls_mpi_read_binary
                0x000151da                s3aac575e28da0d7964dad5ad5d6c85d4997f65b29590a405fb0f8c020dbac66b
                0x000152ca                mbedtls_mpi_copy
                0x0001531e                mbedtls_mpi_mul_mpi
                0x00015920                mbedtls_mpi_sub_abs
                0x00015aae                mbedtls_mpi_sub_mpi
                0x00015af4                mbedtls_mpi_add_mpi
                0x00015b38                mbedtls_mpi_shrink
                0x00015ba8                bg_event_raise
                0x00015bd4                bg_event_allocate
                0x00015bfc                bg_bit_popcount
                0x00015c22                att_buf_send
                0x00015c2c                att_send_pdu
                0x00015c38                att_alloc_pdu_copy_data
                0x00015c6e                att_alloc_buf
                0x00015c82                att_alloc_pdu
                0x00015c92                att_send_execute_write_response
                0x00015cac                att_send_write_response
                0x00015cc6                att_send_error_response
                0x00015cec                acl_find_by_addr
                0x00015d1c                acl_find_by_index
                0x00015d34                acl_find_by_hci_handle
                0x00015d4c                acl_release_
                0x00015df0                s0c83dbf80cd6ed3a3e9ae223b4683f746e30fffdf1211b02f02c0492bfee977d
                0x00015f08                sde1a9ba2693b3ad6aac10ee8b861b8b7d7cd04179ce6c38a709765b6792f2330
                0x00015f3c                s6d380183df0b781240090db6d22dec74d362caf943d3f86b6a7a8dec2b7beb1e
                0x00015f98                se27ffd4e335c1b287068f894ab12cd726a9f6a2615712701a687f5fd281d4cff
                0x00015fbe                s209982b582be70cf7990f9b873281f2e890fc861caea8609036859f4f0205138
                0x000160e8                s400811aa0cd11c4cb41e52ce55495c20a1bbba83da63015ee4f93f619f033e7b
                0x00016130                s3af4da5ae226a5fafe91e81ba2c31fb669ea28b51513723d8faa1123a21ee5d1
                0x00016178                s68a2e0afa498fcd2704fb14ae53ceeb80b149f4e726c3ffc6d2123e5cbe977d2.part.1.lto_priv.546
                0x000161a8                sde778c787f98f879fb24013e79bf2879330a17453cb0da1321a8695b37de5995.lto_priv.468
                0x00016204                sa9fa4419e9b98f124930888065baf4e06b65a8189054d093682a52abbff1d8e7.lto_priv.551
                0x00016228                sc96c8ee327dbf4788de6c825351bb9921e20a75bff30be820055db7982e78ac4.lto_priv.544
                0x0001624c                s0954221c1a9f9708187a6b78840c6ef452f586287a276713ec25353eb8f9406a.lto_priv.545
                0x0001627c                sd09e90db062aba7a485b818a8b8292be87b116a80119968fb7e55f47408b4cf8.lto_priv.550
                0x0001633c                sefadbf67c58fb46c289d1ab9c5d80dc12486d7cee315da1c8833f928991bae32
                0x0001636c                s47d58c22dd520fdc4819aa8b4ba43c5e1bd5085d1d507c1ccc868cc96765a39d.lto_priv.542
                0x0001638c                sc2b085198caad59532be00573ea274b95b652e05e20fa402ef9cfc32006f16c5
                0x000163fc                sd781d953cd4f054f4e694d937d5dc29ebbf7f8922d52a3e9252aba27db72d3c9
                0x00016414                sb3ab9401e541618ef9464dc9dc279a39fe8a98408c8627c4657039eaab26f0de
                0x00016458                s8987b89eb8d003cb3c46e146f226893cd7d4dc045215a206c1aa1d49e810f691
                0x00016494                s1050f3816948dec04ec1c09d009193abb842d1939e7d5426d2d4a9c153fa19e4
                0x000164c4                sb0a0e7dcc0aff66940393115d537bebc9e159573c855ec5411edbeb12839bac0
                0x000164e0                se98db4dd27ee87b19a138a390e62f7893fe203dbb85bab88a77cc8b8a614fb8f.lto_priv.548
                0x00016510                s2e706f4c17d4ea23e81bf66fdff240bb90fd55d0186c6d1eda5cbcb22504ad5e.lto_priv.549
                0x000165dc                sfc184ab84ea5e9956e3f0cb94dc3ae7f61c042516f939e8654763716d14a7a81
                0x00016608                s1902c353513a46e4cd63cc1f67ad9b3ed6b03db525594ff1190d66187c988aaa.lto_priv.727
                0x00016664                s31b72b6e17f66a75028f13e3b569068eab7b7f76390102ba2f9865df1577ae62
                0x000166a0                se263be2a0b7c61240fd9e57a89877d3f5530a3065eb9518d2e80626d679449e1
                0x000166dc                s84476a5ffe0e3f078d3c5923082966062475e23dfc77615bda3b57b3a777eb53.lto_priv.532
                0x00016718                sbf2ac1065610d3d5d84bda651927927d88cb7a9e0ca536e5fd8e2941ebe14da2
                0x00016790                se2ac50849b88f78cfc22b491336fffca4e4fd919eda671a79ff653737fdaeee5
                0x00016800                s59fda895212499eb341894a754b6a8799cd070e09c2bea080538c1a9504b52d5
                0x000168f0                s0a1bfc2a0c5d787842e86cdcb14f277dd1cacdc8dd398d0d81fe73935d236f0b
                0x00016908                secc6bf91f48f6e16151fd077159682ea379e98faa6c2e6e80454c04fb3c507d4
                0x00016954                sbd8afb566a1ea086ff1907750150be7937a659173c463521c9436e71ff28a4ae
                0x000169dc                s15c3aa335e4014577105e5f7ac7d6df0d79f2fc33405a5c6dc0a2a3b1c4da159
                0x00016a1c                s187bcaadfa1d4bd2089d46791a381f7ca2a439c4c30cfa85d232cfc3df36bdd9.lto_priv.543
                0x00016aac                sb60ae40d295f456443d07c2a32c37c5a0e63f7321cd92bf5ac322a4d3a78b530
                0x00016af8                s8633ed229e1c84f4429ddba42c890c6191d9c432c0e6a84977fc4264d4c644fc
                0x00016b54                sd9986e35a85516bf26ff6b1218cf202e6f1172c3527907ac829ee61275658a4a
                0x00016ba8                sfc9cd36a1bbb920521ea04ce8c64ab351e3bc801eff8f04e8bc97e393a4dba42
                0x00016bc8                saad99ac0ad18b3524a4f97ecdae7c27474b69cf8f9a5152e1dca53104d5872f6
                0x00016ed4                sccc159e0818bc3416cf5ea5e03b2db05ae2a5f61d3e670403df7b3380971840b
                0x00016f64                s53d65179ce58217b8dbbda4d6a962b325730c74ab87b5d6e6462a55cdc28bc31
                0x00016f84                s7d71c9802e3958162b5fdd55fa253c867fa29d2fb4c4ba23cdcbc795d5c42be2
                0x00016fd8                s4e7adfb85a0516b47aa7b4d1a2c14f2ebff439c70cb5c934109625c077ca51a3.lto_priv.541
                0x00017024                sfba4a69959f432b6a16997869735d5345a408c9f4f869c7678226c11563073aa.lto_priv.736
                0x00017118                s2d25e67a1dff175339e8a52a5bfc7f39aefdd0e3e7af7e01f51a5a6470bd83cf
                0x00017234                s18ca20e6edd7b1dafa111ed259e869b324c456749ccf13e15a084847d5bff424
                0x00017330                s90457651413029d1b805c9791502f80dad2bc331f03b9db5ed195366407d1399.lto_priv.739
                0x00017394                sa9857b5d797c92bedc6af155e7303a2b28fe0c67080bd8d007b028484be03fe0
                0x000173c4                s97883586fbc16cac6a15bf423cb4894369f84caca35876f6be3e2698e78f4cb8
                0x000173f4                sefcf855296e3ebeb40461302ec77153dbc14d8b7343459d104494c055f36f37a
                0x00017470                sc0bbe4f47f33af52dada84dab2be3fc53ee775c69299aff02a8271f1c942b4fb.lto_priv.732
                0x000174a0                sdae12e034c336a2007efc5ff5da68577c816387d0e5e9ac4bc409b4dd2ae493f
                0x00017538                s6595fbcfaef90445a8a7fe8b1058808e3c4bf4a91e1235f3abbf289f9d80551a
                0x00017564                s0c6bfff49a261ea18faf7e5beb1c85f478315014f2a74981dcb05064c886f467
                0x00017774                sb241fa3dc15733d9775993c7589cc8f49674c5d5f760c34ca1a2b79b81ba1023.lto_priv.480
                0x000177ec                sa9cdbf1c2f0abaddb8437928276edfa6a082ed7bc09c9a43fb34626888d3f8bb.lto_priv.418
                0x00017854                sf9d43ee24c22e4a0d791e151797a50e128102eddd2b65ba04e8e198c7ad606ec.part.1
                0x000178e4                s5eaf0a4d55384ca30b34cc0178a6627cd3fe69363781b6501a2ed94a913b41b8
                0x0001794c                s0e4204c9985a631fef91cc925f3a985694db1a47c33f068b6c9649e9844a699b
                0x00017968                s3203fca0711eb4bb0e37e1b5de1351d8a1e0d233ce6341ea972f92c06fe48f3e
                0x00017afc                sfea6553aadd267fc80fdfe1303406cd6927524d8ca67cc4f9a6cd69da8da5d70
                0x00017c4c                sc0b927b5dab52591298ea90e5bafc5313839b5ed12b0d58d571261e45a9b3b28
                0x00017d0a                s033743affbe89c62aec89e2ef002f98eda2e968afa369e1474fb9500aad6eb05
                0x00017d40                sf0565216273da3f4f72c20fec26d2e0647b3b064af3e75fbb354b3fef1f61a80
                0x00017daa                sf365a46675558c2f81c154bfd91549a0b25271febea7a3335ac1aa340784dcfd
                0x00017e10                s947f6669e09c6036614206fb2c14e49b1ae9d094fa52d588c71a512d123143d2
                0x00017fac                s1e8e801ca7427338dc34d3e97947e5bfe3d14495fcb70cb319c4b8281406ab6e
                0x0001813e                sfccfa04b675878208b0bdd7c5ae9bb6285224f7f9545ce4640a144450783d728
                0x00018228                s8cd01b457a5b70765d659e3b0eb35c23f704299ba5a79083d3a1375f55e3b885
                0x00018438                s7a2ef2cf9caf09b2e7bf287f1aab8a6e6825474a67084bfad2c92beb912ebc6a
                0x00018480                sb01c0c6b5f7fad080c3b853b80a384592a7c04f998589695044f39b9dd8cc496
                0x00018528                sbdab0a659a16ba137b7d899db62f0b250227ca35db821e3eae0ad86b6f52ca17
                0x000185fc                sdae43e33b155587c01dcd99a12efa714bd1bea37c2e312cdcf6f5d3015940365
                0x00018754                s71ef9039c4f0980b7703ce018af82d8ee850b8e5ea3e323100ec94940da324e0.lto_priv.419
                0x00018a0c                s0bf263814e8bf4e1110c8681e3324ae8f04bd13d39bdd85f6ca1eac5cae2ab1e
                0x00018a7c                s52a958eed992c5285bed4345ee3d727bb229196b3be3728a0283b14bea5bbfac
 .text.unlikely
                0x00019b00      0x2e8 C:\Users\deepesh\AppData\Local\Temp\cc64Ihvj.ltrans2.ltrans.o
                0x00019b00                mbedtls_mpi_safe_cond_assign
                0x00019b68                s8cd570e7c4ed3e3540ac5c675077a70067e7bf80be7cabc7685a7c7bb44dff1b.part.3.lto_priv.553
                0x00019bcc                sd9038c93eed87bddb38a63c2f0e6d0e0c9a54e9ebc8659ec70537589ba45d407.lto_priv.552
                0x00019c00                s0408690682cb3436f632c42469ecba5306b402f1c8e9aadd9e11b01bd77b1201
                0x00019c4a                s113e2670c561fa1b518d06d7a71031984f646f284cc10f4d51f7b7cb1b8d3f20.part.11
                0x00019c62                sd9e94f8fc36e83d2d2b276da826a5a682079ce5f587c74329cc207f253f1f473
                0x00019cac                s3033267058558a9277cf69c7eeac6de89f91399fd2564e66cdfa2e0f949820b8.lto_priv.861
                0x00019ce2                sd589b776b3f7a27d2ad9980e25f89155292f3d2d0184175f503e08437ef8f345.lto_priv.547
                0x00019d24                s5df900385b51eb670f368b1ea2c786b3a6dc6727b4c5c9fb538f07fb23ed7df6
 .text          0x00019de8     0x50b0 C:\Users\deepesh\AppData\Local\Temp\cc64Ihvj.ltrans3.ltrans.o
                0x00019e56                bg_pre_sleep
                0x00019e58                bg_post_wakeup
                0x00019f3c                gecko_init_alloc
                0x0001a0c8                ll_llcpCallbackConnectionUpdatePreListen.lto_priv.751
                0x0001a108                ll_llcpCallbackChannelMapUpdate.lto_priv.750
                0x0001a17e                ll_bgbuf_callback.lto_priv.415
                0x0001a338                ll_connAbortLlcp
                0x0001a364                ll_llcpCallbackEncryption.lto_priv.749
                0x0001a3c8                ll_llcpFeatureExchange
                0x0001a404                ll_llcpSend
                0x0001a50c                ll_llcpUpdateChannelMap_sender.lto_priv.564
                0x0001a624                ll_llcpSendReject
                0x0001a660                ll_hciSendHCIEvent
                0x0001a66c                ll_hciSendAdvSetTerminated.part.3
                0x0001a6a6                ll_hciSendEncryptionChange
                0x0001a6d6                ll_hciSendLeConnectionComplete
                0x0001a750                hci_command_alloc
                0x0001a77e                hci_state_listener
                0x0001a7b0                hci_increase_token.lto_priv.454
                0x0001a7c2                handle_bgapi_output.lto_priv.555
                0x0001a838                sli_bt_cmd_handler_delegate
                0x0001a888                user_signal_message_handler.lto_priv.412
                0x0001a8b4                gatt_db_find_attribute_by_type
                0x0001a8ec                gatt_db_get_16bit_char_handle
                0x0001a912                gatt_db_user_value
                0x0001a930                gatt_db_get_char_properties
                0x0001a974                gatt_db_handle_active
                0x0001a9a4                gatt_db_get_data
                0x0001aa48                gatt_db_find_by_type_value
                0x0001ac00                send_notification.lto_priv.859
                0x0001acba                gatt_get_next_connection
                0x0001ace0                gatt_server_report_gattdb_change
                0x0001ad74                use_legacy_advertising.lto_priv.594
                0x0001adaa                check_private_address_and_timer
                0x0001ae78                gecko_stack_update_callback
                0x0001ae88                set_ctune
                0x0001af14                gecko_external_signal
                0x0001af2c                bgbuf_chain_defragment
                0x0001afb8                bgbuf_chain_drop_end
                0x0001affa                bgbuf_chain_drop
                0x0001b028                bgbuf_chain_add
                0x0001b03c                bgbuf_chain_len
                0x0001b050                bgbuf_prepend_no_alloc
                0x0001b090                bgbuf_prepend
                0x0001b0b4                bgbuf_chain_pop_packet
                0x0001b0da                bgbuf_chain_free
                0x0001b128                gatt_db_set_data
                0x0001b2b4                finish_execute_write_req.lto_priv.860
                0x0001b674                cache_adv_scan_packet.lto_priv.592
                0x0001b694                bgbuf_append_data
                0x0001b6b8                bgbuf_chain_append_data
                0x0001b71c                bgbuf_chain_append_byte.lto_priv.597.lto_priv.599
                0x0001b71c                bgbuf_chain_append_byte.lto_priv.596.lto_priv.598
                0x0001b732                gap_adv_add_name.lto_priv.593
                0x0001b7d0                gap_adv_add_attribute.lto_priv.595
                0x0001b86e                ll_llcpLinkLost
                0x0001b9a4                ll_llcpSendLengthReq
                0x0001ba48                ll_llcpHandleFeatureReq.lto_priv.788
                0x0001baa4                ll_llcpHandlePacketCommon
                0x0001bdc4                ll_hciSendNumberOfCompletedPackets
                0x0001be70                ll_hciHandleCommand
                0x0001cfb8                hci_send_acl
                0x0001d0f4                l2cap_message_handler
                0x0001d128                l2cap_send_fixed_channel
                0x0001d16a                hci_send_command
                0x0001d268                hci_close_acl
                0x0001d344                gap_adv_update
                0x0001d5a4                ubt_gap_set_adv_data
                0x0001ebd0                gap_scan_update
                0x0001ecd0                gap_listener
 .text.unlikely
                0x0001ee98      0x394 C:\Users\deepesh\AppData\Local\Temp\cc64Ihvj.ltrans3.ltrans.o
 .text          0x0001f22c     0x52f0 C:\Users\deepesh\AppData\Local\Temp\cc64Ihvj.ltrans4.ltrans.o
                0x0001f22c                GENERIC_PHY_RxOverflowHook.lto_priv.759
                0x0001f4f8                ll_dtmTaskHandler
                0x0001fa58                ecp_mod_p256.lto_priv.417
                0x0001ff36                ccm_ctx_alloc.lto_priv.450
                0x0001ff4e                ccm_aes_setkey_wrap.lto_priv.449
                0x0001ff52                ccm_ctx_free.lto_priv.451
                0x000202fa                GENERIC_PHY_SeqAtomicLock
                0x00020338                GENERIC_PHY_PacketTxCommon
                0x00020378                BUFC_WriteBuffer
                0x00020424                ll_linkGetWindowWidening
                0x00020478                ll_connEncDataToBuffer
                0x000204a0                ll_connEncBufferToData
                0x000204cc                ll_connValidateParams
                0x00020506                ll_connUpdateMaxPacketLengths
                0x00020574                ll_connGetHandleByConn
                0x000205a0                ll_connGetByHandle
                0x000205c8                bg_bit_clr_exclusive.lto_priv.567.lto_priv.797
                0x000205c8                bg_bit_clr_exclusive.lto_priv.571.lto_priv.787
                0x000205c8                bg_bit_clr_exclusive.lto_priv.572.lto_priv.784
                0x000205c8                bg_bit_clr_exclusive.lto_priv.570.lto_priv.791
                0x000205c8                bg_bit_clr_exclusive.lto_priv.569.lto_priv.789
                0x000205c8                bg_bit_clr_exclusive.lto_priv.568.lto_priv.786
                0x000205da                bg_bit_set_exclusive.lto_priv.576.lto_priv.792
                0x000205da                bg_bit_set_exclusive.lto_priv.575.lto_priv.794
                0x000205da                bg_bit_set_exclusive.lto_priv.573.lto_priv.666
                0x000205da                bg_bit_set_exclusive.lto_priv.577.lto_priv.783
                0x000205da                bg_bit_set_exclusive.lto_priv.578.lto_priv.641
                0x000205da                bg_bit_set_exclusive.lto_priv.580.lto_priv.785
                0x000205da                bg_bit_set_exclusive.lto_priv.574.lto_priv.796
                0x000205ea                ll_connEncryptionConnectionInit
                0x00020620                ll_connRaiseEvents
                0x00020c54                ll_channelmapUpdate
                0x00020cce                ll_connInitNew
                0x00020eb0                ll_channelmapUsedChannels
                0x00020ed8                ll_channelmapGetChannelMap
                0x00020ef0                ll_connUpdatedChannelClassification
                0x00020f58                ll_advExtUpdateChannelMap
                0x00020f78                ll_advGetByHandle
                0x00020fc0                adv_getRadioPhy.lto_priv.818
                0x00020fc0                scan_getRadioPhy.lto_priv.790
                0x00020fd4                ubt_gap_set_le_mode
                0x00021418                mbedtls_ecp_point_free.part.8
                0x00021434                mbedtls_ecp_point_init.part.5
                0x0002144c                ecp_modp.lto_priv.479
                0x000214d4                mbedtls_ecp_check_pubkey
                0x00021668                mbedtls_ecp_copy
                0x00021694                mbedtls_ecp_point_free
                0x0002169a                crypto_management_release
                0x000216d0                mbedtls_aes_init.part.3
                0x000216d8                aes_ctx_free.lto_priv.448
                0x000216ec                aes_ctx_alloc.lto_priv.447
                0x00021700                mbedtls_aes_setkey_enc
                0x0002173c                aes_setkey_enc_wrap.lto_priv.445
                0x0002173e                mbedtls_cipher_update
                0x000217e0                mbedtls_cipher_cmac_update
                0x000218a8                mbedtls_cipher_setup
                0x000218dc                bondingdb_handle_valid.lto_priv.782
                0x00021900                ubt_sm_get_bond_data
                0x00021930                ubt_sm_set_bond_data
                0x0002195e                set_change_awareness
                0x00021978                set_client_features
                0x000219b6                ll_connFree
                0x00021a0c                ll_advTaskStopHandle
                0x00021cf4                ll_advExtTaskHandlerWaitTx
                0x00021f50                ll_advTaskHandlerWaitTx
                0x00022074                ll_connAlloc
                0x000220d0                ll_advUpdateMaxEventLength
                0x000221d0                GENERIC_PHY_EnableRadioIrqs.lto_priv.777
                0x00022204                GENERIC_PHY_DisableRadioIrqs.lto_priv.779
                0x000222bc                GENERIC_PHY_ConfigureInterrupts.lto_priv.778
                0x0002244c                GENERIC_PHY_ClearPendedRxWindowEnd.lto_priv.558
                0x00022468                GENERIC_PHY_CheckPendedRxWindowEnd.lto_priv.557
                0x000224b0                BUFC_RxBufferReset
                0x00022504                RADIO_RACRxAbort.lto_priv.455
                0x0002253c                FRC_IRQHandler
                0x00022c78                GENERIC_PHY_RadioIdle
                0x00022dec                crypto_management_release_preemption
                0x00023240                ll_connSendData
                0x000233e8                ll_connEnableDataFlow
                0x0002340e                ll_connEncryptionFail
                0x0002345e                mbedtls_aes_crypt_ctr
                0x00023604                aes_crypt_ctr_wrap.lto_priv.444
                0x00023606                mbedtls_aes_crypt_ecb
                0x000236ac                ll_connEncryptionSetSessionKey
                0x00023744                aes_crypt_ecb_wrap.lto_priv.443
                0x00023746                aes_setkey_dec_wrap.lto_priv.446
                0x000237f4                ecp_double_jac.lto_priv.476
                0x00023dce                ecp_add_mixed.lto_priv.478
                0x00024380                mbedtls_ecp_group_free
                0x000243de                mbedtls_cipher_cmac_finish
                0x000244ec                mbedtls_cipher_free
 .text.unlikely
                0x0002451c      0x8cc C:\Users\deepesh\AppData\Local\Temp\cc64Ihvj.ltrans4.ltrans.o
                0x000248b6                fill_buffer_byte.lto_priv.815
                0x000248dc                ecp_safe_invert_jac.lto_priv.474
                0x00024924                ecp_normalize_jac.lto_priv.475
                0x000249f2                ecp_normalize_jac_many.lto_priv.477
 .text          0x00024de8     0x5330 C:\Users\deepesh\AppData\Local\Temp\cc64Ihvj.ltrans5.ltrans.o
                0x00024e2a                sba37ae8601690b0896cea959395272b96624ac4b5aad20973574360601a0ed90.lto_priv.702
                0x00024e54                s44ebc822c20598f288a917f3bd72f1008d423805491578c4af9200167dec1655
                0x00024ef4                s81464a2878d09dbd2de6234ce8934184bf5116fd04efc613284ea48a9619bc39.lto_priv.709
                0x00024f84                s3b12f72c86808517df0a3d6331892da2d66b8e9bbaa06d12ff26d860074fcf07.lto_priv.708
                0x00025014                sc533058bf47a8cdb1c2bd08ac2ccfa005925b95915c7feb5c92fc40e16ae2dd0
                0x00025016                s195bd06d3d7dced800230fa572adb64d223a3b6c1382fc621c40b28a20ce051a
                0x00025018                s8d64c438403c36792474ee14f02ef44de28731e5538b6b61deb7027fb9f1213d
                0x0002501a                sd5699aef6084a290996ea955f957a57987e3c370445af2997004bdc2778afabc
                0x0002501c                s2ae6d5f70ead843e752f37b0ab2b8bd6029fcafbd92516271cf81c89ccf34574
                0x0002501e                sca6b944d97bd8e437696a6bdbf8b1a2fbfbd6b175986bdd2f7107d9ccfc49791
                0x00025020                scadac62caad1a5d40102505cfbb2a19a3f029dac1f04a1735fad62916e1cc1fa
                0x00025022                s1cd7cde67471ba6cf9414371ab606bf222b7affcbd1724981d662222dffaea86
                0x00025024                s022dfbeed394e9c9c6835d30619ba5da6546e41f4000dd5f010303deb5f89703
                0x00025026                s6e790e4389aaf46aab77b6ee048f85f694d1bb0f5dfae966461622fa1912d45f
                0x0002514a                s0f162da1e6a3decc61507ebe76a98a73dbc69631290d76a2cd0d8030911e07bc
                0x00025430                s9de2d04aceb57da7832415dc572ff12ee17c2ef0d1a7d803dad8449d8300e8df
                0x00025432                sef1316e1438ae2cf117c40ca6556dc740ddd34034083b129a49abc7f7a4a9153
                0x00025434                s5519abc2b89ababc4364a73ca9bf14192bbaf331bb8f600cb502ad89d69dc189
                0x00025436                sbf8dd28a6c6118d55cabd21f14cccd4b50441e6dcf23046d431300eda4b6b36b
                0x00025438                s890fcd60767f256ee5b13f44afc14bb3ab7d1bdd6e247bccd10b99b1568ec506
                0x0002543a                s0a2382009035cc61f3ea65bab00791d9224b6d545564a39cd5476eb181d5decf
                0x0002543c                s44e3124870589b009fc28e44b31cd745f6481542fa286e8583deb621c9b197f1
                0x0002543e                s2213f5792ea4e59af1a2801e7bf4d0c3ab5b7b458e895d2e246136479051afe8
                0x00025440                s97ae481bbade53fbeed96d22e388a13ab7b6a53bef24a58b595033911f65dfa6
                0x00025442                s7cce00725c17b5fa1f05023056c2620e6835260ee6e5dc93f877728d46fc6e96
                0x00025570                sf36d8d780fc95f18233d37fe7ff1d263ff5779c7cbee229dc67fa00d04dcf0aa
                0x0002561c                s8afa8bd57a010aaa072e78cbb63f2f498a52b945ba2ab92e73978fbb5a72aff7
                0x00025688                s142612325e982800554450aa041378f4a8504d71b5dd193dd4a126296bae52a1
                0x000256c0                bgbuf_copy_to
                0x000256c0                s3c8561c978fd97690e535f33470c7a4cae732740e95669ae53f051876cf36cf6
                0x00025f78                s1c8bb5f1550650306aab296e8862df91c69b6ffa3e6906f99102c7b26fc89414.lto_priv.469
                0x00025fcc                sc590a76df500be8234c3d77551d13e28eeb4ef80aabe09db0f298a454b02ebbe
                0x00026018                s34fbf48579147efba8ae800ebb75fe70c3b70da86ede68139bcfdd890a68d444.lto_priv.735
                0x000260d4                s8ffef0133d5613253e7e0567e97b30153af77c2141c0407b01761924780a068d.lto_priv.661
                0x0002613c                s217a21a7a8f3f1091596dbf4f08a61fd3c16462ef6f203ac78993ce8701dc5dd
                0x00026154                sc15e72523a4fff591eb1c022dda22a453478a0af2d8130b937420b069e3b7fb1
                0x00026170                sd8a21cfa0a7aa956f6c22fc1950b44e920a03eec22249fc0b05680e2c5b406e9
                0x00026188                s1ee9b56ab38b39eefe77c768c6fb6fddfac9d7e905cc009948dce405026bda2a
                0x000261a0                s6b4a66804b530be593856a80fda3e0bac1d1b8b10bddd83f414b0f4d11613e4b
                0x000261cc                s3cb1c8dd3f7c829253122ff899ba548bdaf5fe0deaf2259ebffffaaece25a563.lto_priv.652
                0x00026284                s7ae258203eebfbaaaaaa28f4a7f0e29f3444686b97ed7d00e4196a644b70ff9b.lto_priv.729
                0x000262a4                sd77738b41f860799fd52f2514eb6f59f3efc0192ddfd7b83755c1bf4311d15ed.lto_priv.730
                0x000262c0                se056d6ad4bc905c0d7e7668c45efc58a601a7f9acbc82512b49f4a00da725978.lto_priv.728
                0x000262d0                sb7363b9be572e36de0710513bade175b535417dd45fb4477e006a11698462f0b
                0x000262e2                s3bddd3dfd10149a614ea0bb8a32dd855247236b7e1c6b3879a72ead78e0f2895
                0x000263dc                sdda070b8da2cc650e6b612d06086f07a5f551cde83db6f459a25f7e4ac860118
                0x000264dc                sc22d564d97794cc78e3748e475370d7932794c538198102e07d388bfc30eed3c
                0x00026510                scf693e2c0b279b154d67dd44d9403714592aefeeb7b25ed901c1737727362cc5
                0x00026560                s7363c4a1809b88f585f1a98af055457294968d3f2103b534d684d54ef15926d8.lto_priv.646
                0x000265d6                s152355094cfade3d783d1516d9e2dc87f4fe7f56ca9590becd12b3e93603400b.lto_priv.669.lto_priv.733
                0x000265d6                s152355094cfade3d783d1516d9e2dc87f4fe7f56ca9590becd12b3e93603400b.lto_priv.670.lto_priv.737
                0x000265dc                s8169a3e0e65baf978ae3316024359b37b6bf4730a501b2068e4200dcb56f6639
                0x00026860                scf4af741e157394c998479cb003d5cf203c5198b2e65a822cfffac72047d77b6.lto_priv.554
                0x000268a8                s55f4ce9f868bcae5747a03eb64c57f53992a4b1c06e24b47225984de0a87da06.lto_priv.734
                0x000268f0                sa03d0b469bac1de825e65e5240dff1e6682267dbae50d14bf525c5f838fb31fa
                0x000269f4                _mesh_foundation_send_byte_array_impl
                0x00026c1c                s5a9ea35d33bf4ab8bcc7b6e7fcb5fcbcbf57fec60faa44fcbcca7ecee176e1a9
                0x00026c92                sc4c6a823f842d1814601d4202e4663eec22f1c956512ebca334bacebd269355b.lto_priv.540
                0x00026cb0                s7106f745c102199fe27f21960295fdb4457a22b491cfa616eb470481f7a9fe98.lto_priv.731
                0x00026eec                s9f68a26d035d1f514a015a273071c91891899c1e9d01919edc19081ead2e6093.lto_priv.654
                0x00026f0c                sc1ba439c94aa9693f7b611877a2f066f5e83b256029e30df009fc20d45c324a3.lto_priv.628
                0x0002708c                s2bd23c8fceacb806d93b517200516653f75b899c45b63f4c5072c942834cc226
                0x000270b6                s4942a71b887c9604bea622a56e8b8e7c6834c4b6cd7a90bc47610d8ff0b93624
                0x000270c4                s4486de96d7f76e2a57775d4e0eb83bdaf4745d1d303f0d4421d3c0b20a527fcc.lto_priv.672.lto_priv.738
                0x000270d4                s4fdd739175590387efed4a3fce66a1bca4f17b519a444ac1b9e275fe54fae31a
                0x000270f0                s79558a2aefdf9c28e56d0fab6e02360b174da1e51d40a35761c4d4f3855183b9
                0x00027114                s88e74df6d693c3d7072d1fe7fe4d86667f9069cbeff5f446a6304df81426420e
                0x000272cc                s3277fbf5ab0c15a80b6b614e5aa3e78205fc99258e41a17ccc003a0c86a182cf.lto_priv.701
                0x0002746c                s9d53c1a2ffea051bd6441e519f88905446467a57e789caff4796045f80852b69
                0x00027498                sa4a3dd4d9c89d330f1ed88b0ab06f5ce086e9510afbb612cc8bcfb63dcee141b
                0x000279e8                sd197966131b96fedbbe10724ff77a88880847d9dd59b96f5a4210833cd3175e0.lto_priv.703
                0x000283fc                s815b4ab54b5d66d4f4c099599897597aab9547f6f150416983323418fbcfcd63.lto_priv.726
                0x00028594                sb4abdc41eb49b8e076241efa49704a180ff0e0d6e8eaefdba762fb55a4ac2ca3
                0x0002865c                scfc0e2e1128071105522c23c9451e1bb2465ed08baa33cf1d9181b1d53169813
                0x000286aa                s449e7a51a7e703ed2efe63cbb5046a7a7e9db7e8d0813ad844005c51e298a967
                0x0002870c                s48513b360ea7300b262e06734521d6d41ede06d8596657e7bd86f44506c097d1.lto_priv.710
                0x00028d50                sdf47c9e324a5222f56ae184e90d9afb14c827d98f884492480980fa3f559625a
                0x00028e38                sd0a94330b4a104a8b342e6aa42697660429b35303c23dc8cbf35eebd6849be4b
                0x00028ef8                sb4cbcfb27a049a42f8c328b3b32e31225fa58acd8fa1fbd156c1086204d42f54
                0x00028f70                s35bed3c56b3ca4cc05d9098a1afc153257cd2c4289ba2a70a13a786ebf9c225a
                0x00028fdc                scce964ede00a122913c7caa0b1fb8fcbb6498fda16b841d84f18f76fe794b8c9
                0x00029294                s776b64871e16c5fe4fd0ce9b7c158901e9ee87f3d75d954796a56d0090cebfc3.lto_priv.659
                0x00029438                s2d7c2b66b296b20695246b9d12c06f5f15430c75a64577e2ffbb4ab7fd07562a
                0x00029464                s7dd37f975cb4ea4a55a3390f89eac6ce4072985cee4b23787bd88f2083502aa2
                0x000294f0                sb5e3f4eb369f16c4402c3b1112765b69eb90375593ae58bc3f93192c54da5e3f
                0x0002955c                scb28c1f42ed39204eaf76b33514208eb84e19d5454a84bc9ef7bbc97bb22b3ec
                0x000297a4                se2dfec209fa446700a33541d6c1bb13dfaa01e1e866573701ba5f9140c7a7c00.lto_priv.649
                0x000298d4                s76cb0009c38d97748c40fb80af8eb69e087d975dcb9e945047195ce1b5cf8e07
                0x00029bf8                s5cbf039156296d6c2bb8d0c0604e837c75f1723762aba8a1c8166c00fa15a638
                0x00029d64                s5684044cf5175a8b740cd2961a53a120b7e3f5ed816134bb06f946cf9d956db9
 .text.unlikely
                0x0002a118      0x2f4 C:\Users\deepesh\AppData\Local\Temp\cc64Ihvj.ltrans5.ltrans.o
                0x0002a118                s262d060773e899a6be2dace8de0c67edeba542acbdb5ed7bfef1868a039bafd4
                0x0002a1b8                s61fa9467253c29a9338eb58eb8c5b76571e4a1d231c64732156dc5c669825e2c
                0x0002a214                sb1bc03e4d3c109dc962987dfcd910a0c7c00d1c755a9367d94b92928f21f161b
                0x0002a25e                s35cb1658b1849af7e6f5595ed9d54ca080a066cf5bec33ae3c3be1271fae72eb
                0x0002a2b0                s1a8ee2bcac1599feb58e1b1ed33e45a95bd03febd32de637684d473d3eae735c.lto_priv.724
                0x0002a304                seec249431fcb9d5d5ea133fee50277659005ff96792d0f1161e15cb24ac3da5c.lto_priv.725
                0x0002a3a0                s0c051ca4cd653994c4bdbefc91d4a2de441889bfd6d8701556b78812eeb7d5ce
 .text          0x0002a40c     0x2560 C:\Users\deepesh\AppData\Local\Temp\cc64Ihvj.ltrans6.ltrans.o
                0x0002a7bc                sleepCallbackWrapper.lto_priv.413
                0x0002a7f8                USART0_RX_IRQHandler
                0x0002a9dc                I2C0_IRQHandler
                0x0002a9dc                WDOG1_IRQHandler
                0x0002a9dc                MemManage_Handler
                0x0002a9dc                LEUART0_IRQHandler
                0x0002a9dc                CSEN_IRQHandler
                0x0002a9dc                LETIMER0_IRQHandler
                0x0002a9dc                TIMER0_IRQHandler
                0x0002a9dc                TIMER1_IRQHandler
                0x0002a9dc                USART2_RX_IRQHandler
                0x0002a9dc                NMI_Handler
                0x0002a9dc                CMU_IRQHandler
                0x0002a9dc                CRYPTO1_IRQHandler
                0x0002a9dc                SysTick_Handler
                0x0002a9dc                SMU_IRQHandler
                0x0002a9dc                IDAC0_IRQHandler
                0x0002a9dc                RTCC_IRQHandler
                0x0002a9dc                USART0_TX_IRQHandler
                0x0002a9dc                USART2_TX_IRQHandler
                0x0002a9dc                ACMP0_IRQHandler
                0x0002a9dc                TRNG0_IRQHandler
                0x0002a9dc                USART1_TX_IRQHandler
                0x0002a9dc                Default_Handler
                0x0002a9dc                MSC_IRQHandler
                0x0002a9dc                PCNT0_IRQHandler
                0x0002a9dc                WTIMER0_IRQHandler
                0x0002a9dc                UsageFault_Handler
                0x0002a9dc                ADC0_IRQHandler
                0x0002a9dc                SVC_Handler
                0x0002a9dc                WDOG0_IRQHandler
                0x0002a9dc                I2C1_IRQHandler
                0x0002a9dc                LESENSE_IRQHandler
                0x0002a9dc                LDMA_IRQHandler
                0x0002a9dc                DebugMon_Handler
                0x0002a9dc                PendSV_Handler
                0x0002a9dc                BusFault_Handler
                0x0002a9dc                HardFault_Handler
                0x0002a9dc                CRYOTIMER_IRQHandler
                0x0002a9dc                USART1_RX_IRQHandler
                0x0002a9dc                FPUEH_IRQHandler
                0x0002a9dc                CRYPTO0_IRQHandler
                0x0002a9dc                EMU_IRQHandler
                0x0002a9dc                VDAC0_IRQHandler
                0x0002abf0                sli_bt_cmd_gatt_server_send_characteristic_notification
                0x0002adbc                bgapi_ubt_listener
                0x0002b4ac                GPIO_ODD_IRQHandler
                0x0002b4d0                GPIO_EVEN_IRQHandler
                0x0002b6e4                Reset_Handler
                0x0002b71c                DMD_writeColor.part.2
                0x0002baf4                MSC_Deinit
                0x0002bb08                MSC_Init
                0x0002bb28                EMU_DCDCLnRcoBandSet
                0x0002bb50                EMU_VScaleGet.lto_priv.821
                0x0002bb64                CORE_SetNvicRamTableHandler
                0x0002bb74                CORE_ExitAtomic
                0x0002bb74                CORE_ExitCritical
                0x0002bb7a                bgbuf_free
                0x0002bbf0                bgbuf_alloc_int.lto_priv.452
                0x0002bc8c                bgbuf_clone
                0x0002bcfe                bgbuf_alloc
                0x0002bdd0                CMU_OscillatorEnable
                0x0002bf34                CMU_ClockSelectGet
                0x0002bffc                CMU_ClockEnable
                0x0002c0c8                CMU_UpdateWaitStates
                0x0002c0e4                setHfLeConfig.lto_priv.820
                0x0002c128                SystemHFClockGet
                0x0002c170                EMU_VScaleEM01ByClock
                0x0002c29c                CMU_ClockFreqGet
                0x0002c2e8                CMU_ClockSelectSet
                0x0002c862                _write
                0x0002c8a0                _sbrk
                0x0002c8c4                _read
                0x0002c954                _lseek
                0x0002c958                _isatty
                0x0002c95c                _fstat
                0x0002c966                _exit
                0x0002c968                _close
 .text.startup  0x0002c96c     0x1920 C:\Users\deepesh\AppData\Local\Temp\cc64Ihvj.ltrans6.ltrans.o
                0x0002c96c                main
 .text          0x0002e28c     0x3c4c C:\Users\deepesh\AppData\Local\Temp\cc64Ihvj.ltrans7.ltrans.o
                0x0002e3f8                s5ad1fa4191f3ccb36fb97c2ef6225191588ef0fd75f8cc98a16e688db40d5bfa.lto_priv.533
                0x0002e474                sd69063ac414aa9b182b3715be7c99e550c11a43ab43002cd16895150daad7b64
                0x0002e580                s8c68a0c6bf1cbdbc58c79dbdbfc6b2edeb50a6cbee567808d4d3648f5780572d
                0x0002e5f8                sc49df645112e0087bba00e59c32a79e66f966bcb37e78cbb3bd047b620a0f113
                0x0002e6d0                sbcd8dae26664b2a215c8d4ec6508b9de986ce387e5ac0c61d32ff9eafa46f02e.lto_priv.538
                0x0002e6fc                s4a2a986fd5dd9c8779079d62399c235a2b6ddbb601cb5d5b92cb838b240c2f19.lto_priv.535
                0x0002e72c                s087f70de52ac3dee8ffc614ad91b70511c7d160dcba60f1cb04e5d71c8049996.lto_priv.534
                0x0002e760                sbdec9ad3cd384617597eb97673acfd1f42c77a70767f57c354430d80c2b82071
                0x0002e7e0                sce3ab1eaa7ee027e4a572370dde4aae59fcb8710f9a5aeb9155cb6bd6bec0c2e
                0x0002e86e                graphPrintCenter.constprop.401
                0x0002ea24                PTI_Enable.constprop.387
                0x0002ea70                USART_InitSync.constprop.380
                0x0002eb30                send_level_request.constprop.354
                0x0002ebf8                bgbuf_alloc_copy_data.constprop.352
                0x0002ed1c                ccm_auth_crypt.constprop.347
                0x0002efc8                mbedtls_ccm_setkey.constprop.343
                0x0002f020                s6d39ade7f44649b27cc26f65d9f86fa1ec4cc84e98bf51e9e8cfc9e7988777c2.constprop.336
                0x0002f070                sa6d352c37b4fa930ecbaec9816bb56056daa3d3e7623f8c520936b092a43a476.constprop.327
                0x0002f0c0                bgbuf_alloc_size.constprop.326
                0x0002f0d4                sdc7cbe274a0bd68f48e0a525a58b269c5262196daafddd164cb38663c5344a77.constprop.325
                0x0002f104                gecko_register_bgapi_library.constprop.309
                0x0002f140                hci_le_set_ext_scan_enable.constprop.305
                0x0002f174                nvm3_writeData.constprop.301
                0x0002f190                PA_Config.constprop.290
                0x0002f2c0                nvm3_readData.constprop.287
                0x0002f2f4                RFHAL_ConfigRxOptions.constprop.277
                0x0002f3cc                RFHAL_ResetTxFifo.constprop.268
                0x0002f3f8                hci_command_alloc_bgbuf.constprop.214
                0x0002f44c                swap_endianess.constprop.212
                0x0002f468                bondingdb_find_by_data.part.2.constprop.208
                0x0002f4b8                validate_scanning_phymask.constprop.198
                0x0002f4c8                gatt_set_enabled_caps.constprop.188
                0x0002f578                find_address.constprop.163
                0x0002f5d8                preTxOps.constprop.141
                0x0002f6c0                ll_scanTaskExtCommonHandler.constprop.134
                0x0002f754                gecko_cmd_le_gap_bt5_set_adv_data.constprop.126
                0x0002f7ac                s1111ff367ed81175c48c8adb7f8bb0bb8796a61c1f4772065b2c2f98692b0bfe.constprop.122
                0x0002f7ba                s049e1d01f06c5f833f1916c8aa37af2664c3060cc97b8154e5e981264e5c3cfd.constprop.119
                0x0002f82c                s992c1f8497eff751a815360ace7b41ae6c84e3f304a9140490c2232261d3913d.constprop.114
                0x0002f8f0                sd2a37a3f28df5a67c6c309e951a8328fe164bc27fefa3b4e4abf9ed9d9caa37d.part.4.constprop.101
                0x0002f974                s5a1766c84873223f8dc26b867cf62a40b775da77c003414a2378edf79eb83444.part.3.constprop.99
                0x0002f9e2                s6b6cf546326ecfdaa45b5ab0c9b319f4652a20ac438b1de23d1340ca3be1e31f.constprop.81
                0x0002fa00                s12d6165640c970c592a062daeb924a8ad82661000943aa0e2e8d8bfc7c841cf7.constprop.74
                0x0002fafc                mbedtls_ecp_group_load.constprop.72
                0x0002fb70                mbedtls_mpi_write_binary.constprop.56
                0x0002fbb6                s46dec11741421a29b011731561b6bd9293ef7ee403a2428c8d41fe77d18d302c.constprop.51
                0x0002fc8c                s25fe1f32d256b6f9faa48676081c88e5070b1c5f55116f3efe6fac7281b5352c.constprop.20
                0x0002fcf0                se5695084ddd1adb318f562e7c21b1d3964fdfee9399d146f7c2ab949daf9342b.constprop.13
                0x0002fdd8                ecp_crypto_device_init.isra.0.lto_priv.603
                0x0002fe1c                mbedtls_internal_ecp_grp_capable
                0x0002fe26                ecp_crypto_ddata_write.lto_priv.602
                0x0002fe9c                mpitobigint.lto_priv.606
                0x0002feda                CRYPTO_InstructionSequenceWait.lto_priv.422.lto_priv.601
                0x0002feda                CRYPTO_InstructionSequenceWait.lto_priv.421.lto_priv.616
                0x0002fee2                CRYPTO_DDataRead.lto_priv.427.lto_priv.617
                0x0002fee2                CRYPTO_DDataRead.lto_priv.428.lto_priv.605
                0x0002ff1c                crypto_management_acquire_preemption.constprop.176
                0x00030060                CRYPTO_DDataWrite.lto_priv.430.lto_priv.609
                0x00030060                CRYPTO_DDataWrite.lto_priv.431.lto_priv.604
                0x00030060                CRYPTO_DDataWrite.lto_priv.429.lto_priv.613
                0x00030084                CRYPTO_DData0Write260.lto_priv.423.lto_priv.610
                0x0003009c                CRYPTO_DataReadUnaligned.lto_priv.432.lto_priv.611
                0x0003009c                CRYPTO_DataReadUnaligned.lto_priv.433.lto_priv.590
                0x000300da                CRYPTO_DataWriteUnaligned.lto_priv.435.lto_priv.591
                0x000300da                CRYPTO_DataWriteUnaligned.lto_priv.434.lto_priv.612
                0x0003011e                mbedtls_zeroize.lto_priv.440.lto_priv.539
                0x0003011e                mbedtls_zeroize.lto_priv.438.lto_priv.614
                0x0003011e                mbedtls_zeroize.lto_priv.436.lto_priv.559
                0x0003011e                mbedtls_zeroize.lto_priv.439.lto_priv.608
                0x0003011e                mbedtls_zeroize.lto_priv.437.lto_priv.615
                0x0003012e                mbedtls_ccm_free
                0x00030140                mbedtls_cipher_cmac_starts.constprop.339
                0x00030188                mbedtls_ecp_mul.constprop.58
                0x000305b8                gecko_stack_init.constprop.240
                0x00030f68                ll_advSetData.constprop.171
                0x00030fde                ecp_crypto_ddata_read.lto_priv.600
                0x00031072                crypto_mpi_div_mod.lto_priv.607
                0x0003128c                mbedtls_internal_ecp_normalize_jac
                0x00031378                s958311d77e975b6afb09c253a317568fb99686d6ed7f12efea46b505d98f5d14.constprop.342
                0x00031424                sd906ef5a2b1a3b6d706927e4c9811336532fa5d100dd96643833a07bb9061ee6.constprop.334
                0x000315c0                s39143644810349b74f0af37849af2c7f3c45cd2cff47951227f2f86f0b2e6959.constprop.103
                0x00031676                sab502123964e55aa42c788423fe4aca83448c71c429d539ca270feacd99b8114.constprop.94
                0x00031820                s2c7f8256c21a35c957be583dc5b45f9844e0daca7f8d870e7167cc73e2251152.lto_priv.653
                0x000319d4                see718346e034d96d58e5a80fabd20c59a92b6115337c9b9cfec2ec3d4869dfb8
                0x00031a90                sf8de3044167a266727bd3087aa78703eca05d914a537eb9123555524c11c8890.lto_priv.537
                0x00031b10                s965e05dd09705c2e0e02fbb53c43b72c67dd0c8ea4bd0be2819ad08faf988a7e.lto_priv.536
                0x00031ce0                s35a10c806c834b5f02b759b96a6aa0613573e4cd2d69b753a1162c661a106755.constprop.118
 .text.unlikely
                0x00031ed8       0xb2 C:\Users\deepesh\AppData\Local\Temp\cc64Ihvj.ltrans7.ltrans.o
                0x00031f42                l2cap_send_command_reject.constprop.186
 *fill*         0x00031f8a        0x2 
 .text          0x00031f8c     0x3600 C:\Users\deepesh\AppData\Local\Temp\cc64Ihvj.ltrans8.ltrans.o
                0x00031f8c                s6b11c4dbf57f4499ef547aa6b5ccf650fa164e26a12816576ba960ce5096bf48.lto_priv.442
                0x00031fdc                sfa7d4ced569ec162284f98dec27e7c53b38f9db2735667b2b8dea00e4a363081
                0x000320ec                SYNTH_IRQHandler
                0x000320fc                FRC_PRI_IRQHandler
                0x00032100                MODEM_IRQHandler
                0x00032104                RAC_SEQ_IRQHandler
                0x00032108                PROTIMER_IRQHandler
                0x0003210c                BUFC_IRQHandler
                0x00032110                s57c5640bfee223650e674e78dbd5151760c9d90d8f8237f6f1859df9e8569b27.lto_priv.629
                0x00032120                se70c2aa28d2f59c7577823c670ab2389ad7d7455a3313477adcd39c3bac98240
                0x000321fc                s91d970e5fa6755d762095036b278ea33c9fb46799228c569eaf1a7cc48fabce2
                0x00032244                s7413f59c5c3e6f88b5203a095a4c3fe2381d18309aa7af23e7b20c0681c1e567
                0x00032288                s2c47450d827ee803876a1a82f9a56f0e77721e06937524eb4c062d3b87927f0d.lto_priv.854
                0x0003229a                s0012ba35f380ee8555045e5957615304786d5c55579203bce19b2ddfa68711f7
                0x00032390                s85fec278c5d74e6b9700b5ba82c5744233419731e6d2b1a31bd60fcad1ef632c
                0x000323ac                s394827979bc517d8c3056ed32db702b680b9a4e9c4ffba37e5359ca17d84f0fb
                0x00032598                s72779115b1b07fe678f0d68ddd2c3b732b8d9d0591b9f1ea6615a8f2754843c9
                0x00032638                AGC_IRQHandler
                0x00032684                s7a7660b4e42ffc7178b6ee3d394b9b3f153dfab2816d5cc25a0a94fb491fb79b.lto_priv.484
                0x000326e4                sf76c7740676ad4b729d57b6fb75ee679e37dbe08d3b7483121a75727256f9e5b.lto_priv.485
                0x00032722                s1054add7b737c2e8a1eb5454fa7d500e5da5ca554d4238ec791bfb1eadc21f34.lto_priv.482
                0x00032754                s82671978564b6495334f191e363e3cbca289c131b22d30ffc25c1755db7043f4.lto_priv.481
                0x00032780                s0dc9f3dac3978978783c93d16465792ca693c636ffb19cce20e8809d9cbaf0af.lto_priv.483
                0x000327f8                sd71f0cf7eddd46b6d8ac861f620a55ba20f6f433336a75e89e01978e5e78f4c5.isra.12.lto_priv.465
                0x000327fa                s7605ee873f62bfeb488db1a6fcaa463289294d441dcb665e91461cea0669233e.isra.8.lto_priv.657
                0x000327fc                sd8f89ec1100339a81538c46217710e24913a0ef7e9fb11d872efd8f54d61b5a8.isra.7.lto_priv.655
                0x000327fe                s555e05d96c28502d6d0733c44e1c44652a56e2eba66e844d22bdba7a41206103.lto_priv.645
                0x00032864                sbcb44dbbb4e15915ca392a362af3aa0be96eec60363c5bfb54f719c936b2c4b0.lto_priv.643
                0x00032884                seb5bf1da0c9ed9347cd8bc15e5634dc71718bcd4cab32c48dcb28bea072dc14a
                0x000328b4                s43b667355dd07062fe0261de806a446b9e11c49e03ade53aa00d1d143b39cd91.lto_priv.467
                0x00032904                s1f5aa6f1203ab098ddb83c749573190ebbab63dcccd24d476c32d143c6ee4e13.lto_priv.658
                0x0003293c                s058a35f627504dd2ebcb53ed9c8dd0a2699ae3b3ed9ea263900462988391b489.lto_priv.458
                0x0003293c                s058a35f627504dd2ebcb53ed9c8dd0a2699ae3b3ed9ea263900462988391b489.lto_priv.492.lto_priv.687
                0x0003293c                s058a35f627504dd2ebcb53ed9c8dd0a2699ae3b3ed9ea263900462988391b489.lto_priv.493.lto_priv.679
                0x00032948                s9ff64dc159da670e77c85b13eee3f9cbfaa7038e9c63174821f1d22e366c436c.lto_priv.495.lto_priv.663
                0x00032948                s9ff64dc159da670e77c85b13eee3f9cbfaa7038e9c63174821f1d22e366c436c.lto_priv.496.lto_priv.688
                0x00032948                s9ff64dc159da670e77c85b13eee3f9cbfaa7038e9c63174821f1d22e366c436c.lto_priv.497.lto_priv.680
                0x00032948                s9ff64dc159da670e77c85b13eee3f9cbfaa7038e9c63174821f1d22e366c436c.lto_priv.498.lto_priv.678
                0x00032958                s82dd3ab8003cd2497ba2ed2c0c21b4458767185e45364604942182c9348f9aaa.lto_priv.459.lto_priv.486
                0x00032958                s82dd3ab8003cd2497ba2ed2c0c21b4458767185e45364604942182c9348f9aaa.lto_priv.648
                0x00032958                s82dd3ab8003cd2497ba2ed2c0c21b4458767185e45364604942182c9348f9aaa.lto_priv.460.lto_priv.461
                0x00032966                s9610a5a138da8a33629598358a9ac6e952b2e337f916aa05ee616ccd21fcd676.lto_priv.685
                0x000329d0                scecbc50c9cf28dd98845aa205755e3e4c50ab3cbc03c879de116cb37f4edb289.lto_priv.502.lto_priv.650
                0x000329d0                scecbc50c9cf28dd98845aa205755e3e4c50ab3cbc03c879de116cb37f4edb289.lto_priv.500.lto_priv.667
                0x000329d0                scecbc50c9cf28dd98845aa205755e3e4c50ab3cbc03c879de116cb37f4edb289.lto_priv.501.lto_priv.664
                0x000329da                s05aa84cedcc11cf1c562137c390b3cbb385eae382cb5349ed3cdb9cbe87d95ac
                0x00032a40                s671b6088cd303b07b712b0a1be2aedede858afd9462658e78c0cdbe2d753299a.lto_priv.506.lto_priv.684
                0x00032a40                s671b6088cd303b07b712b0a1be2aedede858afd9462658e78c0cdbe2d753299a.lto_priv.462.lto_priv.487
                0x00032a40                s671b6088cd303b07b712b0a1be2aedede858afd9462658e78c0cdbe2d753299a.lto_priv.505.lto_priv.686
                0x00032a40                s671b6088cd303b07b712b0a1be2aedede858afd9462658e78c0cdbe2d753299a.lto_priv.511.lto_priv.674
                0x00032a40                s671b6088cd303b07b712b0a1be2aedede858afd9462658e78c0cdbe2d753299a.lto_priv.510.lto_priv.675
                0x00032a40                s671b6088cd303b07b712b0a1be2aedede858afd9462658e78c0cdbe2d753299a.lto_priv.503.lto_priv.677
                0x00032a40                s671b6088cd303b07b712b0a1be2aedede858afd9462658e78c0cdbe2d753299a.lto_priv.508.lto_priv.681
                0x00032a40                s671b6088cd303b07b712b0a1be2aedede858afd9462658e78c0cdbe2d753299a.lto_priv.512.lto_priv.647
                0x00032a40                s671b6088cd303b07b712b0a1be2aedede858afd9462658e78c0cdbe2d753299a.lto_priv.509.lto_priv.676
                0x00032a40                s671b6088cd303b07b712b0a1be2aedede858afd9462658e78c0cdbe2d753299a.lto_priv.507.lto_priv.683
                0x00032a40                s671b6088cd303b07b712b0a1be2aedede858afd9462658e78c0cdbe2d753299a.lto_priv.504.lto_priv.689
                0x00032a40                s671b6088cd303b07b712b0a1be2aedede858afd9462658e78c0cdbe2d753299a.lto_priv.463.lto_priv.464
                0x00032a40                s671b6088cd303b07b712b0a1be2aedede858afd9462658e78c0cdbe2d753299a.lto_priv.513.lto_priv.642
                0x00032a64                s21b03dd586d728cd675973bf87cc7df0b94301a77a7148ef41693704498750f5.isra.22.lto_priv.656
                0x00032ba4                swapl.lto_priv.515.lto_priv.644
                0x00032ba4                swapl.lto_priv.514.lto_priv.665
                0x00032c3e                bgbuf_chain_links.lto_priv.516.lto_priv.668
                0x00032c3e                bgbuf_chain_links.lto_priv.519.lto_priv.660
                0x00032c3e                bgbuf_chain_links.lto_priv.517.lto_priv.819
                0x00032c3e                bgbuf_chain_links.lto_priv.518.lto_priv.682
                0x00032c4e                mesh_trans_send_sdu
                0x00032fd4                s1b037843a5798a501b1bf997ec66a5d32c1273f48a95622356b6cfeb2de10fb3
                0x00032ffc                s806233bbd3dc53cce472d676990bebc134264d01b979aade18a51e7c661ab5e4.lto_priv.453
                0x00033044                sbae177fa25566daf82f1d50c5c368d6ef771ae8a26258ae2eb392a54af1cf514
                0x000331da                s0198e9aaf28957347d4660bf7c76298dfdfc28068911f0cfb72e1c7f7b92ce83
                0x000331e6                s4b0768ec1694b4462a50c6a0009d2c968480882bab2f3870f44b96db31289e11.lto_priv.662
                0x00033200                scab1be5017b41f56d14d3fcef52a148bb609efd81dc7cc82de3aa10b50cc8043
                0x00033250                s3cab21e792d54b7541fed56ab1cdc2638fc0c5dfa65136d194a7115f225fe29a
                0x00033268                s1c191b5248f708c675e993605301d9ca96e7511e19170fce8d2ba23302a66c37.lto_priv.472
                0x00033288                sad9cedfdff57fcf1f2e8a7cb957987afcdd37d68e343d6fb4af70f8cc2d26818.lto_priv.470
                0x0003337e                sdc285a045a4d184ba1f96a679bf976dad3cc4dd6d580b7bdcc8d7221f193317a
                0x000333c6                sad68bd15d6e2e6b2fe2e5c40a1b4e2937165ee45a1171231878240f07ff2db96.lto_priv.471
                0x0003349c                s9af9e10166b4dfbcbd649fca5486b552c344542f69d081c660bc42f9606e3c40
                0x0003361c                s268808e179520926de9973ff7b3a6217a186a7862d8adaecdfb83b553adb5de7
                0x0003365a                s6cde2f2134fa96584fdcfab30c5890642817dec76c53de88f7945652b79e7ae6
                0x00033670                scda99358aee15b47126b17bb7665c374c4b5f197f6fc3b67606a931b692d8bf6
                0x00033784                s24414439278278109a31be670ffd8cd0098f486d06e26d4bd910964725169f78.lto_priv.863
                0x000337fc                s495947f0fcecf09be7c1bc75c6ed4bd12df63a4e6f8314cc576a6d8ccf270fa7
                0x00033860                sddd99ff8736e059d0ece66ec3df74ab77094df6a97722fbc80a6b0a3c3e55697
                0x000338b4                s1573ff43048a4da8c49031b54d796ef8be152c24842a072118e765733677d113
                0x0003390c                RADIO_RACClearRxOverflow
                0x0003392c                RADIO_RxTrailDataLength
                0x00033968                RADIO_ClockFreqGet
                0x000339a4                RADIO_RACStateGet.lto_priv.524.lto_priv.776
                0x000339a4                RADIO_RACStateGet.lto_priv.527.lto_priv.780
                0x000339a4                RADIO_RACStateGet.lto_priv.523.lto_priv.587
                0x000339a4                RADIO_RACStateGet.lto_priv.525.lto_priv.795
                0x000339a4                RADIO_RACStateGet.lto_priv.526.lto_priv.586
                0x000339b4                RAC_RSM_IRQHandler
                0x00033a04                PTI_AuxdataOutput
                0x00033a20                PROTIMER_PrecntOverflowToUs
                0x00033a50                PA_SelectBand
                0x00033ab0                PA_SetRampTime
                0x00033bc8                PA_SetPowerLevel
                0x00033cfc                PROTIMER_GetTime
                0x00033d38                PROTIMER_GetUsTime
                0x00033d4e                PROTIMER_CCTimerStart
                0x00033f34                GENERIC_PHY_ResetRxFifo
                0x00033f68                s4df97908585f13e4f95c41529f173c5feae8db8c963509c90b492826dbcc9c34.lto_priv.466
                0x00034174                sd7400f1c67758aeba68a9b1772cd5984be401a023cba2a4b0091dfe27b2617d0
                0x00034674                s2d8d60151f84e2fe74c36f9345a673a736f6d41e148e924262ba779b16ff2942
 *fill*         0x0003558c        0x4 
 .text.ceil     0x00035590      0x100 h:/simplicity/developer/toolchains/gnu_arm/7.2_2017q4/bin/../lib/gcc/arm-none-eabi/7.2.1/../../../../arm-none-eabi/lib/thumb/v7e-m/fpv4-sp/softfp\libm.a(lib_a-s_ceil.o)
                0x00035590                ceil
 .text          0x00035690      0x378 h:/simplicity/developer/toolchains/gnu_arm/7.2_2017q4/bin/../lib/gcc/arm-none-eabi/7.2.1/thumb/v7e-m/fpv4-sp/softfp\libgcc.a(_arm_addsubdf3.o)
                0x00035690                __aeabi_drsub
                0x00035698                __subdf3
                0x00035698                __aeabi_dsub
                0x0003569c                __aeabi_dadd
                0x0003569c                __adddf3
                0x00035914                __floatunsidf
                0x00035914                __aeabi_ui2d
                0x00035934                __aeabi_i2d
                0x00035934                __floatsidf
                0x00035958                __extendsfdf2
                0x00035958                __aeabi_f2d
                0x0003599c                __floatundidf
                0x0003599c                __aeabi_ul2d
                0x000359ac                __aeabi_l2d
                0x000359ac                __floatdidf
 .text          0x00035a08      0x110 h:/simplicity/developer/toolchains/gnu_arm/7.2_2017q4/bin/../lib/gcc/arm-none-eabi/7.2.1/thumb/v7e-m/fpv4-sp/softfp\libgcc.a(_arm_cmpdf2.o)
                0x00035a08                __gtdf2
                0x00035a08                __gedf2
                0x00035a10                __ltdf2
                0x00035a10                __ledf2
                0x00035a18                __nedf2
                0x00035a18                __cmpdf2
                0x00035a18                __eqdf2
                0x00035a94                __aeabi_cdrcmple
                0x00035aa4                __aeabi_cdcmple
                0x00035aa4                __aeabi_cdcmpeq
                0x00035ab4                __aeabi_dcmpeq
                0x00035ac8                __aeabi_dcmplt
                0x00035adc                __aeabi_dcmple
                0x00035af0                __aeabi_dcmpge
                0x00035b04                __aeabi_dcmpgt
 .text          0x00035b18       0x30 h:/simplicity/developer/toolchains/gnu_arm/7.2_2017q4/bin/../lib/gcc/arm-none-eabi/7.2.1/thumb/v7e-m/fpv4-sp/softfp\libgcc.a(_aeabi_uldivmod.o)
                0x00035b18                __aeabi_uldivmod
 .text          0x00035b48      0x2cc h:/simplicity/developer/toolchains/gnu_arm/7.2_2017q4/bin/../lib/gcc/arm-none-eabi/7.2.1/thumb/v7e-m/fpv4-sp/softfp\libgcc.a(_udivmoddi4.o)
                0x00035b48                __udivmoddi4
 .text          0x00035e14        0x4 h:/simplicity/developer/toolchains/gnu_arm/7.2_2017q4/bin/../lib/gcc/arm-none-eabi/7.2.1/thumb/v7e-m/fpv4-sp/softfp\libgcc.a(_dvmd_tls.o)
                0x00035e14                __aeabi_idiv0
                0x00035e14                __aeabi_ldiv0
 .text.exit     0x00035e18       0x28 h:/simplicity/developer/toolchains/gnu_arm/7.2_2017q4/bin/../lib/gcc/arm-none-eabi/7.2.1/../../../../arm-none-eabi/lib/thumb/v7e-m/fpv4-sp/softfp\libc_nano.a(lib_a-exit.o)
                0x00035e18                exit
 .text.__libc_init_array
                0x00035e40       0x48 h:/simplicity/developer/toolchains/gnu_arm/7.2_2017q4/bin/../lib/gcc/arm-none-eabi/7.2.1/../../../../arm-none-eabi/lib/thumb/v7e-m/fpv4-sp/softfp\libc_nano.a(lib_a-init.o)
                0x00035e40                __libc_init_array
 .text.malloc   0x00035e88       0x10 h:/simplicity/developer/toolchains/gnu_arm/7.2_2017q4/bin/../lib/gcc/arm-none-eabi/7.2.1/../../../../arm-none-eabi/lib/thumb/v7e-m/fpv4-sp/softfp\libc_nano.a(lib_a-malloc.o)
                0x00035e88                malloc
 .text.free     0x00035e98       0x10 h:/simplicity/developer/toolchains/gnu_arm/7.2_2017q4/bin/../lib/gcc/arm-none-eabi/7.2.1/../../../../arm-none-eabi/lib/thumb/v7e-m/fpv4-sp/softfp\libc_nano.a(lib_a-malloc.o)
                0x00035e98                free
 .text.memcpy   0x00035ea8       0x16 h:/simplicity/developer/toolchains/gnu_arm/7.2_2017q4/bin/../lib/gcc/arm-none-eabi/7.2.1/../../../../arm-none-eabi/lib/thumb/v7e-m/fpv4-sp/softfp\libc_nano.a(lib_a-memcpy-stub.o)
                0x00035ea8                memcpy
 .text.memset   0x00035ebe       0x10 h:/simplicity/developer/toolchains/gnu_arm/7.2_2017q4/bin/../lib/gcc/arm-none-eabi/7.2.1/../../../../arm-none-eabi/lib/thumb/v7e-m/fpv4-sp/softfp\libc_nano.a(lib_a-memset.o)
                0x00035ebe                memset
 *fill*         0x00035ece        0x2 
 .text._free_r  0x00035ed0       0x9c h:/simplicity/developer/toolchains/gnu_arm/7.2_2017q4/bin/../lib/gcc/arm-none-eabi/7.2.1/../../../../arm-none-eabi/lib/thumb/v7e-m/fpv4-sp/softfp\libc_nano.a(lib_a-nano-freer.o)
                0x00035ed0                _free_r
 .text._malloc_r
                0x00035f6c       0xb4 h:/simplicity/developer/toolchains/gnu_arm/7.2_2017q4/bin/../lib/gcc/arm-none-eabi/7.2.1/../../../../arm-none-eabi/lib/thumb/v7e-m/fpv4-sp/softfp\libc_nano.a(lib_a-nano-mallocr.o)
                0x00035f6c                _malloc_r
 .text.printf   0x00036020       0x30 h:/simplicity/developer/toolchains/gnu_arm/7.2_2017q4/bin/../lib/gcc/arm-none-eabi/7.2.1/../../../../arm-none-eabi/lib/thumb/v7e-m/fpv4-sp/softfp\libc_nano.a(lib_a-printf.o)
                0x00036020                iprintf
                0x00036020                printf
 .text._sbrk_r  0x00036050       0x20 h:/simplicity/developer/toolchains/gnu_arm/7.2_2017q4/bin/../lib/gcc/arm-none-eabi/7.2.1/../../../../arm-none-eabi/lib/thumb/v7e-m/fpv4-sp/softfp\libc_nano.a(lib_a-sbrkr.o)
                0x00036050                _sbrk_r
 .text.setvbuf  0x00036070      0x15c h:/simplicity/developer/toolchains/gnu_arm/7.2_2017q4/bin/../lib/gcc/arm-none-eabi/7.2.1/../../../../arm-none-eabi/lib/thumb/v7e-m/fpv4-sp/softfp\libc_nano.a(lib_a-setvbuf.o)
                0x00036070                setvbuf
 .text.sprintf  0x000361cc       0x40 h:/simplicity/developer/toolchains/gnu_arm/7.2_2017q4/bin/../lib/gcc/arm-none-eabi/7.2.1/../../../../arm-none-eabi/lib/thumb/v7e-m/fpv4-sp/softfp\libc_nano.a(lib_a-sprintf.o)
                0x000361cc                sprintf
                0x000361cc                siprintf
 .text.strcat   0x0003620c       0x1e h:/simplicity/developer/toolchains/gnu_arm/7.2_2017q4/bin/../lib/gcc/arm-none-eabi/7.2.1/../../../../arm-none-eabi/lib/thumb/v7e-m/fpv4-sp/softfp\libc_nano.a(lib_a-strcat.o)
                0x0003620c                strcat
 .text          0x0003622a       0x10 h:/simplicity/developer/toolchains/gnu_arm/7.2_2017q4/bin/../lib/gcc/arm-none-eabi/7.2.1/../../../../arm-none-eabi/lib/thumb/v7e-m/fpv4-sp/softfp\libc_nano.a(lib_a-strlen.o)
                0x0003622a                strlen
 *fill*         0x0003623a        0x2 
 .text.__sflush_r
                0x0003623c      0x10c h:/simplicity/developer/toolchains/gnu_arm/7.2_2017q4/bin/../lib/gcc/arm-none-eabi/7.2.1/../../../../arm-none-eabi/lib/thumb/v7e-m/fpv4-sp/softfp\libc_nano.a(lib_a-fflush.o)
                0x0003623c                __sflush_r
 .text._fflush_r
                0x00036348       0x54 h:/simplicity/developer/toolchains/gnu_arm/7.2_2017q4/bin/../lib/gcc/arm-none-eabi/7.2.1/../../../../arm-none-eabi/lib/thumb/v7e-m/fpv4-sp/softfp\libc_nano.a(lib_a-fflush.o)
                0x00036348                _fflush_r
 .text.std      0x0003639c       0x48 h:/simplicity/developer/toolchains/gnu_arm/7.2_2017q4/bin/../lib/gcc/arm-none-eabi/7.2.1/../../../../arm-none-eabi/lib/thumb/v7e-m/fpv4-sp/softfp\libc_nano.a(lib_a-findfp.o)
 .text._cleanup_r
                0x000363e4        0xc h:/simplicity/developer/toolchains/gnu_arm/7.2_2017q4/bin/../lib/gcc/arm-none-eabi/7.2.1/../../../../arm-none-eabi/lib/thumb/v7e-m/fpv4-sp/softfp\libc_nano.a(lib_a-findfp.o)
                0x000363e4                _cleanup_r
 .text.__sfmoreglue
                0x000363f0       0x2c h:/simplicity/developer/toolchains/gnu_arm/7.2_2017q4/bin/../lib/gcc/arm-none-eabi/7.2.1/../../../../arm-none-eabi/lib/thumb/v7e-m/fpv4-sp/softfp\libc_nano.a(lib_a-findfp.o)
                0x000363f0                __sfmoreglue
 .text.__sinit  0x0003641c       0x60 h:/simplicity/developer/toolchains/gnu_arm/7.2_2017q4/bin/../lib/gcc/arm-none-eabi/7.2.1/../../../../arm-none-eabi/lib/thumb/v7e-m/fpv4-sp/softfp\libc_nano.a(lib_a-findfp.o)
                0x0003641c                __sinit
 .text.__sfp    0x0003647c       0x78 h:/simplicity/developer/toolchains/gnu_arm/7.2_2017q4/bin/../lib/gcc/arm-none-eabi/7.2.1/../../../../arm-none-eabi/lib/thumb/v7e-m/fpv4-sp/softfp\libc_nano.a(lib_a-findfp.o)
                0x0003647c                __sfp
 .text._fwalk_reent
                0x000364f4       0x3c h:/simplicity/developer/toolchains/gnu_arm/7.2_2017q4/bin/../lib/gcc/arm-none-eabi/7.2.1/../../../../arm-none-eabi/lib/thumb/v7e-m/fpv4-sp/softfp\libc_nano.a(lib_a-fwalk.o)
                0x000364f4                _fwalk_reent
 .text.__swhatbuf_r
                0x00036530       0x48 h:/simplicity/developer/toolchains/gnu_arm/7.2_2017q4/bin/../lib/gcc/arm-none-eabi/7.2.1/../../../../arm-none-eabi/lib/thumb/v7e-m/fpv4-sp/softfp\libc_nano.a(lib_a-makebuf.o)
                0x00036530                __swhatbuf_r
 .text.__smakebuf_r
                0x00036578       0x80 h:/simplicity/developer/toolchains/gnu_arm/7.2_2017q4/bin/../lib/gcc/arm-none-eabi/7.2.1/../../../../arm-none-eabi/lib/thumb/v7e-m/fpv4-sp/softfp\libc_nano.a(lib_a-makebuf.o)
                0x00036578                __smakebuf_r
 .text.__malloc_lock
                0x000365f8        0x2 h:/simplicity/developer/toolchains/gnu_arm/7.2_2017q4/bin/../lib/gcc/arm-none-eabi/7.2.1/../../../../arm-none-eabi/lib/thumb/v7e-m/fpv4-sp/softfp\libc_nano.a(lib_a-mlock.o)
                0x000365f8                __malloc_lock
 .text.__malloc_unlock
                0x000365fa        0x2 h:/simplicity/developer/toolchains/gnu_arm/7.2_2017q4/bin/../lib/gcc/arm-none-eabi/7.2.1/../../../../arm-none-eabi/lib/thumb/v7e-m/fpv4-sp/softfp\libc_nano.a(lib_a-mlock.o)
                0x000365fa                __malloc_unlock
 .text.__ssputs_r
                0x000365fc       0xb4 h:/simplicity/developer/toolchains/gnu_arm/7.2_2017q4/bin/../lib/gcc/arm-none-eabi/7.2.1/../../../../arm-none-eabi/lib/thumb/v7e-m/fpv4-sp/softfp\libc_nano.a(lib_a-nano-svfprintf.o)
                0x000365fc                __ssputs_r
 .text._svfprintf_r
                0x000366b0      0x1ec h:/simplicity/developer/toolchains/gnu_arm/7.2_2017q4/bin/../lib/gcc/arm-none-eabi/7.2.1/../../../../arm-none-eabi/lib/thumb/v7e-m/fpv4-sp/softfp\libc_nano.a(lib_a-nano-svfprintf.o)
                0x000366b0                _svfiprintf_r
                0x000366b0                _svfprintf_r
 .text.__sfputc_r
                0x0003689c       0x2e h:/simplicity/developer/toolchains/gnu_arm/7.2_2017q4/bin/../lib/gcc/arm-none-eabi/7.2.1/../../../../arm-none-eabi/lib/thumb/v7e-m/fpv4-sp/softfp\libc_nano.a(lib_a-nano-vfprintf.o)
 .text.__sfputs_r
                0x000368ca       0x24 h:/simplicity/developer/toolchains/gnu_arm/7.2_2017q4/bin/../lib/gcc/arm-none-eabi/7.2.1/../../../../arm-none-eabi/lib/thumb/v7e-m/fpv4-sp/softfp\libc_nano.a(lib_a-nano-vfprintf.o)
                0x000368ca                __sfputs_r
 *fill*         0x000368ee        0x2 
 .text._vfprintf_r
                0x000368f0      0x228 h:/simplicity/developer/toolchains/gnu_arm/7.2_2017q4/bin/../lib/gcc/arm-none-eabi/7.2.1/../../../../arm-none-eabi/lib/thumb/v7e-m/fpv4-sp/softfp\libc_nano.a(lib_a-nano-vfprintf.o)
                0x000368f0                _vfiprintf_r
                0x000368f0                _vfprintf_r
 .text._printf_common
                0x00036b18       0xea h:/simplicity/developer/toolchains/gnu_arm/7.2_2017q4/bin/../lib/gcc/arm-none-eabi/7.2.1/../../../../arm-none-eabi/lib/thumb/v7e-m/fpv4-sp/softfp\libc_nano.a(lib_a-nano-vfprintf_i.o)
                0x00036b18                _printf_common
 *fill*         0x00036c02        0x2 
 .text._printf_i
                0x00036c04      0x224 h:/simplicity/developer/toolchains/gnu_arm/7.2_2017q4/bin/../lib/gcc/arm-none-eabi/7.2.1/../../../../arm-none-eabi/lib/thumb/v7e-m/fpv4-sp/softfp\libc_nano.a(lib_a-nano-vfprintf_i.o)
                0x00036c04                _printf_i
 .text.__sread  0x00036e28       0x22 h:/simplicity/developer/toolchains/gnu_arm/7.2_2017q4/bin/../lib/gcc/arm-none-eabi/7.2.1/../../../../arm-none-eabi/lib/thumb/v7e-m/fpv4-sp/softfp\libc_nano.a(lib_a-stdio.o)
                0x00036e28                __sread
 .text.__swrite
                0x00036e4a       0x38 h:/simplicity/developer/toolchains/gnu_arm/7.2_2017q4/bin/../lib/gcc/arm-none-eabi/7.2.1/../../../../arm-none-eabi/lib/thumb/v7e-m/fpv4-sp/softfp\libc_nano.a(lib_a-stdio.o)
                0x00036e4a                __swrite
 .text.__sseek  0x00036e82       0x24 h:/simplicity/developer/toolchains/gnu_arm/7.2_2017q4/bin/../lib/gcc/arm-none-eabi/7.2.1/../../../../arm-none-eabi/lib/thumb/v7e-m/fpv4-sp/softfp\libc_nano.a(lib_a-stdio.o)
                0x00036e82                __sseek
 .text.__sclose
                0x00036ea6        0x8 h:/simplicity/developer/toolchains/gnu_arm/7.2_2017q4/bin/../lib/gcc/arm-none-eabi/7.2.1/../../../../arm-none-eabi/lib/thumb/v7e-m/fpv4-sp/softfp\libc_nano.a(lib_a-stdio.o)
                0x00036ea6                __sclose
 *fill*         0x00036eae        0x2 
 .text.__swbuf_r
                0x00036eb0       0xa4 h:/simplicity/developer/toolchains/gnu_arm/7.2_2017q4/bin/../lib/gcc/arm-none-eabi/7.2.1/../../../../arm-none-eabi/lib/thumb/v7e-m/fpv4-sp/softfp\libc_nano.a(lib_a-wbuf.o)
                0x00036eb0                __swbuf_r
 .text._write_r
                0x00036f54       0x24 h:/simplicity/developer/toolchains/gnu_arm/7.2_2017q4/bin/../lib/gcc/arm-none-eabi/7.2.1/../../../../arm-none-eabi/lib/thumb/v7e-m/fpv4-sp/softfp\libc_nano.a(lib_a-writer.o)
                0x00036f54                _write_r
 .text.__swsetup_r
                0x00036f78       0xdc h:/simplicity/developer/toolchains/gnu_arm/7.2_2017q4/bin/../lib/gcc/arm-none-eabi/7.2.1/../../../../arm-none-eabi/lib/thumb/v7e-m/fpv4-sp/softfp\libc_nano.a(lib_a-wsetup.o)
                0x00036f78                __swsetup_r
 .text._close_r
                0x00037054       0x20 h:/simplicity/developer/toolchains/gnu_arm/7.2_2017q4/bin/../lib/gcc/arm-none-eabi/7.2.1/../../../../arm-none-eabi/lib/thumb/v7e-m/fpv4-sp/softfp\libc_nano.a(lib_a-closer.o)
                0x00037054                _close_r
 .text._fstat_r
                0x00037074       0x24 h:/simplicity/developer/toolchains/gnu_arm/7.2_2017q4/bin/../lib/gcc/arm-none-eabi/7.2.1/../../../../arm-none-eabi/lib/thumb/v7e-m/fpv4-sp/softfp\libc_nano.a(lib_a-fstatr.o)
                0x00037074                _fstat_r
 .text._isatty_r
                0x00037098       0x20 h:/simplicity/developer/toolchains/gnu_arm/7.2_2017q4/bin/../lib/gcc/arm-none-eabi/7.2.1/../../../../arm-none-eabi/lib/thumb/v7e-m/fpv4-sp/softfp\libc_nano.a(lib_a-isattyr.o)
                0x00037098                _isatty_r
 .text._lseek_r
                0x000370b8       0x24 h:/simplicity/developer/toolchains/gnu_arm/7.2_2017q4/bin/../lib/gcc/arm-none-eabi/7.2.1/../../../../arm-none-eabi/lib/thumb/v7e-m/fpv4-sp/softfp\libc_nano.a(lib_a-lseekr.o)
                0x000370b8                _lseek_r
 *fill*         0x000370dc        0x4 
 .text          0x000370e0       0xa0 h:/simplicity/developer/toolchains/gnu_arm/7.2_2017q4/bin/../lib/gcc/arm-none-eabi/7.2.1/../../../../arm-none-eabi/lib/thumb/v7e-m/fpv4-sp/softfp\libc_nano.a(lib_a-memchr.o)
                0x000370e0                memchr
 .text.memmove  0x00037180       0x32 h:/simplicity/developer/toolchains/gnu_arm/7.2_2017q4/bin/../lib/gcc/arm-none-eabi/7.2.1/../../../../arm-none-eabi/lib/thumb/v7e-m/fpv4-sp/softfp\libc_nano.a(lib_a-memmove.o)
                0x00037180                memmove
 .text._realloc_r
                0x000371b2       0x4c h:/simplicity/developer/toolchains/gnu_arm/7.2_2017q4/bin/../lib/gcc/arm-none-eabi/7.2.1/../../../../arm-none-eabi/lib/thumb/v7e-m/fpv4-sp/softfp\libc_nano.a(lib_a-nano-reallocr.o)
                0x000371b2                _realloc_r
 *fill*         0x000371fe        0x2 
 .text._read_r  0x00037200       0x24 h:/simplicity/developer/toolchains/gnu_arm/7.2_2017q4/bin/../lib/gcc/arm-none-eabi/7.2.1/../../../../arm-none-eabi/lib/thumb/v7e-m/fpv4-sp/softfp\libc_nano.a(lib_a-readr.o)
                0x00037200                _read_r
 .text._malloc_usable_size_r
                0x00037224       0x10 h:/simplicity/developer/toolchains/gnu_arm/7.2_2017q4/bin/../lib/gcc/arm-none-eabi/7.2.1/../../../../arm-none-eabi/lib/thumb/v7e-m/fpv4-sp/softfp\libc_nano.a(lib_a-nano-msizer.o)
                0x00037224                _malloc_usable_size_r
 .text.memcmp   0x00037234       0x1e h:/simplicity/developer/toolchains/gnu_arm/7.2_2017q4/bin/../lib/gcc/arm-none-eabi/7.2.1/../../../../arm-none-eabi/lib/thumb/v7e-m/fpv4-sp/softfp\libc_nano.a(lib_a-memcmp.o)
                0x00037234                memcmp
 *(.init)
 *fill*         0x00037252        0x2 
 .init          0x00037254        0x4 h:/simplicity/developer/toolchains/gnu_arm/7.2_2017q4/bin/../lib/gcc/arm-none-eabi/7.2.1/thumb/v7e-m/fpv4-sp/softfp/crti.o
                0x00037254                _init