Archive member included to satisfy reference by file (symbol)

F:\MS Embedded Systems\IOT\Practicals\BT Mesh\soc-btmesh-switch\protocol\bluetooth\lib\EFR32XG13X\GCC\libbluetooth_mesh.a(bgapi.c.obj)
                              ./main.o (symbol from plugin) (gecko_cmd_msg_buf)
F:\MS Embedded Systems\IOT\Practicals\BT Mesh\soc-btmesh-switch\protocol\bluetooth\lib\EFR32XG13X\GCC\libbluetooth_mesh.a(bgapi_gatt.c.obj)
                              bgapi.c.obj (symbol from plugin) (bgapi_gatt_listener)
F:\MS Embedded Systems\IOT\Practicals\BT Mesh\soc-btmesh-switch\protocol\bluetooth\lib\EFR32XG13X\GCC\libbluetooth_mesh.a(bgapi_gatt_lib.c.obj)
                              ./main.o (symbol from plugin) (sli_bt_cmd_gatt_server_write_attribute_value)
F:\MS Embedded Systems\IOT\Practicals\BT Mesh\soc-btmesh-switch\protocol\bluetooth\lib\EFR32XG13X\GCC\libbluetooth_mesh.a(bgapi_hardware.c.obj)
                              ./main.o (symbol from plugin) (sli_bt_cmd_hardware_set_soft_timer)
F:\MS Embedded Systems\IOT\Practicals\BT Mesh\soc-btmesh-switch\protocol\bluetooth\lib\EFR32XG13X\GCC\libbluetooth_mesh.a(bgapi_le_connection.c.obj)
                              ./main.o (symbol from plugin) (sli_bt_cmd_le_connection_close)
F:\MS Embedded Systems\IOT\Practicals\BT Mesh\soc-btmesh-switch\protocol\bluetooth\lib\EFR32XG13X\GCC\libbluetooth_mesh.a(bgapi_ps.c.obj)
                              ./main.o (symbol from plugin) (sli_bt_cmd_flash_ps_erase_all)
F:\MS Embedded Systems\IOT\Practicals\BT Mesh\soc-btmesh-switch\protocol\bluetooth\lib\EFR32XG13X\GCC\libbluetooth_mesh.a(bgapi_system.c.obj)
                              ./main.o (symbol from plugin) (sli_bt_cmd_system_get_bt_address)
F:\MS Embedded Systems\IOT\Practicals\BT Mesh\soc-btmesh-switch\protocol\bluetooth\lib\EFR32XG13X\GCC\libbluetooth_mesh.a(bgbuf.c.obj)
                              bgapi.c.obj (symbol from plugin) (bgbuf_chain_free)
F:\MS Embedded Systems\IOT\Practicals\BT Mesh\soc-btmesh-switch\protocol\bluetooth\lib\EFR32XG13X\GCC\libbluetooth_mesh.a(bglib.c.obj)
                              ./main.o (symbol from plugin) (gecko_stack_init)
F:\MS Embedded Systems\IOT\Practicals\BT Mesh\soc-btmesh-switch\protocol\bluetooth\lib\EFR32XG13X\GCC\libbluetooth_mesh.a(btl_interface.c.obj)
                              bgapi.c.obj (symbol from plugin) (bootloader_getInfo)
F:\MS Embedded Systems\IOT\Practicals\BT Mesh\soc-btmesh-switch\protocol\bluetooth\lib\EFR32XG13X\GCC\libbluetooth_mesh.a(gap.c.obj)
                              bglib.c.obj (symbol from plugin) (gap_reset_state)
F:\MS Embedded Systems\IOT\Practicals\BT Mesh\soc-btmesh-switch\protocol\bluetooth\lib\EFR32XG13X\GCC\libbluetooth_mesh.a(gap_adv.c.obj)
                              gap.c.obj (symbol from plugin) (gap_adv_update)
F:\MS Embedded Systems\IOT\Practicals\BT Mesh\soc-btmesh-switch\protocol\bluetooth\lib\EFR32XG13X\GCC\libbluetooth_mesh.a(gap_resolver.c.obj)
                              gap.c.obj (symbol from plugin) (gap_address_resolver_step)
F:\MS Embedded Systems\IOT\Practicals\BT Mesh\soc-btmesh-switch\protocol\bluetooth\lib\EFR32XG13X\GCC\libbluetooth_mesh.a(gap_scan.c.obj)
                              gap.c.obj (symbol from plugin) (gap_status_set_scan_packet)
F:\MS Embedded Systems\IOT\Practicals\BT Mesh\soc-btmesh-switch\protocol\bluetooth\lib\EFR32XG13X\GCC\libbluetooth_mesh.a(gatt.c.obj)
                              gap.c.obj (symbol from plugin) (gatt_init_connection)
F:\MS Embedded Systems\IOT\Practicals\BT Mesh\soc-btmesh-switch\protocol\bluetooth\lib\EFR32XG13X\GCC\libbluetooth_mesh.a(gatt_client.c.obj)
                              bgapi_gatt_lib.c.obj (symbol from plugin) (gatt_client_init)
F:\MS Embedded Systems\IOT\Practicals\BT Mesh\soc-btmesh-switch\protocol\bluetooth\lib\EFR32XG13X\GCC\libbluetooth_mesh.a(gatt_db_minimal.c.obj)
                              gap_adv.c.obj (symbol from plugin) (gatt_db_handle_active)
F:\MS Embedded Systems\IOT\Practicals\BT Mesh\soc-btmesh-switch\protocol\bluetooth\lib\EFR32XG13X\GCC\libbluetooth_mesh.a(gatt_server.c.obj)
                              gatt_db_minimal.c.obj (symbol from plugin) (gatt_server_send_attribute_value_event)
F:\MS Embedded Systems\IOT\Practicals\BT Mesh\soc-btmesh-switch\protocol\bluetooth\lib\EFR32XG13X\GCC\libbluetooth_mesh.a(gecko_bgapi_dfu.c.obj)
                              ./main.o (symbol from plugin) (gecko_bgapi_class_dfu_init)
F:\MS Embedded Systems\IOT\Practicals\BT Mesh\soc-btmesh-switch\protocol\bluetooth\lib\EFR32XG13X\GCC\libbluetooth_mesh.a(gecko_bgapi_endpoint.c.obj)
                              ./main.o (symbol from plugin) (gecko_bgapi_class_endpoint_init)
F:\MS Embedded Systems\IOT\Practicals\BT Mesh\soc-btmesh-switch\protocol\bluetooth\lib\EFR32XG13X\GCC\libbluetooth_mesh.a(gecko_bgapi_flash.c.obj)
                              ./main.o (symbol from plugin) (gecko_bgapi_class_flash_init)
[...]
Memory Configuration

Name             Origin             Length             Attributes
FLASH_BOOTLOADER 0x0fe10000         0x00004000         xr
FLASH            0x00000000         0x0007f000         xr
RAM              0x20000000         0x00010000         xrw
*default*        0x00000000         0xffffffff

Linker script and memory map

LOAD h:/simplicity/developer/toolchains/gnu_arm/7.2_2017q4/bin/../lib/gcc/arm-none-eabi/7.2.1/thumb/v7e-m/fpv4-sp/softfp/crti.o
LOAD h:/simplicity/developer/toolchains/gnu_arm/7.2_2017q4/bin/../lib/gcc/arm-none-eabi/7.2.1/thumb/v7e-m/fpv4-sp/softfp/crtbegin.o
LOAD h:/simplicity/developer/toolchains/gnu_arm/7.2_2017q4/bin/../lib/gcc/arm-none-eabi/7.2.1/../../../../arm-none-eabi/lib/thumb/v7e-m/fpv4-sp/softfp/crt0.o
START GROUP
LOAD C:\Users\deepesh\AppData\Local\Temp\ccecWLQc.ltrans0.ltrans.o
LOAD C:\Users\deepesh\AppData\Local\Temp\ccecWLQc.ltrans1.ltrans.o
LOAD C:\Users\deepesh\AppData\Local\Temp\ccecWLQc.ltrans2.ltrans.o
LOAD C:\Users\deepesh\AppData\Local\Temp\ccecWLQc.ltrans3.ltrans.o
LOAD C:\Users\deepesh\AppData\Local\Temp\ccecWLQc.ltrans4.ltrans.o
LOAD C:\Users\deepesh\AppData\Local\Temp\ccecWLQc.ltrans5.ltrans.o
LOAD C:\Users\deepesh\AppData\Local\Temp\ccecWLQc.ltrans6.ltrans.o
LOAD C:\Users\deepesh\AppData\Local\Temp\ccecWLQc.ltrans7.ltrans.o
LOAD C:\Users\deepesh\AppData\Local\Temp\ccecWLQc.ltrans8.ltrans.o
LOAD F:\MS Embedded Systems\IOT\Practicals\BT Mesh\soc-btmesh-switch\protocol\bluetooth\lib\EFR32XG13X\GCC\binapploader.o
LOAD F:\MS Embedded Systems\IOT\Practicals\BT Mesh\soc-btmesh-switch\protocol\bluetooth\lib\EFR32XG13X\GCC\libbluetooth_mesh.a
LOAD F:\MS Embedded Systems\IOT\Practicals\BT Mesh\soc-btmesh-switch\protocol\bluetooth\lib\EFR32XG13X\GCC\libcoex.a
LOAD h:/simplicity/developer/toolchains/gnu_arm/7.2_2017q4/bin/../lib/gcc/arm-none-eabi/7.2.1/../../../../arm-none-eabi/lib/thumb/v7e-m/fpv4-sp/softfp\libm.a
END GROUP
START GROUP
LOAD h:/simplicity/developer/toolchains/gnu_arm/7.2_2017q4/bin/../lib/gcc/arm-none-eabi/7.2.1/thumb/v7e-m/fpv4-sp/softfp\libgcc.a
LOAD h:/simplicity/developer/toolchains/gnu_arm/7.2_2017q4/bin/../lib/gcc/arm-none-eabi/7.2.1/../../../../arm-none-eabi/lib/thumb/v7e-m/fpv4-sp/softfp\libc_nano.a
LOAD h:/simplicity/developer/toolchains/gnu_arm/7.2_2017q4/bin/../lib/gcc/arm-none-eabi/7.2.1/../../../../arm-none-eabi/lib/thumb/v7e-m/fpv4-sp/softfp\libnosys.a
END GROUP
START GROUP
LOAD h:/simplicity/developer/toolchains/gnu_arm/7.2_2017q4/bin/../lib/gcc/arm-none-eabi/7.2.1/thumb/v7e-m/fpv4-sp/softfp\libgcc.a
LOAD h:/simplicity/developer/toolchains/gnu_arm/7.2_2017q4/bin/../lib/gcc/arm-none-eabi/7.2.1/../../../../arm-none-eabi/lib/thumb/v7e-m/fpv4-sp/softfp\libg_nano.a
LOAD h:/simplicity/developer/toolchains/gnu_arm/7.2_2017q4/bin/../lib/gcc/arm-none-eabi/7.2.1/../../../../arm-none-eabi/lib/thumb/v7e-m/fpv4-sp/softfp\libc_nano.a
END GROUP
START GROUP
LOAD h:/simplicity/developer/toolchains/gnu_arm/7.2_2017q4/bin/../lib/gcc/arm-none-eabi/7.2.1/thumb/v7e-m/fpv4-sp/softfp\libgcc.a
LOAD h:/simplicity/developer/toolchains/gnu_arm/7.2_2017q4/bin/../lib/gcc/arm-none-eabi/7.2.1/../../../../arm-none-eabi/lib/thumb/v7e-m/fpv4-sp/softfp\libc_nano.a
END GROUP
LOAD h:/simplicity/developer/toolchains/gnu_arm/7.2_2017q4/bin/../lib/gcc/arm-none-eabi/7.2.1/thumb/v7e-m/fpv4-sp/softfp/crtend.o
LOAD h:/simplicity/developer/toolchains/gnu_arm/7.2_2017q4/bin/../lib/gcc/arm-none-eabi/7.2.1/thumb/v7e-m/fpv4-sp/softfp/crtn.o

.text_bootloader
                0x0fe10000        0x0
 *(.binbootloader*)
                0x0fe10000                . = ALIGN (0x4000)

.text_apploader
                0x00000000     0x8fc0
 *(.binapploader*)
 .binapploader  0x00000000     0x8fc0 F:\MS Embedded Systems\IOT\Practicals\BT Mesh\soc-btmesh-switch\protocol\bluetooth\lib\EFR32XG13X\GCC\binapploader.o

.text_signature
                0x00008fc0       0x40
                0x00009000                . = ALIGN (0x800)
 *fill*         0x00008fc0       0x40 
                0x00009000                __text_start__ = .

.text_application
                0x00009000    0x325a8
 *(.vectors)
 .vectors       0x00009000       0xfc C:\Users\deepesh\AppData\Local\Temp\ccecWLQc.ltrans0.ltrans.o
                0x00009000                __Vectors
                0x000090fc                __Vectors_End = .
                0x000000fc                __Vectors_Size = (__Vectors_End - __Vectors)
                0x000090fc                __end__ = .
 *(.application_properties)
 .application_properties
                0x000090fc       0x38 C:\Users\deepesh\AppData\Local\Temp\ccecWLQc.ltrans3.ltrans.o
                0x000090fc                bg_application_properties
 *(.gecko_configuration)
 *(.xo_configuration)
 *(.gatt_header)
 .gatt_header   0x00009134       0x34 C:\Users\deepesh\AppData\Local\Temp\ccecWLQc.ltrans0.ltrans.o
                0x00009134                bg_gattdb_data
 *(.gatt_data)
 .gatt_data     0x00009168      0x262 C:\Users\deepesh\AppData\Local\Temp\ccecWLQc.ltrans0.ltrans.o
                0x00009168                bg_gattdb_data_attributes_map
                0x000092ac                bg_gattdb_data_attribute_field_26
                0x000092b4                bg_gattdb_data_attribute_field_25
                0x000092ca                bg_gattdb_data_attribute_field_24
                0x000092dc                bg_gattdb_data_attribute_field_22
                0x000092e4                bg_gattdb_data_attribute_field_21
                0x000092ec                bg_gattdb_data_attribute_field_20
                0x000092f4                bg_gattdb_data_attribute_field_19
                0x000092fc                bg_gattdb_data_attribute_field_18
                0x00009300                bg_gattdb_data_attribute_field_16
                0x00009308                bg_gattdb_data_attribute_field_15
                0x00009310                bg_gattdb_data_attribute_field_14
                0x00009318                bg_gattdb_data_attribute_field_13
                0x00009320                bg_gattdb_data_attribute_field_12
                0x00009324                bg_gattdb_data_attribute_field_11
                0x00009332                bg_gattdb_data_attribute_field_10
                0x0000933a                bg_gattdb_data_attribute_field_9
                0x0000933e                bg_gattdb_data_attribute_field_8
                0x00009342                bg_gattdb_data_attribute_field_7
                0x0000934c                bg_gattdb_data_attribute_field_6
                0x00009354                bg_gattdb_data_attribute_field_5
                0x0000935c                bg_gattdb_data_attribute_field_4
                0x00009360                bg_gattdb_data_attribute_field_2
                0x00009368                bg_gattdb_data_attribute_field_1
                0x00009370                bg_gattdb_data_attribute_field_0
                0x00009374                bg_gattdb_data_adv_uuid128_map
                0x00009375                bg_gattdb_data_adv_uuid16_map
                0x0000937a                bg_gattdb_data_attributes_dynamic_mapping_map
                0x00009388                bg_gattdb_data_uuidtable_128_map
                0x000093a8                bg_gattdb_data_uuidtable_16_map
 *(.text*)
 *fill*         0x000093ca        0x2 
 .text          0x000093cc       0x40 h:/simplicity/developer/toolchains/gnu_arm/7.2_2017q4/bin/../lib/gcc/arm-none-eabi/7.2.1/thumb/v7e-m/fpv4-sp/softfp/crtbegin.o
 .text          0x0000940c       0x74 h:/simplicity/developer/toolchains/gnu_arm/7.2_2017q4/bin/../lib/gcc/arm-none-eabi/7.2.1/../../../../arm-none-eabi/lib/thumb/v7e-m/fpv4-sp/softfp/crt0.o
                0x0000940c                _mainCRTStartup
                0x0000940c                _start
 .text          0x00009480     0x6314 C:\Users\deepesh\AppData\Local\Temp\ccecWLQc.ltrans0.ltrans.o
                0x00009480                sfa7d4ced569ec162284f98dec27e7c53b38f9db2735667b2b8dea00e4a363081
                0x000095cc                SYNTH_IRQHandler
                0x000095dc                GENERIC_PHY_RxOverflowHook.lto_priv.797
                0x000097ea                s57c5640bfee223650e674e78dbd5151760c9d90d8f8237f6f1859df9e8569b27.lto_priv.632
                0x00009870                s85fec278c5d74e6b9700b5ba82c5744233419731e6d2b1a31bd60fcad1ef632c
                0x0000988c                s394827979bc517d8c3056ed32db702b680b9a4e9c4ffba37e5359ca17d84f0fb
                0x00009a78                s72779115b1b07fe678f0d68ddd2c3b732b8d9d0591b9f1ea6615a8f2754843c9
                0x00009b14                AGC_IRQHandler
                0x00009fa4                ecp_mod_p256.lto_priv.435
                0x0000a468                s555e05d96c28502d6d0733c44e1c44652a56e2eba66e844d22bdba7a41206103.lto_priv.519
                0x0000a4d0                sbcb44dbbb4e15915ca392a362af3aa0be96eec60363c5bfb54f719c936b2c4b0.lto_priv.520
                0x0000a4f0                seb5bf1da0c9ed9347cd8bc15e5634dc71718bcd4cab32c48dcb28bea072dc14a
                0x0000a520                s43b667355dd07062fe0261de806a446b9e11c49e03ade53aa00d1d143b39cd91.lto_priv.488
                0x0000a570                s1f5aa6f1203ab098ddb83c749573190ebbab63dcccd24d476c32d143c6ee4e13.lto_priv.523
                0x0000a5a8                s058a35f627504dd2ebcb53ed9c8dd0a2699ae3b3ed9ea263900462988391b489.lto_priv.477.lto_priv.524
                0x0000a5a8                s058a35f627504dd2ebcb53ed9c8dd0a2699ae3b3ed9ea263900462988391b489.lto_priv.476.lto_priv.479
                0x0000a5a8                s058a35f627504dd2ebcb53ed9c8dd0a2699ae3b3ed9ea263900462988391b489.lto_priv.478.lto_priv.532
                0x0000a5a8                s058a35f627504dd2ebcb53ed9c8dd0a2699ae3b3ed9ea263900462988391b489.lto_priv.703
                0x0000a5b4                s9ff64dc159da670e77c85b13eee3f9cbfaa7038e9c63174821f1d22e366c436c.lto_priv.543.lto_priv.704
                0x0000a5b4                s9ff64dc159da670e77c85b13eee3f9cbfaa7038e9c63174821f1d22e366c436c.lto_priv.527.lto_priv.531
                0x0000a5b4                s9ff64dc159da670e77c85b13eee3f9cbfaa7038e9c63174821f1d22e366c436c.lto_priv.544.lto_priv.681
                0x0000a5b4                s9ff64dc159da670e77c85b13eee3f9cbfaa7038e9c63174821f1d22e366c436c.lto_priv.526.lto_priv.528
                0x0000a5b4                s9ff64dc159da670e77c85b13eee3f9cbfaa7038e9c63174821f1d22e366c436c.lto_priv.525.lto_priv.540
                0x0000a5c4                s82dd3ab8003cd2497ba2ed2c0c21b4458767185e45364604942182c9348f9aaa.lto_priv.481.lto_priv.482
                0x0000a5c4                s82dd3ab8003cd2497ba2ed2c0c21b4458767185e45364604942182c9348f9aaa.lto_priv.655
                0x0000a5c4                s82dd3ab8003cd2497ba2ed2c0c21b4458767185e45364604942182c9348f9aaa.lto_priv.480.lto_priv.536
                0x0000a5d2                scecbc50c9cf28dd98845aa205755e3e4c50ab3cbc03c879de116cb37f4edb289.lto_priv.675
                0x0000a5d2                scecbc50c9cf28dd98845aa205755e3e4c50ab3cbc03c879de116cb37f4edb289.lto_priv.502.lto_priv.538
                0x0000a5d2                scecbc50c9cf28dd98845aa205755e3e4c50ab3cbc03c879de116cb37f4edb289.lto_priv.503.lto_priv.504
                0x0000a5dc                s671b6088cd303b07b712b0a1be2aedede858afd9462658e78c0cdbe2d753299a.lto_priv.551.lto_priv.678
                0x0000a5dc                s671b6088cd303b07b712b0a1be2aedede858afd9462658e78c0cdbe2d753299a.lto_priv.546.lto_priv.705
                0x0000a5dc                s671b6088cd303b07b712b0a1be2aedede858afd9462658e78c0cdbe2d753299a.lto_priv.547.lto_priv.702
                0x0000a5dc                s671b6088cd303b07b712b0a1be2aedede858afd9462658e78c0cdbe2d753299a.lto_priv.484.lto_priv.515
                0x0000a5dc                s671b6088cd303b07b712b0a1be2aedede858afd9462658e78c0cdbe2d753299a.lto_priv.485.lto_priv.486
                0x0000a5dc                s671b6088cd303b07b712b0a1be2aedede858afd9462658e78c0cdbe2d753299a.lto_priv.553.lto_priv.676
                0x0000a5dc                s671b6088cd303b07b712b0a1be2aedede858afd9462658e78c0cdbe2d753299a.lto_priv.550.lto_priv.682
                0x0000a5dc                s671b6088cd303b07b712b0a1be2aedede858afd9462658e78c0cdbe2d753299a.lto_priv.554.lto_priv.653
                0x0000a5dc                s671b6088cd303b07b712b0a1be2aedede858afd9462658e78c0cdbe2d753299a.lto_priv.548.lto_priv.698
                0x0000a5dc                s671b6088cd303b07b712b0a1be2aedede858afd9462658e78c0cdbe2d753299a.lto_priv.545.lto_priv.680
                0x0000a5dc                s671b6088cd303b07b712b0a1be2aedede858afd9462658e78c0cdbe2d753299a.lto_priv.483.lto_priv.537
                0x0000a5dc                s671b6088cd303b07b712b0a1be2aedede858afd9462658e78c0cdbe2d753299a.lto_priv.549.lto_priv.684
                0x0000a5dc                s671b6088cd303b07b712b0a1be2aedede858afd9462658e78c0cdbe2d753299a.lto_priv.552.lto_priv.677
                0x0000a600                swapl.lto_priv.506.lto_priv.507
                0x0000a600                swapl.lto_priv.505.lto_priv.539
                0x0000a604                bgbuf_chain_links.lto_priv.555.lto_priv.855
                0x0000a604                bgbuf_chain_links.lto_priv.556.lto_priv.683
                0x0000a604                bgbuf_chain_links.lto_priv.557.lto_priv.667
                0x0000a604                bgbuf_chain_links.lto_priv.533.lto_priv.541
                0x0000a604                bgbuf_chain_links.lto_priv.534.lto_priv.535
                0x0000a614                s1b037843a5798a501b1bf997ec66a5d32c1273f48a95622356b6cfeb2de10fb3
                0x0000a63c                s806233bbd3dc53cce472d676990bebc134264d01b979aade18a51e7c661ab5e4.lto_priv.472
                0x0000a684                sf510823518aa434aab068d1d9d2ffd09997fdc2bf2646b830c31701c97443808.lto_priv.712
                0x0000a688                s0198e9aaf28957347d4660bf7c76298dfdfc28068911f0cfb72e1c7f7b92ce83
                0x0000a694                s4b0768ec1694b4462a50c6a0009d2c968480882bab2f3870f44b96db31289e11.lto_priv.669
                0x0000a6b0                scab1be5017b41f56d14d3fcef52a148bb609efd81dc7cc82de3aa10b50cc8043
                0x0000a700                s3cab21e792d54b7541fed56ab1cdc2638fc0c5dfa65136d194a7115f225fe29a
                0x0000a718                s1c191b5248f708c675e993605301d9ca96e7511e19170fce8d2ba23302a66c37.lto_priv.493
                0x0000a738                sad9cedfdff57fcf1f2e8a7cb957987afcdd37d68e343d6fb4af70f8cc2d26818.lto_priv.491
                0x0000a82e                sdc285a045a4d184ba1f96a679bf976dad3cc4dd6d580b7bdcc8d7221f193317a
                0x0000a876                sad68bd15d6e2e6b2fe2e5c40a1b4e2937165ee45a1171231878240f07ff2db96.lto_priv.492
                0x0000a94c                s9af9e10166b4dfbcbd649fca5486b552c344542f69d081c660bc42f9606e3c40
                0x0000aacc                s268808e179520926de9973ff7b3a6217a186a7862d8adaecdfb83b553adb5de7
                0x0000ab0a                s6cde2f2134fa96584fdcfab30c5890642817dec76c53de88f7945652b79e7ae6
                0x0000ab20                s24414439278278109a31be670ffd8cd0098f486d06e26d4bd910964725169f78.lto_priv.906
                0x0000ab98                sf37b8dfec97c0a9e3a64e64cd330ef6a8b298905cd01041ad4c899c6a5e70060.part.4
                0x0000abd4                sf37b8dfec97c0a9e3a64e64cd330ef6a8b298905cd01041ad4c899c6a5e70060
                0x0000ac10                s495947f0fcecf09be7c1bc75c6ed4bd12df63a4e6f8314cc576a6d8ccf270fa7
                0x0000ac74                sddd99ff8736e059d0ece66ec3df74ab77094df6a97722fbc80a6b0a3c3e55697
                0x0000acc8                s1573ff43048a4da8c49031b54d796ef8be152c24842a072118e765733677d113
                0x0000ad20                RADIO_RxTrailDataLength
                0x0000ad5c                RADIO_ClockFreqGet
                0x0000ad98                RADIO_RACStateGet.lto_priv.560.lto_priv.778
                0x0000ad98                RADIO_RACStateGet.lto_priv.564.lto_priv.777
                0x0000ad98                RADIO_RACStateGet.lto_priv.561.lto_priv.773
                0x0000ad98                RADIO_RACStateGet.lto_priv.562.lto_priv.827
                0x0000ada8                RAC_RSM_IRQHandler
                0x0000adf8                PROTIMER_PrecntOverflowToUs
                0x0000ae28                PA_SelectBand
                0x0000ae88                PA_SetRampTime
                0x0000afa0                PA_SetPowerLevel
                0x0000b0d4                GENERIC_PHY_PacketTxCommon
                0x0000b114                BUFC_WriteBuffer
                0x0000b1c0                ll_linkGetWindowWidening
                0x0000b218                ll_connEncDataToBuffer
                0x0000b240                ll_connEncBufferToData
                0x0000b26c                ll_connValidateParams
                0x0000b2a6                ll_connUpdateMaxPacketLengths
                0x0000b318                ll_connGetHandleByConn
                0x0000b348                ll_connGetByHandle
                0x0000b374                bg_bit_clr_exclusive.lto_priv.572.lto_priv.821
                0x0000b374                bg_bit_clr_exclusive.lto_priv.574.lto_priv.814
                0x0000b374                bg_bit_clr_exclusive.lto_priv.571.lto_priv.819
                0x0000b374                bg_bit_clr_exclusive.lto_priv.569.lto_priv.829
                0x0000b374                bg_bit_clr_exclusive.lto_priv.573.lto_priv.817
                0x0000b374                bg_bit_clr_exclusive.lto_priv.570.lto_priv.816
                0x0000b386                bg_bit_set_exclusive.lto_priv.579.lto_priv.813
                0x0000b386                bg_bit_set_exclusive.lto_priv.578.lto_priv.822
                0x0000b386                bg_bit_set_exclusive.lto_priv.576.lto_priv.828
                0x0000b386                bg_bit_set_exclusive.lto_priv.580.lto_priv.652
                0x0000b386                bg_bit_set_exclusive.lto_priv.582.lto_priv.815
                0x0000b386                bg_bit_set_exclusive.lto_priv.575.lto_priv.671
                0x0000b386                bg_bit_set_exclusive.lto_priv.577.lto_priv.825
                0x0000b396                ll_connEncryptionConnectionInit
                0x0000b3cc                ll_connRaiseEvents
                0x0000ba1c                ll_channelmapUpdate
                0x0000ba96                ll_connInitNew
                0x0000bc78                ll_channelmapUsedChannels
                0x0000bca0                ll_channelmapGetChannelMap
                0x0000bcb8                ll_connUpdatedChannelClassification
                0x0000bd24                ll_advExtUpdateChannelMap
                0x0000bd44                ll_advGetByHandle
                0x0000bd8c                adv_getRadioPhy.lto_priv.854
                0x0000bd8c                scan_getRadioPhy.lto_priv.820
                0x0000bda0                set_change_awareness
                0x0000bdbc                set_client_features
                0x0000bdfa                ubt_gap_set_le_mode
                0x0000c2a8                s91d970e5fa6755d762095036b278ea33c9fb46799228c569eaf1a7cc48fabce2
                0x0000c2f0                s7413f59c5c3e6f88b5203a095a4c3fe2381d18309aa7af23e7b20c0681c1e567
                0x0000c334                s2c47450d827ee803876a1a82f9a56f0e77721e06937524eb4c062d3b87927f0d.lto_priv.889
                0x0000c346                s0012ba35f380ee8555045e5957615304786d5c55579203bce19b2ddfa68711f7
                0x0000c3fc                scda99358aee15b47126b17bb7665c374c4b5f197f6fc3b67606a931b692d8bf6
                0x0000c510                mbedtls_ecp_point_free.part.8
                0x0000c52c                mbedtls_ecp_point_init.part.5
                0x0000c544                ecp_modp.lto_priv.500
                0x0000c5cc                mbedtls_ecp_check_pubkey
                0x0000c760                mbedtls_ecp_copy
                0x0000c78c                mbedtls_ecp_point_free
                0x0000c792                mbedtls_ecp_group_free
                0x0000c7f0                crypto_management_release
                0x0000c824                mbedtls_aes_init.part.3
                0x0000c82c                PROTIMER_GetTime
                0x0000c868                PROTIMER_GetUsTime
                0x0000c880                GENERIC_PHY_SeqAtomicLock
                0x0000c930                ll_dtmTaskHandler
                0x0000ca78                ll_connEncryptionSetSessionKey
                0x0000cb10                ll_connFree
                0x0000cb6c                ll_advTaskStopHandle
                0x0000ce4c                ll_advExtTaskHandlerWaitTx
                0x0000d0a0                ll_advTaskHandlerWaitTx
                0x0000d1c4                ll_connAlloc
                0x0000d224                ll_advUpdateMaxEventLength
                0x0000d324                PROTIMER_CCTimerStart
                0x0000d50c                GENERIC_PHY_EnableRadioIrqs.lto_priv.774
                0x0000d540                GENERIC_PHY_DisableRadioIrqs.lto_priv.776
                0x0000d5f0                GENERIC_PHY_ConfigureInterrupts.lto_priv.775
                0x0000d780                GENERIC_PHY_ClearPendedRxWindowEnd.lto_priv.772
                0x0000d7dc                RADIO_RACRxAbort.lto_priv.474
                0x0000d814                BUFC_RxBufferReset
                0x0000d868                GENERIC_PHY_ResetRxFifo
                0x0000d89c                FRC_IRQHandler
                0x0000dfb8                FRC_PRI_IRQHandler
                0x0000dfba                MODEM_IRQHandler
                0x0000dfbc                RAC_SEQ_IRQHandler
                0x0000dfbe                PROTIMER_IRQHandler
                0x0000dfc0                BUFC_IRQHandler
                0x0000dfc2                GENERIC_PHY_RadioIdle
                0x0000e134                mbedtls_aes_crypt_ctr
                0x0000e2dc                s424caee044dc73001d4f5318ed82adf4ee11498ca2bb9d0d38bce011b1537f32.lto_priv.530
                0x0000e3c2                s4df97908585f13e4f95c41529f173c5feae8db8c963509c90b492826dbcc9c34.lto_priv.487
                0x0000e5d0                crypto_management_release_preemption
                0x0000ea24                ll_connSendData
                0x0000ebcc                ll_connEnableDataFlow
                0x0000ebf2                ll_connEncryptionFail
                0x0000ec08                ecp_double_jac.lto_priv.497
                0x0000f1e2                ecp_add_mixed.lto_priv.499
 .text.unlikely
                0x0000f794      0x534 C:\Users\deepesh\AppData\Local\Temp\ccecWLQc.ltrans0.ltrans.o
                0x0000f794                fill_buffer_byte.lto_priv.851
                0x0000f7bc                ecp_safe_invert_jac.lto_priv.495
                0x0000f804                ecp_normalize_jac.lto_priv.496
                0x0000f8d2                ecp_normalize_jac_many.lto_priv.498
 .text          0x0000fcc8     0x50b4 C:\Users\deepesh\AppData\Local\Temp\ccecWLQc.ltrans1.ltrans.o
                0x0000fd36                bg_pre_sleep
                0x0000fd38                bg_post_wakeup
                0x0000fe1c                gecko_init_alloc
                0x0000ffa4                ll_llcpCallbackConnectionUpdatePreListen.lto_priv.782
                0x0000ffe4                ll_llcpCallbackChannelMapUpdate.lto_priv.781
                0x0001005a                ll_bgbuf_callback.lto_priv.896
                0x00010214                ll_connAbortLlcp
                0x00010240                ll_llcpCallbackEncryption.lto_priv.780
                0x000102a4                ll_llcpFeatureExchange
                0x000102e0                ll_llcpSend
                0x000103e8                ll_llcpUpdateChannelMap_sender.lto_priv.568
                0x00010500                ll_llcpSendReject
                0x0001053c                ll_hciSendHCIEvent
                0x00010548                ll_hciSendAdvSetTerminated.part.3
                0x00010582                ll_hciSendEncryptionChange
                0x000105b2                ll_hciSendLeConnectionComplete
                0x0001062c                hci_command_alloc
                0x0001065a                hci_state_listener
                0x0001068c                hci_increase_token.lto_priv.473
                0x0001069e                handle_bgapi_output.lto_priv.588
                0x00010714                sli_bt_cmd_handler_delegate
                0x00010764                user_signal_message_handler.lto_priv.892
                0x00010790                gatt_db_find_attribute_by_type
                0x000107c8                gatt_db_get_16bit_char_handle
                0x000107ee                gatt_db_user_value
                0x0001080c                gatt_db_get_char_properties
                0x00010850                gatt_db_handle_active
                0x00010880                gatt_db_get_data
                0x00010924                gatt_db_find_by_type_value
                0x00010adc                send_notification.lto_priv.902
                0x00010b96                gatt_get_next_connection
                0x00010bbc                gatt_server_report_gattdb_change
                0x00010c50                use_legacy_advertising.lto_priv.596
                0x00010c86                check_private_address_and_timer
                0x00010d54                gecko_stack_update_callback
                0x00010d64                set_ctune
                0x00010df0                gecko_external_signal
                0x00010e0c                bgbuf_chain_defragment
                0x00010e98                bgbuf_chain_drop_end
                0x00010eda                bgbuf_chain_drop
                0x00010f08                bgbuf_chain_add
                0x00010f1c                bgbuf_chain_len
                0x00010f30                bgbuf_prepend_no_alloc
                0x00010f70                bgbuf_prepend
                0x00010f94                bgbuf_chain_pop_packet
                0x00010fba                bgbuf_chain_free
                0x00011008                gatt_db_set_data
                0x00011194                finish_execute_write_req.lto_priv.903
                0x00011554                cache_adv_scan_packet.lto_priv.594
                0x00011574                bgbuf_append_data
                0x00011598                bgbuf_chain_append_data
                0x000115fc                bgbuf_chain_append_byte.lto_priv.598.lto_priv.600
                0x000115fc                bgbuf_chain_append_byte.lto_priv.599.lto_priv.601
                0x00011612                gap_adv_add_name.lto_priv.595
                0x000116b0                gap_adv_add_attribute.lto_priv.597
                0x0001174e                ll_llcpLinkLost
                0x00011884                ll_llcpSendLengthReq
                0x00011928                ll_llcpHandleFeatureReq.lto_priv.818
                0x00011984                ll_llcpHandlePacketCommon
                0x00011ca4                ll_hciSendNumberOfCompletedPackets
                0x00011d50                ll_hciHandleCommand
                0x00012e98                hci_send_acl
                0x00012fd4                l2cap_message_handler
                0x00013008                l2cap_send_fixed_channel
                0x0001304a                hci_send_command
                0x00013148                hci_close_acl
                0x00013224                gap_adv_update
                0x00013484                ubt_gap_set_adv_data
                0x00014ab4                gap_scan_update
                0x00014bb4                gap_listener
 .text.unlikely
                0x00014d7c      0x394 C:\Users\deepesh\AppData\Local\Temp\ccecWLQc.ltrans1.ltrans.o
 .text          0x00015110     0x5378 C:\Users\deepesh\AppData\Local\Temp\ccecWLQc.ltrans2.ltrans.o
                0x00015234                s811283eda8925aa908a29c0fb184c1693eb6e29d68029a5072949c207b4f7cb8.lto_priv.469
                0x00015294                s203c11a0e296da6702f974aa7096ebe966ea61a0ec7b70ba6d359e8bda6a59aa.lto_priv.759
                0x000152f8                s64ec19537b527aa778a6ec009b06ebbe07b609befdc684ca07977921956276c2.lto_priv.758
                0x00015328                s005973216bcb99fc86eb4ed314903a24bab65fe7bae1a6fa154d0eaba59507a5
                0x00015338                ccm_aes_setkey_wrap.lto_priv.466
                0x0001533c                aes_ctx_free.lto_priv.465
                0x00015350                aes_crypt_ctr_wrap.lto_priv.461
                0x00015354                ccm_ctx_free.lto_priv.468
                0x00015366                bgapi_test_lib_msg_handler
                0x000153b0                sli_bt_cmd_le_gap_bt5_set_adv_parameters
                0x00015480                sli_bt_cmd_le_gap_set_scan_parameters
                0x000154ec                sli_bt_cmd_le_gap_end_procedure
                0x00015534                sli_bt_cmd_le_gap_discover
                0x000155b0                sli_bt_cmd_le_gap_bt5_set_adv_data
                0x00015614                sli_bt_cmd_le_gap_bt5_set_mode
                0x000158d0                s3b8af17dc1984bef9dfe136fe6f6903d953c7650b2c9af7638a9d6517266c96a.lto_priv.438
                0x000158fc                s49a5aef00ed35d07789c1a79de9e63fc357b634005e3f893e064f4a74e900002.lto_priv.761
                0x00015900                sc1caa8d631e234034408bfda5382abeb136472432d5432eb4abfc0f4c4b28078
                0x00015904                s89514f25042a56d1f6d876f640c2de839850d5baeae349e3d922d77a14be4872
                0x00015978                s15a8e3b6fcc9da0cc72a5c562b5f743a4f4be5adc234b47cf314c1a381c4b9b4.lto_priv.760
                0x000159c4                s7511782b6bff733265fdc80150f483bb1a5d0f42f56c21cff7ea617278ca4bb0.lto_priv.756
                0x00015a38                s1e6876ced0d548b56d377ef41dc0f3f0b12b41ce6a9494dc8c35c87e8e3b22d7.lto_priv.762
                0x00015ac0                sa36264136eaef7bbdc807fb560b6eda803241d39164a2730557470734ef84f43.lto_priv.763
                0x00015b28                mbedtls_aes_setkey_enc
                0x00015b64                aes_setkey_enc_wrap.lto_priv.462
                0x00015ba4                CRYPTO_KeyBufWrite.lto_priv.615
                0x00015bde                mbedtls_aes_crypt_ecb
                0x00015c84                aes_crypt_ecb_wrap.lto_priv.460
                0x00015c86                aes_setkey_dec_wrap.lto_priv.463
                0x00015d34                mbedtls_cipher_update
                0x00015dd8                mbedtls_cipher_cmac_update
                0x00015ea0                mbedtls_cipher_setup
                0x00015ed4                bondingdb_handle_valid.lto_priv.812
                0x00015ef8                ubt_sm_get_bond_data
                0x00015f28                ubt_sm_set_bond_data
                0x00015f56                mbedtls_mpi_cmp_mpi
                0x00015fd6                mbedtls_mpi_cmp_int
                0x00015ff0                mbedtls_mpi_bitlen
                0x00016030                mbedtls_mpi_free
                0x0001605c                bg_random_get_data
                0x000160d8                s8681d0293da3d4e9319e50b9d093b5eed863ee1d4c03d481b4634a636ecc899a.lto_priv.757
                0x0001612e                bg_pool_free
                0x00016172                bg_pool_alloc
                0x0001618c                bg_message_run
                0x00016210                bg_message_call
                0x0001623e                bg_message_remove_receivers
                0x00016270                bg_message_send_later_alloc_pool
                0x000162f8                bg_message_send
                0x0001633e                bg_message_cancel_matching
                0x00016394                bg_malloc
                0x000163b2                bg_message_add_receiver
                0x000163d6                bg_zalloc
                0x000163ee                aes_ctx_alloc.lto_priv.464
                0x00016402                ccm_ctx_alloc.lto_priv.467
                0x0001641a                mbedtls_mpi_grow
                0x0001646c                mbedtls_mpi_shift_l
                0x000164fa                mbedtls_mpi_lset
                0x00016522                mbedtls_mpi_shift_r
                0x00016596                mbedtls_mpi_read_binary
                0x00016602                mbedtls_mpi_copy
                0x00016656                mbedtls_mpi_mul_mpi
                0x00016c58                mbedtls_mpi_mul_int
                0x00016c72                mbedtls_mpi_sub_abs
                0x00016e00                mbedtls_mpi_sub_mpi
                0x00016e46                mbedtls_mpi_add_mpi
                0x00016e8a                mbedtls_mpi_mod_mpi
                0x00017220                mbedtls_mpi_shrink
                0x00017290                bg_event_raise
                0x000172bc                bg_event_allocate
                0x000172e4                bg_bit_popcount
                0x0001730a                att_buf_send
                0x00017314                att_send_pdu
                0x00017320                att_alloc_pdu_copy_data
                0x00017356                att_alloc_buf
                0x0001736a                att_alloc_pdu
                0x0001737a                att_send_execute_write_response
                0x00017394                att_send_write_response
                0x000173ae                att_send_error_response
                0x000173d4                acl_find_by_addr
                0x00017404                acl_find_by_index
                0x0001741c                acl_find_by_hci_handle
                0x00017434                acl_release_
                0x000174d8                s0c83dbf80cd6ed3a3e9ae223b4683f746e30fffdf1211b02f02c0492bfee977d
                0x000175f0                sde1a9ba2693b3ad6aac10ee8b861b8b7d7cd04179ce6c38a709765b6792f2330
                0x00017624                s68a2e0afa498fcd2704fb14ae53ceeb80b149f4e726c3ffc6d2123e5cbe977d2.part.1.lto_priv.514
                0x00017654                sde778c787f98f879fb24013e79bf2879330a17453cb0da1321a8695b37de5995.lto_priv.489
                0x000176b0                sa9fa4419e9b98f124930888065baf4e06b65a8189054d093682a52abbff1d8e7.lto_priv.518
                0x000176c4                sc96c8ee327dbf4788de6c825351bb9921e20a75bff30be820055db7982e78ac4.lto_priv.512
                0x000176dc                s0954221c1a9f9708187a6b78840c6ef452f586287a276713ec25353eb8f9406a.lto_priv.513
                0x0001770c                sd09e90db062aba7a485b818a8b8292be87b116a80119968fb7e55f47408b4cf8.lto_priv.517
                0x000177c0                sefadbf67c58fb46c289d1ab9c5d80dc12486d7cee315da1c8833f928991bae32
                0x000177f0                s47d58c22dd520fdc4819aa8b4ba43c5e1bd5085d1d507c1ccc868cc96765a39d.lto_priv.510
                0x00017810                sd781d953cd4f054f4e694d937d5dc29ebbf7f8922d52a3e9252aba27db72d3c9
                0x00017828                sb3ab9401e541618ef9464dc9dc279a39fe8a98408c8627c4657039eaab26f0de
                0x0001786c                s8987b89eb8d003cb3c46e146f226893cd7d4dc045215a206c1aa1d49e810f691
                0x000178a8                s1050f3816948dec04ec1c09d009193abb842d1939e7d5426d2d4a9c153fa19e4
                0x000178d8                sb0a0e7dcc0aff66940393115d537bebc9e159573c855ec5411edbeb12839bac0
                0x000178f4                se98db4dd27ee87b19a138a390e62f7893fe203dbb85bab88a77cc8b8a614fb8f.lto_priv.701
                0x00017924                s2e706f4c17d4ea23e81bf66fdff240bb90fd55d0186c6d1eda5cbcb22504ad5e.lto_priv.516
                0x000179f0                sfc184ab84ea5e9956e3f0cb94dc3ae7f61c042516f939e8654763716d14a7a81
                0x00017a1c                s1902c353513a46e4cd63cc1f67ad9b3ed6b03db525594ff1190d66187c988aaa.lto_priv.707
                0x00017a78                s31b72b6e17f66a75028f13e3b569068eab7b7f76390102ba2f9865df1577ae62
                0x00017ab4                se263be2a0b7c61240fd9e57a89877d3f5530a3065eb9518d2e80626d679449e1
                0x00017af0                s84476a5ffe0e3f078d3c5923082966062475e23dfc77615bda3b57b3a777eb53.lto_priv.470
                0x00017b2c                sbf2ac1065610d3d5d84bda651927927d88cb7a9e0ca536e5fd8e2941ebe14da2
                0x00017ba4                se2ac50849b88f78cfc22b491336fffca4e4fd919eda671a79ff653737fdaeee5
                0x00017c14                s59fda895212499eb341894a754b6a8799cd070e09c2bea080538c1a9504b52d5
                0x00017d04                s113e2670c561fa1b518d06d7a71031984f646f284cc10f4d51f7b7cb1b8d3f20.part.11
                0x00017d1c                s0a1bfc2a0c5d787842e86cdcb14f277dd1cacdc8dd398d0d81fe73935d236f0b
                0x00017d34                secc6bf91f48f6e16151fd077159682ea379e98faa6c2e6e80454c04fb3c507d4
                0x00017d80                sbd8afb566a1ea086ff1907750150be7937a659173c463521c9436e71ff28a4ae
                0x00017e08                s3203fca0711eb4bb0e37e1b5de1351d8a1e0d233ce6341ea972f92c06fe48f3e
                0x00017e54                s15c3aa335e4014577105e5f7ac7d6df0d79f2fc33405a5c6dc0a2a3b1c4da159
                0x00017e94                s187bcaadfa1d4bd2089d46791a381f7ca2a439c4c30cfa85d232cfc3df36bdd9.lto_priv.511
                0x00017f24                sb60ae40d295f456443d07c2a32c37c5a0e63f7321cd92bf5ac322a4d3a78b530
                0x00017f70                s8633ed229e1c84f4429ddba42c890c6191d9c432c0e6a84977fc4264d4c644fc
                0x00017fcc                sd9986e35a85516bf26ff6b1218cf202e6f1172c3527907ac829ee61275658a4a
                0x00018020                sfc9cd36a1bbb920521ea04ce8c64ab351e3bc801eff8f04e8bc97e393a4dba42
                0x00018040                saad99ac0ad18b3524a4f97ecdae7c27474b69cf8f9a5152e1dca53104d5872f6
                0x0001834c                sccc159e0818bc3416cf5ea5e03b2db05ae2a5f61d3e670403df7b3380971840b
                0x000183dc                s53d65179ce58217b8dbbda4d6a962b325730c74ab87b5d6e6462a55cdc28bc31
                0x000183fc                s7d71c9802e3958162b5fdd55fa253c867fa29d2fb4c4ba23cdcbc795d5c42be2
                0x00018450                s4e7adfb85a0516b47aa7b4d1a2c14f2ebff439c70cb5c934109625c077ca51a3.lto_priv.509
                0x00018490                s90457651413029d1b805c9791502f80dad2bc331f03b9db5ed195366407d1399.lto_priv.769
                0x000184f4                sa9857b5d797c92bedc6af155e7303a2b28fe0c67080bd8d007b028484be03fe0
                0x00018524                s97883586fbc16cac6a15bf423cb4894369f84caca35876f6be3e2698e78f4cb8
                0x00018554                sefcf855296e3ebeb40461302ec77153dbc14d8b7343459d104494c055f36f37a
                0x000185d0                sc0bbe4f47f33af52dada84dab2be3fc53ee775c69299aff02a8271f1c942b4fb.lto_priv.710
                0x00018600                s6595fbcfaef90445a8a7fe8b1058808e3c4bf4a91e1235f3abbf289f9d80551a
                0x0001862c                mbedtls_cipher_cmac_finish
                0x0001873c                mbedtls_cipher_free
                0x0001876c                s6d380183df0b781240090db6d22dec74d362caf943d3f86b6a7a8dec2b7beb1e
                0x000187c8                se27ffd4e335c1b287068f894ab12cd726a9f6a2615712701a687f5fd281d4cff
                0x000187ee                s209982b582be70cf7990f9b873281f2e890fc861caea8609036859f4f0205138
                0x0001895c                s66d7ddb2eb6fbb82ceb6ffe22da92fb8e82f6831525734c70007208b78a3dd25.part.14
                0x00018a24                s400811aa0cd11c4cb41e52ce55495c20a1bbba83da63015ee4f93f619f033e7b
                0x00018a6c                s3af4da5ae226a5fafe91e81ba2c31fb669ea28b51513723d8faa1123a21ee5d1
                0x00018ab4                sfba4a69959f432b6a16997869735d5345a408c9f4f869c7678226c11563073aa.lto_priv.766
                0x00018ba8                s0c6bfff49a261ea18faf7e5beb1c85f478315014f2a74981dcb05064c886f467
                0x00018db8                s2d25e67a1dff175339e8a52a5bfc7f39aefdd0e3e7af7e01f51a5a6470bd83cf
                0x00018ed4                s18ca20e6edd7b1dafa111ed259e869b324c456749ccf13e15a084847d5bff424
                0x00018fd0                sdae12e034c336a2007efc5ff5da68577c816387d0e5e9ac4bc409b4dd2ae493f
                0x00019068                s3aac575e28da0d7964dad5ad5d6c85d4997f65b29590a405fb0f8c020dbac66b
                0x00019158                sfccfa04b675878208b0bdd7c5ae9bb6285224f7f9545ce4640a144450783d728
                0x00019244                sb01c0c6b5f7fad080c3b853b80a384592a7c04f998589695044f39b9dd8cc496
                0x000192ec                sbdab0a659a16ba137b7d899db62f0b250227ca35db821e3eae0ad86b6f52ca17
                0x000193c0                sdae43e33b155587c01dcd99a12efa714bd1bea37c2e312cdcf6f5d3015940365
                0x00019474                s52a958eed992c5285bed4345ee3d727bb229196b3be3728a0283b14bea5bbfac
 .text.unlikely
                0x0001a488      0x628 C:\Users\deepesh\AppData\Local\Temp\ccecWLQc.ltrans2.ltrans.o
                0x0001a488                mbedtls_mpi_safe_cond_assign
                0x0001a4f0                mbedtls_mpi_inv_mod
                0x0001a88a                s8cd570e7c4ed3e3540ac5c675077a70067e7bf80be7cabc7685a7c7bb44dff1b.part.3.lto_priv.522
                0x0001a8ec                sd9038c93eed87bddb38a63c2f0e6d0e0c9a54e9ebc8659ec70537589ba45d407.lto_priv.521
                0x0001a920                s0408690682cb3436f632c42469ecba5306b402f1c8e9aadd9e11b01bd77b1201
                0x0001a96a                sd9e94f8fc36e83d2d2b276da826a5a682079ce5f587c74329cc207f253f1f473
                0x0001a9b4                s3033267058558a9277cf69c7eeac6de89f91399fd2564e66cdfa2e0f949820b8.lto_priv.904
                0x0001a9ea                s5df900385b51eb670f368b1ea2c786b3a6dc6727b4c5c9fb538f07fb23ed7df6
 .text          0x0001aab0     0x37b0 C:\Users\deepesh\AppData\Local\Temp\ccecWLQc.ltrans3.ltrans.o
                0x0001b01c                USART0_RX_IRQHandler
                0x0001b200                USART2_RX_IRQHandler
                0x0001b200                I2C0_IRQHandler
                0x0001b200                WDOG1_IRQHandler
                0x0001b200                LEUART0_IRQHandler
                0x0001b200                CSEN_IRQHandler
                0x0001b200                LETIMER0_IRQHandler
                0x0001b200                MemManage_Handler
                0x0001b200                CMU_IRQHandler
                0x0001b200                ACMP0_IRQHandler
                0x0001b200                NMI_Handler
                0x0001b200                CRYPTO1_IRQHandler
                0x0001b200                SysTick_Handler
                0x0001b200                SMU_IRQHandler
                0x0001b200                IDAC0_IRQHandler
                0x0001b200                RTCC_IRQHandler
                0x0001b200                USART0_TX_IRQHandler
                0x0001b200                USART2_TX_IRQHandler
                0x0001b200                WDOG0_IRQHandler
                0x0001b200                TRNG0_IRQHandler
                0x0001b200                USART1_TX_IRQHandler
                0x0001b200                LDMA_IRQHandler
                0x0001b200                DebugMon_Handler
                0x0001b200                TIMER1_IRQHandler
                0x0001b200                MSC_IRQHandler
                0x0001b200                PCNT0_IRQHandler
                0x0001b200                WTIMER0_IRQHandler
                0x0001b200                UsageFault_Handler
                0x0001b200                ADC0_IRQHandler
                0x0001b200                SVC_Handler
                0x0001b200                PendSV_Handler
                0x0001b200                I2C1_IRQHandler
                0x0001b200                LESENSE_IRQHandler
                0x0001b200                BusFault_Handler
                0x0001b200                CRYOTIMER_IRQHandler
                0x0001b200                USART1_RX_IRQHandler
                0x0001b200                HardFault_Handler
                0x0001b200                VDAC0_IRQHandler
                0x0001b200                TIMER0_IRQHandler
                0x0001b200                EMU_IRQHandler
                0x0001b200                FPUEH_IRQHandler
                0x0001b200                CRYPTO0_IRQHandler
                0x0001b200                Default_Handler
                0x0001b500                sli_bt_cmd_gatt_server_send_characteristic_notification
                0x0001b6cc                bgapi_ubt_listener
                0x0001bdbc                GPIO_ODD_IRQHandler
                0x0001bde0                GPIO_EVEN_IRQHandler
                0x0001c1f0                Reset_Handler
                0x0001c228                wireReadDataByte
                0x0001c258                wireWriteDataByte
                0x0001c280                resetGestureParameters
                0x0001c2a8                setMode
                0x0001c2ec                DMD_writeColor.part.2
                0x0001c6c8                MSC_Deinit
                0x0001c6dc                MSC_Init
                0x0001c6fc                EMU_DCDCLnRcoBandSet
                0x0001c724                EMU_VScaleGet.lto_priv.857
                0x0001c738                CORE_ExitAtomic
                0x0001c738                CORE_ExitCritical
                0x0001c73e                bgbuf_free
                0x0001c7b4                bgbuf_alloc_int.lto_priv.471
                0x0001c850                bgbuf_clone
                0x0001c8c2                bgbuf_alloc
                0x0001c9e8                CMU_OscillatorEnable
                0x0001cb4c                CMU_ClockSelectGet
                0x0001cc14                CMU_UpdateWaitStates
                0x0001cc30                setHfLeConfig.lto_priv.856
                0x0001cc74                SystemHFClockGet
                0x0001ccbc                EMU_VScaleEM01ByClock
                0x0001cde8                CMU_ClockFreqGet
                0x0001dbdc                CMU_ClockSelectSet
                0x0001e156                _write
                0x0001e194                _sbrk
                0x0001e1b8                _read
                0x0001e248                _lseek
                0x0001e24c                _isatty
                0x0001e250                _fstat
                0x0001e25a                _exit
                0x0001e25c                _close
 .text.startup  0x0001e260     0x1c64 C:\Users\deepesh\AppData\Local\Temp\ccecWLQc.ltrans3.ltrans.o
                0x0001e260                main
 .text          0x0001fec4     0x52a0 C:\Users\deepesh\AppData\Local\Temp\ccecWLQc.ltrans4.ltrans.o
                0x0001fec4                RAIL_YieldRadio
                0x0001fec6                s0f162da1e6a3decc61507ebe76a98a73dbc69631290d76a2cd0d8030911e07bc
                0x0001ff20                s9a038438b96a59eed64aababe6ec97f449cc898c03ab04d2c74a7f7c4bbc2e05.lto_priv.721
                0x0001ff48                sb1a644a1e5843c08107db7f44e6f6de3f416b6088213276810b83cc983817266.lto_priv.752
                0x0001ffd0                sdccd8c01e9babaa0e0963c0cd2274195d601e2d214eb7259e96764e325fe3511.lto_priv.754
                0x00020008                scfcbe62bc55fcce451bccf3797d7dd6dc6d553185d251f936804143b1296dfa2.lto_priv.753
                0x00020314                sabe1f5e55bc3a8da62aba64f8e33d74dc346bc255096ea58721dba0d43e910b3
                0x0002033c                sd204e9b52d04c57fb444d1c65b4f18c9c0029fd0510c1ecb501d8db9cc21f460
                0x00020368                s795ffd578032ac74bb2f832b3db47bd2b0bc0b0ce510a0199d5e19a60fff690a
                0x000204ac                sbb4eec507b5a168ec8b28c986c2ee29204eaeed558feabb5babca62ee289846c.lto_priv.751
                0x00020594                sli_bt_cmd_mesh_generic_client_init
                0x00020660                sli_bt_cmd_mesh_generic_client_set
                0x000208c4                _mesh_foundation_send_byte_array_impl
                0x00020978                s5a9ea35d33bf4ab8bcc7b6e7fcb5fcbcbf57fec60faa44fcbcca7ecee176e1a9
                0x000209ee                sbd7dd281f10f1bd6749482f9f9ab7bf5d27e81823a9e673f429f58f2e605e576.lto_priv.771
                0x00020a0c                sc4c6a823f842d1814601d4202e4663eec22f1c956512ebca334bacebd269355b.lto_priv.508
                0x00020a28                s7106f745c102199fe27f21960295fdb4457a22b491cfa616eb470481f7a9fe98.lto_priv.679
                0x00020a94                se11f7f961c2cf2ccdd64b1c5d94dd2771bb98a3e58142b5cc4318e4d6486521c.lto_priv.770
                0x00020c20                s9f68a26d035d1f514a015a273071c91891899c1e9d01919edc19081ead2e6093.lto_priv.662
                0x00020c40                sc1ba439c94aa9693f7b611877a2f066f5e83b256029e30df009fc20d45c324a3.lto_priv.631
                0x00020c94                s2bd23c8fceacb806d93b517200516653f75b899c45b63f4c5072c942834cc226
                0x00020cbe                s4942a71b887c9604bea622a56e8b8e7c6834c4b6cd7a90bc47610d8ff0b93624
                0x00020cc8                scb28c1f42ed39204eaf76b33514208eb84e19d5454a84bc9ef7bbc97bb22b3ec
                0x00020f10                se2dfec209fa446700a33541d6c1bb13dfaa01e1e866573701ba5f9140c7a7c00.lto_priv.656
                0x00021040                s76cb0009c38d97748c40fb80af8eb69e087d975dcb9e945047195ce1b5cf8e07
                0x00021134                s4486de96d7f76e2a57775d4e0eb83bdaf4745d1d303f0d4421d3c0b20a527fcc.lto_priv.686.lto_priv.768
                0x00021370                s4fdd739175590387efed4a3fce66a1bca4f17b519a444ac1b9e275fe54fae31a
                0x0002138c                s79558a2aefdf9c28e56d0fab6e02360b174da1e51d40a35761c4d4f3855183b9
                0x000213b0                s88e74df6d693c3d7072d1fe7fe4d86667f9069cbeff5f446a6304df81426420e
                0x00021410                sb2b9c601cc46226b5bb2932854316060b0f4ecbc09e3ac85b0759af8fd5e17e5.lto_priv.765
                0x000214d8                sf36d8d780fc95f18233d37fe7ff1d263ff5779c7cbee229dc67fa00d04dcf0aa
                0x00021580                s09c27f1dcf1aa2f8cd58408797518d3afd58b33f4e6e6c4b2454fb1500044f00
                0x000215bc                s6511bdaeedecfe11658fc89b4e16b5429bdfd823fd9bc082d860b1649aba5995
                0x00021600                sf745b9eddd638232923ca3229e88cacaacf2aafa74770371da5c4d5d60daf09b
                0x00021628                s59dfc794530d0975de1f2f53f94b104bcbf320c923927523ab8443b14be389a0.lto_priv.475
                0x00021644                s1967a7a229d4ae623378a9646807f65cda9f7cf1ffb8836775a7d0099c309343.lto_priv.494
                0x00021668                sli_bt_cmd_mesh_node_start_unprov_beaconing
                0x000218b0                s3090f14c3265652bdeef45fd059dd45b630cfd2e384a89d274e91ccf2eee559c.lto_priv.657
                0x00021ac4                sdc7ea1cc37fcaca7c6cabd8fb488564c5b462a2610cf6907fcf0c2fcbccec22c.lto_priv.735
                0x00021bbc                s5cbf039156296d6c2bb8d0c0604e837c75f1723762aba8a1c8166c00fa15a638
                0x00021d28                sf90d2887feef3a4a8d4e1b316a3e9051c43223adb50eb29376cbb470e38beee5.lto_priv.685
                0x00021e70                sd0a94330b4a104a8b342e6aa42697660429b35303c23dc8cbf35eebd6849be4b
                0x00021fcc                s5684044cf5175a8b740cd2961a53a120b7e3f5ed816134bb06f946cf9d956db9
                0x0002237c                sb4cbcfb27a049a42f8c328b3b32e31225fa58acd8fa1fbd156c1086204d42f54
                0x000223f4                sfeca3019580bba44eb2c246c8ae0017167eca8528fe01c05a5279c48437c4180.lto_priv.755
                0x00022574                sa03d0b469bac1de825e65e5240dff1e6682267dbae50d14bf525c5f838fb31fa
                0x00022606                s61e8044af69aa24a7b2ee8b8b10d9f667017fa329e84958144542c19b7f4fbc7.lto_priv.720
                0x0002504c                s815a8a98ff81e1371d21e99fd5141f7265c5a80b5372686e9f36faedb811751d.lto_priv.736
 .text.unlikely
                0x00025164      0x278 C:\Users\deepesh\AppData\Local\Temp\ccecWLQc.ltrans4.ltrans.o
                0x00025340                s21837a89709527f76a22b50cacde2eeb23f009585933d94c497d12b51fb631f8
                0x0002537c                s13c87fcd1e7b3daa26d5cd11518ed7984adeafe4dfd73084375b248b53f47225
                0x000253b6                s6e0b82721891021f166f3779383940d1ce408eff5bb1cec4e2e615bf8a262f55
 .text          0x000253dc     0x4dc4 C:\Users\deepesh\AppData\Local\Temp\ccecWLQc.ltrans5.ltrans.o
                0x000254d0                s5ad1fa4191f3ccb36fb97c2ef6225191588ef0fd75f8cc98a16e688db40d5bfa.lto_priv.642
                0x000255c0                se70c2aa28d2f59c7577823c670ab2389ad7d7455a3313477adcd39c3bac98240
                0x000256a0                graphPrintCenter.constprop.424
                0x00025854                PTI_Enable.constprop.410
                0x000258a0                USART_InitSync.constprop.403
                0x00025960                send_level_request.constprop.375
                0x00025a28                enableGestureSensor.constprop.369
                0x00025ab2                bgbuf_alloc_copy_data.constprop.352
                0x00025adc                ccm_auth_crypt.constprop.347
                0x00025d88                mbedtls_ccm_setkey.constprop.343
                0x00025de0                s6d39ade7f44649b27cc26f65d9f86fa1ec4cc84e98bf51e9e8cfc9e7988777c2.constprop.336
                0x00025e30                sa6d352c37b4fa930ecbaec9816bb56056daa3d3e7623f8c520936b092a43a476.constprop.327
                0x00025e80                bgbuf_alloc_size.constprop.326
                0x00025e94                sdc7cbe274a0bd68f48e0a525a58b269c5262196daafddd164cb38663c5344a77.constprop.325
                0x00025ec4                gecko_register_bgapi_library.constprop.309
                0x00025f00                hci_le_set_ext_scan_enable.constprop.305
                0x00025f34                nvm3_writeData.constprop.301
                0x00025f50                PA_Config.constprop.290
                0x00026080                nvm3_readData.constprop.287
                0x000260b4                RFHAL_ConfigRxOptions.constprop.277
                0x0002618c                RFHAL_ResetTxFifo.constprop.268
                0x000261b8                bg_pool_init_pool.constprop.245
                0x0002623c                hci_command_alloc_bgbuf.constprop.213
                0x00026290                swap_endianess.constprop.211
                0x000262ac                bondingdb_find_by_data.part.2.constprop.207
                0x000262fc                validate_scanning_phymask.constprop.197
                0x0002630c                gatt_set_enabled_caps.constprop.187
                0x000263bc                find_address.constprop.162
                0x0002641c                preTxOps.constprop.140
                0x00026504                ll_scanTaskExtCommonHandler.constprop.133
                0x00026598                gecko_cmd_le_gap_bt5_set_adv_data.constprop.127
                0x000265f0                s1111ff367ed81175c48c8adb7f8bb0bb8796a61c1f4772065b2c2f98692b0bfe.constprop.118
                0x000265fe                s992c1f8497eff751a815360ace7b41ae6c84e3f304a9140490c2232261d3913d.constprop.111
                0x000266c4                sd2a37a3f28df5a67c6c309e951a8328fe164bc27fefa3b4e4abf9ed9d9caa37d.part.4.constprop.98
                0x00026748                s5a1766c84873223f8dc26b867cf62a40b775da77c003414a2378edf79eb83444.part.3.constprop.96
                0x000267b6                s6b6cf546326ecfdaa45b5ab0c9b319f4652a20ac438b1de23d1340ca3be1e31f.constprop.78
                0x000267d4                s12d6165640c970c592a062daeb924a8ad82661000943aa0e2e8d8bfc7c841cf7.constprop.71
                0x000268d0                mbedtls_ecp_group_load.constprop.69
                0x00026944                mbedtls_mpi_write_binary.constprop.53
                0x0002698a                s46dec11741421a29b011731561b6bd9293ef7ee403a2428c8d41fe77d18d302c.constprop.48
                0x00026a4c                s25fe1f32d256b6f9faa48676081c88e5070b1c5f55116f3efe6fac7281b5352c.constprop.18
                0x00026ab0                se5695084ddd1adb318f562e7c21b1d3964fdfee9399d146f7c2ab949daf9342b.constprop.11
                0x00026b98                ecp_crypto_device_init.isra.0.lto_priv.605
                0x00026bdc                mbedtls_internal_ecp_grp_capable
                0x00026be6                ecp_crypto_ddata_write.lto_priv.604
                0x00026c5c                mpitobigint.lto_priv.608
                0x00026c9a                CRYPTO_InstructionSequenceWait.lto_priv.439.lto_priv.616
                0x00026c9a                CRYPTO_InstructionSequenceWait.lto_priv.440.lto_priv.603
                0x00026ca2                CRYPTO_DDataRead.lto_priv.446.lto_priv.607
                0x00026ca2                CRYPTO_DDataRead.lto_priv.445.lto_priv.618
                0x00026cdc                crypto_management_acquire_preemption.constprop.175
                0x00026e20                CRYPTO_DDataWrite.lto_priv.449.lto_priv.606
                0x00026e20                CRYPTO_DDataWrite.lto_priv.447.lto_priv.617
                0x00026e20                CRYPTO_DDataWrite.lto_priv.448.lto_priv.611
                0x00026e44                CRYPTO_DData0Write260.lto_priv.441.lto_priv.612
                0x00026e5c                CRYPTO_DataReadUnaligned.lto_priv.451.lto_priv.592
                0x00026e5c                CRYPTO_DataReadUnaligned.lto_priv.450.lto_priv.613
                0x00026e9a                CRYPTO_DataWriteUnaligned.lto_priv.453.lto_priv.593
                0x00026e9a                CRYPTO_DataWriteUnaligned.lto_priv.452.lto_priv.614
                0x00026ede                mbedtls_zeroize.lto_priv.454.lto_priv.619
                0x00026ede                mbedtls_zeroize.lto_priv.455.lto_priv.651
                0x00026ede                mbedtls_zeroize.lto_priv.457.lto_priv.610
                0x00026ede                mbedtls_zeroize.lto_priv.456.lto_priv.650
                0x00026eee                mbedtls_ccm_free
                0x00026f00                mbedtls_cipher_cmac_starts.constprop.339
                0x00026f48                mbedtls_ecp_mul.constprop.55
                0x00027378                sf76c7740676ad4b729d57b6fb75ee679e37dbe08d3b7483121a75727256f9e5b.lto_priv.661
                0x000273b6                s82671978564b6495334f191e363e3cbca289c131b22d30ffc25c1755db7043f4.lto_priv.660
                0x000273e0                sd69063ac414aa9b182b3715be7c99e550c11a43ab43002cd16895150daad7b64
                0x00027630                sbdec9ad3cd384617597eb97673acfd1f42c77a70767f57c354430d80c2b82071
                0x000276b0                sce3ab1eaa7ee027e4a572370dde4aae59fcb8710f9a5aeb9155cb6bd6bec0c2e
                0x0002773e                s8c68a0c6bf1cbdbc58c79dbdbfc6b2edeb50a6cbee567808d4d3648f5780572d
                0x000277b8                sc49df645112e0087bba00e59c32a79e66f966bcb37e78cbb3bd047b620a0f113
                0x00027890                sbcd8dae26664b2a215c8d4ec6508b9de986ce387e5ac0c61d32ff9eafa46f02e.lto_priv.647
                0x000278b8                s4a2a986fd5dd9c8779079d62399c235a2b6ddbb601cb5d5b92cb838b240c2f19.lto_priv.644
                0x000278e8                s087f70de52ac3dee8ffc614ad91b70511c7d160dcba60f1cb04e5d71c8049996.lto_priv.643
                0x0002791c                sd71f0cf7eddd46b6d8ac861f620a55ba20f6f433336a75e89e01978e5e78f4c5.isra.12.lto_priv.587
                0x0002791e                s7605ee873f62bfeb488db1a6fcaa463289294d441dcb665e91461cea0669233e.isra.8.lto_priv.665
                0x00027920                sd8f89ec1100339a81538c46217710e24913a0ef7e9fb11d872efd8f54d61b5a8.isra.7.lto_priv.663
                0x00027922                s049e1d01f06c5f833f1916c8aa37af2664c3060cc97b8154e5e981264e5c3cfd.constprop.116
                0x00027994                ll_advSetData.constprop.170
                0x00027a0a                ecp_crypto_ddata_read.lto_priv.602
                0x00027a9e                crypto_mpi_div_mod.lto_priv.609
                0x00027cb8                mbedtls_internal_ecp_normalize_jac
                0x00027da4                s958311d77e975b6afb09c253a317568fb99686d6ed7f12efea46b505d98f5d14.constprop.342
                0x00027e50                sd906ef5a2b1a3b6d706927e4c9811336532fa5d100dd96643833a07bb9061ee6.constprop.334
                0x00027fec                s2c7f8256c21a35c957be583dc5b45f9844e0daca7f8d870e7167cc73e2251152.lto_priv.659
                0x000281a0                see718346e034d96d58e5a80fabd20c59a92b6115337c9b9cfec2ec3d4869dfb8
                0x0002825c                sf8de3044167a266727bd3087aa78703eca05d914a537eb9123555524c11c8890.lto_priv.646
                0x000282dc                s965e05dd09705c2e0e02fbb53c43b72c67dd0c8ea4bd0be2819ad08faf988a7e.lto_priv.645
                0x000284ac                sd7400f1c67758aeba68a9b1772cd5984be401a023cba2a4b0091dfe27b2617d0
                0x000285e0                s39143644810349b74f0af37849af2c7f3c45cd2cff47951227f2f86f0b2e6959.constprop.100
                0x00028696                sab502123964e55aa42c788423fe4aca83448c71c429d539ca270feacd99b8114.constprop.91
                0x00028840                s9610a5a138da8a33629598358a9ac6e952b2e337f916aa05ee616ccd21fcd676.lto_priv.700
                0x000288aa                s35a10c806c834b5f02b759b96a6aa0613573e4cd2d69b753a1162c661a106755.constprop.115
                0x00028d6c                s21b03dd586d728cd675973bf87cc7df0b94301a77a7148ef41693704498750f5.isra.22.lto_priv.664
                0x00028eac                s05aa84cedcc11cf1c562137c390b3cbb385eae382cb5349ed3cdb9cbe87d95ac
                0x00028fae                s2d8d60151f84e2fe74c36f9345a673a736f6d41e148e924262ba779b16ff2942
                0x00029e18                mesh_trans_send_sdu
 .text.unlikely
                0x0002a1a0       0xb2 C:\Users\deepesh\AppData\Local\Temp\ccecWLQc.ltrans5.ltrans.o
                0x0002a20a                l2cap_send_command_reject.constprop.185
 *fill*         0x0002a252        0x6 
 .text          0x0002a258     0x3a48 C:\Users\deepesh\AppData\Local\Temp\ccecWLQc.ltrans6.ltrans.o
                0x0002a258                ll_task_default_callback.lto_priv.895
                0x0002a370                ll_radioTimerExpired.lto_priv.750
                0x0002a544                ubt_pskey_read_callback
                0x0002a560                ubt_pskey_write_callback
                0x0002a57c                ll_scanSetParameters.part.3
                0x0002a5bc                ll_scanCheckStop.lto_priv.852
                0x0002a5d0                ll_scanNextChannel.lto_priv.853
                0x0002a6bc                ll_radioSetTxPowerRaw.part.0
                0x0002a6dc                ll_radioRawToTXPower
                0x0002a794                ll_radioTXPowerToRaw
                0x0002a7c0                ll_radioLoadPacket
                0x0002a810                ll_radioGetPacketTimeWithPhy
                0x0002a834                ll_radioConfigurePhy.lto_priv.590
                0x0002a8f0                ll_radioConfigureChannel
                0x0002a9d8                ll_llcpCommonTimeout.isra.1.lto_priv.849
                0x0002aa08                BTLE_LL_EventRaise
                0x0002aab8                nvm3_deleteObjects
                0x0002abf0                BTLE_LLToHCIEventSAP
                0x0002ac24                ll_to_hci_event_handler.lto_priv.897
                0x0002ae28                ll_scanCreateConnection
                0x0002b044                ll_llcpLtkReply.part.3
                0x0002b0a6                ll_startOrQueueProcedure
                0x0002b100                ll_radioReadRxPacketDetails
                0x0002b2e8                ll_connSetLlcpCallback
                0x0002b34c                ll_connClearLlcpCallback
                0x0002b404                ll_llcpCallbackPhyUpdate
                0x0002b466                ll_llcpPhyUpdate_sender.lto_priv.830
                0x0002b5dc                ll_radioStop
                0x0002b60c                ll_scanExtEnd
                0x0002b6f4                ll_radioTxAfterRx
                0x0002bb0c                ll_radioTxSchedule
                0x0002bbc8                ll_radioTxStart
                0x0002bc2c                ll_radioRxAfterTx
                0x0002bc70                ll_radioRxSchedule
                0x0002bcdc                ll_radioRxStart
                0x0002be90                ll_radioSetMaxTxPower
                0x0002bee0                ll_radioSetRfPathCompensation
                0x0002bf04                gecko_priority_handle
                0x0002cdc4                ll_radioInit
                0x0002d5d0                ll_radioReadRxPacket
                0x0002d988                ll_scanTaskPrimaryHandler
 .text.unlikely
                0x0002dca0      0x13c C:\Users\deepesh\AppData\Local\Temp\ccecWLQc.ltrans6.ltrans.o
 .text          0x0002dddc     0x4cc4 C:\Users\deepesh\AppData\Local\Temp\ccecWLQc.ltrans7.ltrans.o
                0x0002dddc                s4c268cfa430be076f01d3337cf775803e8667b3264b47e79ced2d2262a4a020e
                0x0002df80                sba37ae8601690b0896cea959395272b96624ac4b5aad20973574360601a0ed90.lto_priv.716
                0x0002dfaa                s44ebc822c20598f288a917f3bd72f1008d423805491578c4af9200167dec1655
                0x0002e060                s81464a2878d09dbd2de6234ce8934184bf5116fd04efc613284ea48a9619bc39.lto_priv.728
                0x0002e0f0                s3b12f72c86808517df0a3d6331892da2d66b8e9bbaa06d12ff26d860074fcf07.lto_priv.727
                0x0002e180                sc533058bf47a8cdb1c2bd08ac2ccfa005925b95915c7feb5c92fc40e16ae2dd0
                0x0002e182                s195bd06d3d7dced800230fa572adb64d223a3b6c1382fc621c40b28a20ce051a
                0x0002e184                s8d64c438403c36792474ee14f02ef44de28731e5538b6b61deb7027fb9f1213d
                0x0002e186                sd5699aef6084a290996ea955f957a57987e3c370445af2997004bdc2778afabc
                0x0002e188                s2ae6d5f70ead843e752f37b0ab2b8bd6029fcafbd92516271cf81c89ccf34574
                0x0002e18a                sca6b944d97bd8e437696a6bdbf8b1a2fbfbd6b175986bdd2f7107d9ccfc49791
                0x0002e18c                scadac62caad1a5d40102505cfbb2a19a3f029dac1f04a1735fad62916e1cc1fa
                0x0002e18e                s1cd7cde67471ba6cf9414371ab606bf222b7affcbd1724981d662222dffaea86
                0x0002e190                s022dfbeed394e9c9c6835d30619ba5da6546e41f4000dd5f010303deb5f89703
                0x0002e192                s6e790e4389aaf46aab77b6ee048f85f694d1bb0f5dfae966461622fa1912d45f
                0x0002e2b6                s5eaf0a4d55384ca30b34cc0178a6627cd3fe69363781b6501a2ed94a913b41b8
                0x0002e5b8                s9de2d04aceb57da7832415dc572ff12ee17c2ef0d1a7d803dad8449d8300e8df
                0x0002e5ba                sef1316e1438ae2cf117c40ca6556dc740ddd34034083b129a49abc7f7a4a9153
                0x0002e5bc                s5519abc2b89ababc4364a73ca9bf14192bbaf331bb8f600cb502ad89d69dc189
                0x0002e5be                sbf8dd28a6c6118d55cabd21f14cccd4b50441e6dcf23046d431300eda4b6b36b
                0x0002e5c0                s890fcd60767f256ee5b13f44afc14bb3ab7d1bdd6e247bccd10b99b1568ec506
                0x0002e5c2                s0a2382009035cc61f3ea65bab00791d9224b6d545564a39cd5476eb181d5decf
                0x0002e5c4                s44e3124870589b009fc28e44b31cd745f6481542fa286e8583deb621c9b197f1
                0x0002e5c6                s2213f5792ea4e59af1a2801e7bf4d0c3ab5b7b458e895d2e246136479051afe8
                0x0002e5c8                s97ae481bbade53fbeed96d22e388a13ab7b6a53bef24a58b595033911f65dfa6
                0x0002e5ca                s7cce00725c17b5fa1f05023056c2620e6835260ee6e5dc93f877728d46fc6e96
                0x0002e8cc                sdf47c9e324a5222f56ae184e90d9afb14c827d98f884492480980fa3f559625a
                0x0002ea58                s0bf263814e8bf4e1110c8681e3324ae8f04bd13d39bdd85f6ca1eac5cae2ab1e
                0x0002eac8                sde4cb2192a6af663ec44369468eb7fb0d9e361e32e3fdd8f7e3405e533632b6f.lto_priv.670
                0x0002eae8                sb241fa3dc15733d9775993c7589cc8f49674c5d5f760c34ca1a2b79b81ba1023.lto_priv.501
                0x0002eb60                s0e4204c9985a631fef91cc925f3a985694db1a47c33f068b6c9649e9844a699b
                0x0002ecec                sfea6553aadd267fc80fdfe1303406cd6927524d8ca67cc4f9a6cd69da8da5d70
                0x0002ee78                s947f6669e09c6036614206fb2c14e49b1ae9d094fa52d588c71a512d123143d2
                0x0002f014                s8afa8bd57a010aaa072e78cbb63f2f498a52b945ba2ab92e73978fbb5a72aff7
                0x0002f080                s142612325e982800554450aa041378f4a8504d71b5dd193dd4a126296bae52a1
                0x0002f0b8                s3c8561c978fd97690e535f33470c7a4cae732740e95669ae53f051876cf36cf6
                0x0002f0b8                bgbuf_copy_to
                0x0002f116                s8cd01b457a5b70765d659e3b0eb35c23f704299ba5a79083d3a1375f55e3b885
                0x0002f324                s7a2ef2cf9caf09b2e7bf287f1aab8a6e6825474a67084bfad2c92beb912ebc6a
                0x0002fbc4                s1c8bb5f1550650306aab296e8862df91c69b6ffa3e6906f99102c7b26fc89414.lto_priv.490
                0x0002fc18                sc590a76df500be8234c3d77551d13e28eeb4ef80aabe09db0f298a454b02ebbe
                0x0002fc64                s34fbf48579147efba8ae800ebb75fe70c3b70da86ede68139bcfdd890a68d444.lto_priv.764
                0x0002fe94                s8ffef0133d5613253e7e0567e97b30153af77c2141c0407b01761924780a068d.lto_priv.668
                0x0002fefc                s217a21a7a8f3f1091596dbf4f08a61fd3c16462ef6f203ac78993ce8701dc5dd
                0x0002ff14                sc15e72523a4fff591eb1c022dda22a453478a0af2d8130b937420b069e3b7fb1
                0x0002ff30                sd8a21cfa0a7aa956f6c22fc1950b44e920a03eec22249fc0b05680e2c5b406e9
                0x0002ff48                s6b4a66804b530be593856a80fda3e0bac1d1b8b10bddd83f414b0f4d11613e4b
                0x0002ff74                s3cb1c8dd3f7c829253122ff899ba548bdaf5fe0deaf2259ebffffaaece25a563.lto_priv.658
                0x00030038                s7ae258203eebfbaaaaaa28f4a7f0e29f3444686b97ed7d00e4196a644b70ff9b.lto_priv.708
                0x00030058                sd77738b41f860799fd52f2514eb6f59f3efc0192ddfd7b83755c1bf4311d15ed.lto_priv.709
                0x00030074                se056d6ad4bc905c0d7e7668c45efc58a601a7f9acbc82512b49f4a00da725978.lto_priv.699
                0x00030084                sb7363b9be572e36de0710513bade175b535417dd45fb4477e006a11698462f0b
                0x00030096                s3bddd3dfd10149a614ea0bb8a32dd855247236b7e1c6b3879a72ead78e0f2895
                0x00030190                sdda070b8da2cc650e6b612d06086f07a5f551cde83db6f459a25f7e4ac860118
                0x00030290                sc22d564d97794cc78e3748e475370d7932794c538198102e07d388bfc30eed3c
                0x000302c4                scf693e2c0b279b154d67dd44d9403714592aefeeb7b25ed901c1737727362cc5
                0x00030314                s7363c4a1809b88f585f1a98af055457294968d3f2103b534d684d54ef15926d8.lto_priv.654
                0x0003038a                s152355094cfade3d783d1516d9e2dc87f4fe7f56ca9590becd12b3e93603400b.lto_priv.672.lto_priv.711
                0x0003038a                s152355094cfade3d783d1516d9e2dc87f4fe7f56ca9590becd12b3e93603400b.lto_priv.673.lto_priv.767
                0x00030390                s8169a3e0e65baf978ae3316024359b37b6bf4730a501b2068e4200dcb56f6639
                0x00030614                scf4af741e157394c998479cb003d5cf203c5198b2e65a822cfffac72047d77b6.lto_priv.529
                0x0003065c                s55f4ce9f868bcae5747a03eb64c57f53992a4b1c06e24b47225984de0a87da06.lto_priv.713
                0x000307f8                s3277fbf5ab0c15a80b6b614e5aa3e78205fc99258e41a17ccc003a0c86a182cf.lto_priv.715
                0x00030998                s9d53c1a2ffea051bd6441e519f88905446467a57e789caff4796045f80852b69
                0x000309c4                sa4a3dd4d9c89d330f1ed88b0ab06f5ce086e9510afbb612cc8bcfb63dcee141b
                0x00030f6c                sd197966131b96fedbbe10724ff77a88880847d9dd59b96f5a4210833cd3175e0.lto_priv.717
                0x00031988                s815b4ab54b5d66d4f4c099599897597aab9547f6f150416983323418fbcfcd63.lto_priv.706
                0x00031b20                sb4abdc41eb49b8e076241efa49704a180ff0e0d6e8eaefdba762fb55a4ac2ca3
                0x00031be8                scfc0e2e1128071105522c23c9451e1bb2465ed08baa33cf1d9181b1d53169813
                0x00031c36                s449e7a51a7e703ed2efe63cbb5046a7a7e9db7e8d0813ad844005c51e298a967
                0x00031c98                s48513b360ea7300b262e06734521d6d41ede06d8596657e7bd86f44506c097d1.lto_priv.729
                0x00032192                s35bed3c56b3ca4cc05d9098a1afc153257cd2c4289ba2a70a13a786ebf9c225a
                0x000321fc                scce964ede00a122913c7caa0b1fb8fcbb6498fda16b841d84f18f76fe794b8c9
                0x000324b4                s776b64871e16c5fe4fd0ce9b7c158901e9ee87f3d75d954796a56d0090cebfc3.lto_priv.666
                0x00032658                s2d7c2b66b296b20695246b9d12c06f5f15430c75a64577e2ffbb4ab7fd07562a
                0x00032684                sa9cdbf1c2f0abaddb8437928276edfa6a082ed7bc09c9a43fb34626888d3f8bb.lto_priv.436
                0x000326f0                s7dd37f975cb4ea4a55a3390f89eac6ce4072985cee4b23787bd88f2083502aa2
                0x0003277c                s71ef9039c4f0980b7703ce018af82d8ee850b8e5ea3e323100ec94940da324e0.lto_priv.437
                0x00032a34                sb5e3f4eb369f16c4402c3b1112765b69eb90375593ae58bc3f93192c54da5e3f
 .text.unlikely
                0x00032aa0      0x168 C:\Users\deepesh\AppData\Local\Temp\ccecWLQc.ltrans7.ltrans.o
                0x00032aa0                s262d060773e899a6be2dace8de0c67edeba542acbdb5ed7bfef1868a039bafd4
                0x00032b40                s61fa9467253c29a9338eb58eb8c5b76571e4a1d231c64732156dc5c669825e2c
                0x00032b9c                s0c051ca4cd653994c4bdbefc91d4a2de441889bfd6d8701556b78812eeb7d5ce
 .text          0x00032c08     0x3664 C:\Users\deepesh\AppData\Local\Temp\ccecWLQc.ltrans8.ltrans.o
                0x00032d00                PRORTC_IRQHandler
                0x00032d10                RFSENSE_IRQHandler
                0x00032d12                getMultiTimer.lto_priv.848
                0x00032d16                isMultiTimerExpired.lto_priv.847
                0x00032d1a                cancelMultiTimer.lto_priv.845
                0x00032d1e                isMultiTimerRunning.lto_priv.846
                0x00032d22                setMultiTimer.lto_priv.844
                0x00032d26                RFHAL_IsTimerRunning
                0x00032d38                RFHAL_IsTimerExpired
                0x00032d54                RFHAL_GetTimer
                0x00032d60                eventDefault.lto_priv.796
                0x00032d62                radioConfigChangedDefault.lto_priv.459
                0x00032d64                BG_PRORTC_IRQHandler
                0x00032dcc                sli_bt_cmd_mesh_lpn_configure
                0x00033110                sli_bt_cmd_mesh_lpn_init
                0x000331a0                sli_bt_cmd_mesh_lpn_establish_friendship
                0x00033204                sli_bt_cmd_mesh_lpn_deinit
                0x00033258                sa368156d8fd4bdcbcb29b97eb480ecafecb17728e74d211474c0326f76be525a
                0x00033274                s9b72e652a1a408921923559682f7c6f630cf6c1031aed4c06cc4462b3bfaf8e5.lto_priv.714
                0x000332d0                header_invalid
                0x000332ee                crc32_calc.lto_priv.811
                0x0003331c                find_obj
                0x00033378                flash_write_u32.lto_priv.810
                0x00033438                erase_db
                0x00033468                TIMING_NsToStimerTickCalc.lto_priv.824
                0x00033494                TIMING_Recalculate.lto_priv.589
                0x00033684                SYNTH_DCDCRetimeClkSet
                0x000336ec                SYNTH_LoDivGet
                0x0003370c                RTCCSYNC_RTCCClockFreqGet.lto_priv.905
                0x00033750                RFHAL_GetBitRate
                0x00033814                RFHAL_GetRadioState
                0x0003385c                isTransitionState.lto_priv.826
                0x0003386e                RFHAL_BLEPreambleSyncWordSet
                0x000338b4                RFHAL_IsBleLongRangeEnabled
                0x000338cc                RFHAL_WriteTxFifo
                0x0003392c                RAIL_ConvertDbmToRaw
                0x00033a14                uuid_to_handle
                0x00033a78                timer_get_time
                0x00033aa0                smp_ah
                0x00033b30                usch_SendEvent
                0x00033b40                usch_RemoveTask
                0x00033b70                task_fail.lto_priv.850
                0x00033b78                usch_Schedule
                0x00033cbc                add_task.lto_priv.591
                0x00033d10                usch_currentTaskRemainingTime
                0x00033d24                store_write
                0x00033fb8                RFRAND_GetRadioEntropy
                0x0003433c                RFHAL_CancelTimer
                0x00034384                RFHAL_SetTimer
                0x00034404                RFHAL_NotifyUserOfIrCal.lto_priv.823
                0x0003449c                sli_bt_cmd_mesh_node_init_oob
                0x00035c8c                RAILInt_SetChannel
                0x00035e50                RAILCore_ScheduleRx
                0x00035ffc                RFHAL_SetTxPower
                0x00036036                RAILCore_ConfigChannels
                0x00036078                GENERIC_PHY_EventCallback
 *fill*         0x0003626c        0x4 
 .text.ceil     0x00036270      0x100 h:/simplicity/developer/toolchains/gnu_arm/7.2_2017q4/bin/../lib/gcc/arm-none-eabi/7.2.1/../../../../arm-none-eabi/lib/thumb/v7e-m/fpv4-sp/softfp\libm.a(lib_a-s_ceil.o)
                0x00036270                ceil
 .text          0x00036370      0x378 h:/simplicity/developer/toolchains/gnu_arm/7.2_2017q4/bin/../lib/gcc/arm-none-eabi/7.2.1/thumb/v7e-m/fpv4-sp/softfp\libgcc.a(_arm_addsubdf3.o)
                0x00036370                __aeabi_drsub
                0x00036378                __subdf3
                0x00036378                __aeabi_dsub
                0x0003637c                __aeabi_dadd
                0x0003637c                __adddf3
                0x000365f4                __floatunsidf
                0x000365f4                __aeabi_ui2d
                0x00036614                __aeabi_i2d
                0x00036614                __floatsidf
                0x00036638                __extendsfdf2
                0x00036638                __aeabi_f2d
                0x0003667c                __floatundidf
                0x0003667c                __aeabi_ul2d
                0x0003668c                __aeabi_l2d
                0x0003668c                __floatdidf
 .text          0x000366e8      0x110 h:/simplicity/developer/toolchains/gnu_arm/7.2_2017q4/bin/../lib/gcc/arm-none-eabi/7.2.1/thumb/v7e-m/fpv4-sp/softfp\libgcc.a(_arm_cmpdf2.o)
                0x000366e8                __gtdf2
                0x000366e8                __gedf2
                0x000366f0                __ltdf2
                0x000366f0                __ledf2
                0x000366f8                __nedf2
                0x000366f8                __cmpdf2
                0x000366f8                __eqdf2
                0x00036774                __aeabi_cdrcmple
                0x00036784                __aeabi_cdcmple
                0x00036784                __aeabi_cdcmpeq
                0x00036794                __aeabi_dcmpeq
                0x000367a8                __aeabi_dcmplt
                0x000367bc                __aeabi_dcmple
                0x000367d0                __aeabi_dcmpge
                0x000367e4                __aeabi_dcmpgt
 .text          0x000367f8       0x30 h:/simplicity/developer/toolchains/gnu_arm/7.2_2017q4/bin/../lib/gcc/arm-none-eabi/7.2.1/thumb/v7e-m/fpv4-sp/softfp\libgcc.a(_aeabi_uldivmod.o)
                0x000367f8                __aeabi_uldivmod
 .text          0x00036828      0x2cc h:/simplicity/developer/toolchains/gnu_arm/7.2_2017q4/bin/../lib/gcc/arm-none-eabi/7.2.1/thumb/v7e-m/fpv4-sp/softfp\libgcc.a(_udivmoddi4.o)
                0x00036828                __udivmoddi4
 .text          0x00036af4        0x4 h:/simplicity/developer/toolchains/gnu_arm/7.2_2017q4/bin/../lib/gcc/arm-none-eabi/7.2.1/thumb/v7e-m/fpv4-sp/softfp\libgcc.a(_dvmd_tls.o)
                0x00036af4                __aeabi_idiv0
                0x00036af4                __aeabi_ldiv0
 .text.exit     0x00036af8       0x28 h:/simplicity/developer/toolchains/gnu_arm/7.2_2017q4/bin/../lib/gcc/arm-none-eabi/7.2.1/../../../../arm-none-eabi/lib/thumb/v7e-m/fpv4-sp/softfp\libc_nano.a(lib_a-exit.o)
                0x00036af8                exit
 .text.__libc_init_array
                0x00036b20       0x48 h:/simplicity/developer/toolchains/gnu_arm/7.2_2017q4/bin/../lib/gcc/arm-none-eabi/7.2.1/../../../../arm-none-eabi/lib/thumb/v7e-m/fpv4-sp/softfp\libc_nano.a(lib_a-init.o)
                0x00036b20                __libc_init_array
 .text.malloc   0x00036b68       0x10 h:/simplicity/developer/toolchains/gnu_arm/7.2_2017q4/bin/../lib/gcc/arm-none-eabi/7.2.1/../../../../arm-none-eabi/lib/thumb/v7e-m/fpv4-sp/softfp\libc_nano.a(lib_a-malloc.o)
                0x00036b68                malloc
 .text.free     0x00036b78       0x10 h:/simplicity/developer/toolchains/gnu_arm/7.2_2017q4/bin/../lib/gcc/arm-none-eabi/7.2.1/../../../../arm-none-eabi/lib/thumb/v7e-m/fpv4-sp/softfp\libc_nano.a(lib_a-malloc.o)
                0x00036b78                free
 .text.memcpy   0x00036b88       0x16 h:/simplicity/developer/toolchains/gnu_arm/7.2_2017q4/bin/../lib/gcc/arm-none-eabi/7.2.1/../../../../arm-none-eabi/lib/thumb/v7e-m/fpv4-sp/softfp\libc_nano.a(lib_a-memcpy-stub.o)
                0x00036b88                memcpy
 .text.memset   0x00036b9e       0x10 h:/simplicity/developer/toolchains/gnu_arm/7.2_2017q4/bin/../lib/gcc/arm-none-eabi/7.2.1/../../../../arm-none-eabi/lib/thumb/v7e-m/fpv4-sp/softfp\libc_nano.a(lib_a-memset.o)
                0x00036b9e                memset
 *fill*         0x00036bae        0x2 
 .text._free_r  0x00036bb0       0x9c h:/simplicity/developer/toolchains/gnu_arm/7.2_2017q4/bin/../lib/gcc/arm-none-eabi/7.2.1/../../../../arm-none-eabi/lib/thumb/v7e-m/fpv4-sp/softfp\libc_nano.a(lib_a-nano-freer.o)
                0x00036bb0                _free_r
 .text._malloc_r
                0x00036c4c       0xb4 h:/simplicity/developer/toolchains/gnu_arm/7.2_2017q4/bin/../lib/gcc/arm-none-eabi/7.2.1/../../../../arm-none-eabi/lib/thumb/v7e-m/fpv4-sp/softfp\libc_nano.a(lib_a-nano-mallocr.o)
                0x00036c4c                _malloc_r
 .text.printf   0x00036d00       0x30 h:/simplicity/developer/toolchains/gnu_arm/7.2_2017q4/bin/../lib/gcc/arm-none-eabi/7.2.1/../../../../arm-none-eabi/lib/thumb/v7e-m/fpv4-sp/softfp\libc_nano.a(lib_a-printf.o)
                0x00036d00                iprintf
                0x00036d00                printf
 .text._sbrk_r  0x00036d30       0x20 h:/simplicity/developer/toolchains/gnu_arm/7.2_2017q4/bin/../lib/gcc/arm-none-eabi/7.2.1/../../../../arm-none-eabi/lib/thumb/v7e-m/fpv4-sp/softfp\libc_nano.a(lib_a-sbrkr.o)
                0x00036d30                _sbrk_r
 .text.setvbuf  0x00036d50      0x15c h:/simplicity/developer/toolchains/gnu_arm/7.2_2017q4/bin/../lib/gcc/arm-none-eabi/7.2.1/../../../../arm-none-eabi/lib/thumb/v7e-m/fpv4-sp/softfp\libc_nano.a(lib_a-setvbuf.o)
                0x00036d50                setvbuf
 .text.sprintf  0x00036eac       0x40 h:/simplicity/developer/toolchains/gnu_arm/7.2_2017q4/bin/../lib/gcc/arm-none-eabi/7.2.1/../../../../arm-none-eabi/lib/thumb/v7e-m/fpv4-sp/softfp\libc_nano.a(lib_a-sprintf.o)
                0x00036eac                sprintf
                0x00036eac                siprintf
 .text.strcat   0x00036eec       0x1e h:/simplicity/developer/toolchains/gnu_arm/7.2_2017q4/bin/../lib/gcc/arm-none-eabi/7.2.1/../../../../arm-none-eabi/lib/thumb/v7e-m/fpv4-sp/softfp\libc_nano.a(lib_a-strcat.o)
                0x00036eec                strcat
 .text          0x00036f0a       0x10 h:/simplicity/developer/toolchains/gnu_arm/7.2_2017q4/bin/../lib/gcc/arm-none-eabi/7.2.1/../../../../arm-none-eabi/lib/thumb/v7e-m/fpv4-sp/softfp\libc_nano.a(lib_a-strlen.o)
                0x00036f0a                strlen
 *fill*         0x00036f1a        0x2 
 .text.__sflush_r
                0x00036f1c      0x10c h:/simplicity/developer/toolchains/gnu_arm/7.2_2017q4/bin/../lib/gcc/arm-none-eabi/7.2.1/../../../../arm-none-eabi/lib/thumb/v7e-m/fpv4-sp/softfp\libc_nano.a(lib_a-fflush.o)
                0x00036f1c                __sflush_r
 .text._fflush_r
                0x00037028       0x54 h:/simplicity/developer/toolchains/gnu_arm/7.2_2017q4/bin/../lib/gcc/arm-none-eabi/7.2.1/../../../../arm-none-eabi/lib/thumb/v7e-m/fpv4-sp/softfp\libc_nano.a(lib_a-fflush.o)
                0x00037028                _fflush_r
 .text.std      0x0003707c       0x48 h:/simplicity/developer/toolchains/gnu_arm/7.2_2017q4/bin/../lib/gcc/arm-none-eabi/7.2.1/../../../../arm-none-eabi/lib/thumb/v7e-m/fpv4-sp/softfp\libc_nano.a(lib_a-findfp.o)
 .text._cleanup_r
                0x000370c4        0xc h:/simplicity/developer/toolchains/gnu_arm/7.2_2017q4/bin/../lib/gcc/arm-none-eabi/7.2.1/../../../../arm-none-eabi/lib/thumb/v7e-m/fpv4-sp/softfp\libc_nano.a(lib_a-findfp.o)
                0x000370c4                _cleanup_r
 .text.__sfmoreglue
                0x000370d0       0x2c h:/simplicity/developer/toolchains/gnu_arm/7.2_2017q4/bin/../lib/gcc/arm-none-eabi/7.2.1/../../../../arm-none-eabi/lib/thumb/v7e-m/fpv4-sp/softfp\libc_nano.a(lib_a-findfp.o)
                0x000370d0                __sfmoreglue
 .text.__sinit  0x000370fc       0x60 h:/simplicity/developer/toolchains/gnu_arm/7.2_2017q4/bin/../lib/gcc/arm-none-eabi/7.2.1/../../../../arm-none-eabi/lib/thumb/v7e-m/fpv4-sp/softfp\libc_nano.a(lib_a-findfp.o)
                0x000370fc                __sinit
 .text.__sfp    0x0003715c       0x78 h:/simplicity/developer/toolchains/gnu_arm/7.2_2017q4/bin/../lib/gcc/arm-none-eabi/7.2.1/../../../../arm-none-eabi/lib/thumb/v7e-m/fpv4-sp/softfp\libc_nano.a(lib_a-findfp.o)
                0x0003715c                __sfp
 .text._fwalk_reent
                0x000371d4       0x3c h:/simplicity/developer/toolchains/gnu_arm/7.2_2017q4/bin/../lib/gcc/arm-none-eabi/7.2.1/../../../../arm-none-eabi/lib/thumb/v7e-m/fpv4-sp/softfp\libc_nano.a(lib_a-fwalk.o)
                0x000371d4                _fwalk_reent
 .text.__swhatbuf_r
                0x00037210       0x48 h:/simplicity/developer/toolchains/gnu_arm/7.2_2017q4/bin/../lib/gcc/arm-none-eabi/7.2.1/../../../../arm-none-eabi/lib/thumb/v7e-m/fpv4-sp/softfp\libc_nano.a(lib_a-makebuf.o)
                0x00037210                __swhatbuf_r
 .text.__smakebuf_r
                0x00037258       0x80 h:/simplicity/developer/toolchains/gnu_arm/7.2_2017q4/bin/../lib/gcc/arm-none-eabi/7.2.1/../../../../arm-none-eabi/lib/thumb/v7e-m/fpv4-sp/softfp\libc_nano.a(lib_a-makebuf.o)
                0x00037258                __smakebuf_r
 .text.__malloc_lock
                0x000372d8        0x2 h:/simplicity/developer/toolchains/gnu_arm/7.2_2017q4/bin/../lib/gcc/arm-none-eabi/7.2.1/../../../../arm-none-eabi/lib/thumb/v7e-m/fpv4-sp/softfp\libc_nano.a(lib_a-mlock.o)
                0x000372d8                __malloc_lock
 .text.__malloc_unlock
                0x000372da        0x2 h:/simplicity/developer/toolchains/gnu_arm/7.2_2017q4/bin/../lib/gcc/arm-none-eabi/7.2.1/../../../../arm-none-eabi/lib/thumb/v7e-m/fpv4-sp/softfp\libc_nano.a(lib_a-mlock.o)
                0x000372da                __malloc_unlock
 .text.__ssputs_r
                0x000372dc       0xb4 h:/simplicity/developer/toolchains/gnu_arm/7.2_2017q4/bin/../lib/gcc/arm-none-eabi/7.2.1/../../../../arm-none-eabi/lib/thumb/v7e-m/fpv4-sp/softfp\libc_nano.a(lib_a-nano-svfprintf.o)
                0x000372dc                __ssputs_r
 .text._svfprintf_r
                0x00037390      0x1ec h:/simplicity/developer/toolchains/gnu_arm/7.2_2017q4/bin/../lib/gcc/arm-none-eabi/7.2.1/../../../../arm-none-eabi/lib/thumb/v7e-m/fpv4-sp/softfp\libc_nano.a(lib_a-nano-svfprintf.o)
                0x00037390                _svfiprintf_r
                0x00037390                _svfprintf_r
 .text.__sfputc_r
                0x0003757c       0x2e h:/simplicity/developer/toolchains/gnu_arm/7.2_2017q4/bin/../lib/gcc/arm-none-eabi/7.2.1/../../../../arm-none-eabi/lib/thumb/v7e-m/fpv4-sp/softfp\libc_nano.a(lib_a-nano-vfprintf.o)
 .text.__sfputs_r
                0x000375aa       0x24 h:/simplicity/developer/toolchains/gnu_arm/7.2_2017q4/bin/../lib/gcc/arm-none-eabi/7.2.1/../../../../arm-none-eabi/lib/thumb/v7e-m/fpv4-sp/softfp\libc_nano.a(lib_a-nano-vfprintf.o)
                0x000375aa                __sfputs_r
 *fill*         0x000375ce        0x2 
 .text._vfprintf_r
                0x000375d0      0x228 h:/simplicity/developer/toolchains/gnu_arm/7.2_2017q4/bin/../lib/gcc/arm-none-eabi/7.2.1/../../../../arm-none-eabi/lib/thumb/v7e-m/fpv4-sp/softfp\libc_nano.a(lib_a-nano-vfprintf.o)
                0x000375d0                _vfiprintf_r
                0x000375d0                _vfprintf_r
 .text._printf_common
                0x000377f8       0xea h:/simplicity/developer/toolchains/gnu_arm/7.2_2017q4/bin/../lib/gcc/arm-none-eabi/7.2.1/../../../../arm-none-eabi/lib/thumb/v7e-m/fpv4-sp/softfp\libc_nano.a(lib_a-nano-vfprintf_i.o)
                0x000377f8                _printf_common
 *fill*         0x000378e2        0x2 
 .text._printf_i
                0x000378e4      0x224 h:/simplicity/developer/toolchains/gnu_arm/7.2_2017q4/bin/../lib/gcc/arm-none-eabi/7.2.1/../../../../arm-none-eabi/lib/thumb/v7e-m/fpv4-sp/softfp\libc_nano.a(lib_a-nano-vfprintf_i.o)
                0x000378e4                _printf_i
 .text.__sread  0x00037b08       0x22 h:/simplicity/developer/toolchains/gnu_arm/7.2_2017q4/bin/../lib/gcc/arm-none-eabi/7.2.1/../../../../arm-none-eabi/lib/thumb/v7e-m/fpv4-sp/softfp\libc_nano.a(lib_a-stdio.o)
                0x00037b08                __sread
 .text.__swrite
                0x00037b2a       0x38 h:/simplicity/developer/toolchains/gnu_arm/7.2_2017q4/bin/../lib/gcc/arm-none-eabi/7.2.1/../../../../arm-none-eabi/lib/thumb/v7e-m/fpv4-sp/softfp\libc_nano.a(lib_a-stdio.o)
                0x00037b2a                __swrite
 .text.__sseek  0x00037b62       0x24 h:/simplicity/developer/toolchains/gnu_arm/7.2_2017q4/bin/../lib/gcc/arm-none-eabi/7.2.1/../../../../arm-none-eabi/lib/thumb/v7e-m/fpv4-sp/softfp\libc_nano.a(lib_a-stdio.o)
                0x00037b62                __sseek
 .text.__sclose
                0x00037b86        0x8 h:/simplicity/developer/toolchains/gnu_arm/7.2_2017q4/bin/../lib/gcc/arm-none-eabi/7.2.1/../../../../arm-none-eabi/lib/thumb/v7e-m/fpv4-sp/softfp\libc_nano.a(lib_a-stdio.o)
                0x00037b86                __sclose
 *fill*         0x00037b8e        0x2 
 .text.__swbuf_r
                0x00037b90       0xa4 h:/simplicity/developer/toolchains/gnu_arm/7.2_2017q4/bin/../lib/gcc/arm-none-eabi/7.2.1/../../../../arm-none-eabi/lib/thumb/v7e-m/fpv4-sp/softfp\libc_nano.a(lib_a-wbuf.o)
                0x00037b90                __swbuf_r
 .text._write_r
                0x00037c34       0x24 h:/simplicity/developer/toolchains/gnu_arm/7.2_2017q4/bin/../lib/gcc/arm-none-eabi/7.2.1/../../../../arm-none-eabi/lib/thumb/v7e-m/fpv4-sp/softfp\libc_nano.a(lib_a-writer.o)
                0x00037c34                _write_r
 .text.__swsetup_r
                0x00037c58       0xdc h:/simplicity/developer/toolchains/gnu_arm/7.2_2017q4/bin/../lib/gcc/arm-none-eabi/7.2.1/../../../../arm-none-eabi/lib/thumb/v7e-m/fpv4-sp/softfp\libc_nano.a(lib_a-wsetup.o)
                0x00037c58                __swsetup_r
 .text._close_r
                0x00037d34       0x20 h:/simplicity/developer/toolchains/gnu_arm/7.2_2017q4/bin/../lib/gcc/arm-none-eabi/7.2.1/../../../../arm-none-eabi/lib/thumb/v7e-m/fpv4-sp/softfp\libc_nano.a(lib_a-closer.o)
                0x00037d34                _close_r
 .text._fstat_r
                0x00037d54       0x24 h:/simplicity/developer/toolchains/gnu_arm/7.2_2017q4/bin/../lib/gcc/arm-none-eabi/7.2.1/../../../../arm-none-eabi/lib/thumb/v7e-m/fpv4-sp/softfp\libc_nano.a(lib_a-fstatr.o)
                0x00037d54                _fstat_r
 .text._isatty_r
                0x00037d78       0x20 h:/simplicity/developer/toolchains/gnu_arm/7.2_2017q4/bin/../lib/gcc/arm-none-eabi/7.2.1/../../../../arm-none-eabi/lib/thumb/v7e-m/fpv4-sp/softfp\libc_nano.a(lib_a-isattyr.o)
                0x00037d78                _isatty_r
 .text._lseek_r
                0x00037d98       0x24 h:/simplicity/developer/toolchains/gnu_arm/7.2_2017q4/bin/../lib/gcc/arm-none-eabi/7.2.1/../../../../arm-none-eabi/lib/thumb/v7e-m/fpv4-sp/softfp\libc_nano.a(lib_a-lseekr.o)
                0x00037d98                _lseek_r
 *fill*         0x00037dbc        0x4 