Archive member included to satisfy reference by file (symbol)

C:\Users\Madhumitha\SimplicityStudio\v4_workspace1\WheelchairModule\protocol\bluetooth\lib\EFR32XG13X\GCC\libbluetooth_mesh.a(bgapi.c.obj)
                              ./main.o (symbol from plugin) (gecko_cmd_msg_buf)
C:\Users\Madhumitha\SimplicityStudio\v4_workspace1\WheelchairModule\protocol\bluetooth\lib\EFR32XG13X\GCC\libbluetooth_mesh.a(bgapi_gatt.c.obj)
                              bgapi.c.obj (symbol from plugin) (bgapi_gatt_listener)
C:\Users\Madhumitha\SimplicityStudio\v4_workspace1\WheelchairModule\protocol\bluetooth\lib\EFR32XG13X\GCC\libbluetooth_mesh.a(bgapi_gatt_lib.c.obj)
                              ./main.o (symbol from plugin) (sli_bt_cmd_gatt_server_write_attribute_value)
C:\Users\Madhumitha\SimplicityStudio\v4_workspace1\WheelchairModule\protocol\bluetooth\lib\EFR32XG13X\GCC\libbluetooth_mesh.a(bgapi_hardware.c.obj)
                              ./main.o (symbol from plugin) (sli_bt_cmd_hardware_set_soft_timer)
C:\Users\Madhumitha\SimplicityStudio\v4_workspace1\WheelchairModule\protocol\bluetooth\lib\EFR32XG13X\GCC\libbluetooth_mesh.a(bgapi_le_connection.c.obj)
                              ./main.o (symbol from plugin) (sli_bt_cmd_le_connection_close)
C:\Users\Madhumitha\SimplicityStudio\v4_workspace1\WheelchairModule\protocol\bluetooth\lib\EFR32XG13X\GCC\libbluetooth_mesh.a(bgapi_ps.c.obj)
                              ./main.o (symbol from plugin) (sli_bt_cmd_flash_ps_erase_all)
C:\Users\Madhumitha\SimplicityStudio\v4_workspace1\WheelchairModule\protocol\bluetooth\lib\EFR32XG13X\GCC\libbluetooth_mesh.a(bgapi_system.c.obj)
                              ./main.o (symbol from plugin) (sli_bt_cmd_system_get_bt_address)
C:\Users\Madhumitha\SimplicityStudio\v4_workspace1\WheelchairModule\protocol\bluetooth\lib\EFR32XG13X\GCC\libbluetooth_mesh.a(bgbuf.c.obj)
                              bgapi.c.obj (symbol from plugin) (bgbuf_chain_free)
C:\Users\Madhumitha\SimplicityStudio\v4_workspace1\WheelchairModule\protocol\bluetooth\lib\EFR32XG13X\GCC\libbluetooth_mesh.a(bglib.c.obj)
                              ./main.o (symbol from plugin) (gecko_stack_init)
C:\Users\Madhumitha\SimplicityStudio\v4_workspace1\WheelchairModule\protocol\bluetooth\lib\EFR32XG13X\GCC\libbluetooth_mesh.a(btl_interface.c.obj)
                              bgapi.c.obj (symbol from plugin) (bootloader_getInfo)
C:\Users\Madhumitha\SimplicityStudio\v4_workspace1\WheelchairModule\protocol\bluetooth\lib\EFR32XG13X\GCC\libbluetooth_mesh.a(gap.c.obj)
                              bglib.c.obj (symbol from plugin) (gap_reset_state)
C:\Users\Madhumitha\SimplicityStudio\v4_workspace1\WheelchairModule\protocol\bluetooth\lib\EFR32XG13X\GCC\libbluetooth_mesh.a(gap_adv.c.obj)
                              gap.c.obj (symbol from plugin) (gap_set_advertising_timeout)
C:\Users\Madhumitha\SimplicityStudio\v4_workspace1\WheelchairModule\protocol\bluetooth\lib\EFR32XG13X\GCC\libbluetooth_mesh.a(gap_resolver.c.obj)
                              gap.c.obj (symbol from plugin) (gap_address_resolver_step)
C:\Users\Madhumitha\SimplicityStudio\v4_workspace1\WheelchairModule\protocol\bluetooth\lib\EFR32XG13X\GCC\libbluetooth_mesh.a(gap_scan.c.obj)
                              gap.c.obj (symbol from plugin) (gap_status_set_scan_packet)
C:\Users\Madhumitha\SimplicityStudio\v4_workspace1\WheelchairModule\protocol\bluetooth\lib\EFR32XG13X\GCC\libbluetooth_mesh.a(gatt.c.obj)
                              gap.c.obj (symbol from plugin) (gatt_init_connection)
C:\Users\Madhumitha\SimplicityStudio\v4_workspace1\WheelchairModule\protocol\bluetooth\lib\EFR32XG13X\GCC\libbluetooth_mesh.a(gatt_client.c.obj)
                              bgapi_gatt_lib.c.obj (symbol from plugin) (gatt_client_init)
C:\Users\Madhumitha\SimplicityStudio\v4_workspace1\WheelchairModule\protocol\bluetooth\lib\EFR32XG13X\GCC\libbluetooth_mesh.a(gatt_db_minimal.c.obj)
                              gap_adv.c.obj (symbol from plugin) (gatt_db_handle_active)
C:\Users\Madhumitha\SimplicityStudio\v4_workspace1\WheelchairModule\protocol\bluetooth\lib\EFR32XG13X\GCC\libbluetooth_mesh.a(gatt_server.c.obj)
                              gatt_db_minimal.c.obj (symbol from plugin) (gatt_server_send_attribute_value_event)
C:\Users\Madhumitha\SimplicityStudio\v4_workspace1\WheelchairModule\protocol\bluetooth\lib\EFR32XG13X\GCC\libbluetooth_mesh.a(gecko_bgapi_dfu.c.obj)
                              ./main.o (symbol from plugin) (gecko_bgapi_class_dfu_init)
C:\Users\Madhumitha\SimplicityStudio\v4_workspace1\WheelchairModule\protocol\bluetooth\lib\EFR32XG13X\GCC\libbluetooth_mesh.a(gecko_bgapi_endpoint.c.obj)
                              ./main.o (symbol from plugin) (gecko_bgapi_class_endpoint_init)
C:\Users\Madhumitha\SimplicityStudio\v4_workspace1\WheelchairModule\protocol\bluetooth\lib\EFR32XG13X\GCC\libbluetooth_mesh.a(gecko_bgapi_flash.c.obj)
[...]
Memory Configuration

Name             Origin             Length             Attributes
FLASH_BOOTLOADER 0x0fe10000         0x00004000         xr
FLASH            0x00000000         0x0007f000         xr
RAM              0x20000000         0x00010000         xrw
*default*        0x00000000         0xffffffff

Linker script and memory map

LOAD c:/siliconlabs/simplicitystudio/v4/developer/toolchains/gnu_arm/7.2_2017q4/bin/../lib/gcc/arm-none-eabi/7.2.1/thumb/v7e-m/fpv4-sp/softfp/crti.o
LOAD c:/siliconlabs/simplicitystudio/v4/developer/toolchains/gnu_arm/7.2_2017q4/bin/../lib/gcc/arm-none-eabi/7.2.1/thumb/v7e-m/fpv4-sp/softfp/crtbegin.o
LOAD c:/siliconlabs/simplicitystudio/v4/developer/toolchains/gnu_arm/7.2_2017q4/bin/../lib/gcc/arm-none-eabi/7.2.1/../../../../arm-none-eabi/lib/thumb/v7e-m/fpv4-sp/softfp/crt0.o
START GROUP
LOAD C:\Users\MADHUM~1\AppData\Local\Temp\ccK7UENS.ltrans0.ltrans.o
LOAD C:\Users\MADHUM~1\AppData\Local\Temp\ccK7UENS.ltrans1.ltrans.o
LOAD C:\Users\MADHUM~1\AppData\Local\Temp\ccK7UENS.ltrans2.ltrans.o
LOAD C:\Users\MADHUM~1\AppData\Local\Temp\ccK7UENS.ltrans3.ltrans.o
LOAD C:\Users\MADHUM~1\AppData\Local\Temp\ccK7UENS.ltrans4.ltrans.o
LOAD C:\Users\MADHUM~1\AppData\Local\Temp\ccK7UENS.ltrans5.ltrans.o
LOAD C:\Users\MADHUM~1\AppData\Local\Temp\ccK7UENS.ltrans6.ltrans.o
LOAD C:\Users\MADHUM~1\AppData\Local\Temp\ccK7UENS.ltrans7.ltrans.o
LOAD C:\Users\MADHUM~1\AppData\Local\Temp\ccK7UENS.ltrans8.ltrans.o
LOAD C:\Users\Madhumitha\SimplicityStudio\v4_workspace1\WheelchairModule\protocol\bluetooth\lib\EFR32XG13X\GCC\binapploader.o
LOAD C:\Users\Madhumitha\SimplicityStudio\v4_workspace1\WheelchairModule\protocol\bluetooth\lib\EFR32XG13X\GCC\libcoex.a
LOAD C:\Users\Madhumitha\SimplicityStudio\v4_workspace1\WheelchairModule\protocol\bluetooth\lib\EFR32XG13X\GCC\libbluetooth_mesh.a
LOAD c:/siliconlabs/simplicitystudio/v4/developer/toolchains/gnu_arm/7.2_2017q4/bin/../lib/gcc/arm-none-eabi/7.2.1/../../../../arm-none-eabi/lib/thumb/v7e-m/fpv4-sp/softfp\libm.a
END GROUP
START GROUP
LOAD c:/siliconlabs/simplicitystudio/v4/developer/toolchains/gnu_arm/7.2_2017q4/bin/../lib/gcc/arm-none-eabi/7.2.1/thumb/v7e-m/fpv4-sp/softfp\libgcc.a
LOAD c:/siliconlabs/simplicitystudio/v4/developer/toolchains/gnu_arm/7.2_2017q4/bin/../lib/gcc/arm-none-eabi/7.2.1/../../../../arm-none-eabi/lib/thumb/v7e-m/fpv4-sp/softfp\libc_nano.a
LOAD c:/siliconlabs/simplicitystudio/v4/developer/toolchains/gnu_arm/7.2_2017q4/bin/../lib/gcc/arm-none-eabi/7.2.1/../../../../arm-none-eabi/lib/thumb/v7e-m/fpv4-sp/softfp\libnosys.a
END GROUP
START GROUP
LOAD c:/siliconlabs/simplicitystudio/v4/developer/toolchains/gnu_arm/7.2_2017q4/bin/../lib/gcc/arm-none-eabi/7.2.1/thumb/v7e-m/fpv4-sp/softfp\libgcc.a
LOAD c:/siliconlabs/simplicitystudio/v4/developer/toolchains/gnu_arm/7.2_2017q4/bin/../lib/gcc/arm-none-eabi/7.2.1/../../../../arm-none-eabi/lib/thumb/v7e-m/fpv4-sp/softfp\libg_nano.a
LOAD c:/siliconlabs/simplicitystudio/v4/developer/toolchains/gnu_arm/7.2_2017q4/bin/../lib/gcc/arm-none-eabi/7.2.1/../../../../arm-none-eabi/lib/thumb/v7e-m/fpv4-sp/softfp\libc_nano.a
END GROUP
START GROUP
LOAD c:/siliconlabs/simplicitystudio/v4/developer/toolchains/gnu_arm/7.2_2017q4/bin/../lib/gcc/arm-none-eabi/7.2.1/thumb/v7e-m/fpv4-sp/softfp\libgcc.a
LOAD c:/siliconlabs/simplicitystudio/v4/developer/toolchains/gnu_arm/7.2_2017q4/bin/../lib/gcc/arm-none-eabi/7.2.1/../../../../arm-none-eabi/lib/thumb/v7e-m/fpv4-sp/softfp\libc_nano.a
END GROUP
LOAD c:/siliconlabs/simplicitystudio/v4/developer/toolchains/gnu_arm/7.2_2017q4/bin/../lib/gcc/arm-none-eabi/7.2.1/thumb/v7e-m/fpv4-sp/softfp/crtend.o
LOAD c:/siliconlabs/simplicitystudio/v4/developer/toolchains/gnu_arm/7.2_2017q4/bin/../lib/gcc/arm-none-eabi/7.2.1/thumb/v7e-m/fpv4-sp/softfp/crtn.o

.text_bootloader
                0x0fe10000        0x0
 *(.binbootloader*)
                0x0fe10000                . = ALIGN (0x4000)

.text_apploader
                0x00000000     0x8fc0
 *(.binapploader*)
 .binapploader  0x00000000     0x8fc0 C:\Users\Madhumitha\SimplicityStudio\v4_workspace1\WheelchairModule\protocol\bluetooth\lib\EFR32XG13X\GCC\binapploader.o

.text_signature
                0x00008fc0       0x40
                0x00009000                . = ALIGN (0x800)
 *fill*         0x00008fc0       0x40 
                0x00009000                __text_start__ = .

.text_application
                0x00009000    0x384d8
 *(.vectors)
 .vectors       0x00009000       0xfc C:\Users\MADHUM~1\AppData\Local\Temp\ccK7UENS.ltrans2.ltrans.o
                0x00009000                __Vectors
                0x000090fc                __Vectors_End = .
                0x000000fc                __Vectors_Size = (__Vectors_End - __Vectors)
                0x000090fc                __end__ = .
 *(.application_properties)
 .application_properties
                0x000090fc       0x38 C:\Users\MADHUM~1\AppData\Local\Temp\ccK7UENS.ltrans0.ltrans.o
                0x000090fc                bg_application_properties
 *(.gecko_configuration)
 *(.xo_configuration)
 *(.gatt_header)
 .gatt_header   0x00009134       0x34 C:\Users\MADHUM~1\AppData\Local\Temp\ccK7UENS.ltrans8.ltrans.o
                0x00009134                bg_gattdb_data
 *(.gatt_data)
 .gatt_data     0x00009168      0x264 C:\Users\MADHUM~1\AppData\Local\Temp\ccK7UENS.ltrans8.ltrans.o
                0x00009168                bg_gattdb_data_attribute_field_26
                0x00009170                bg_gattdb_data_attribute_field_25
                0x00009186                bg_gattdb_data_attribute_field_24
                0x00009198                bg_gattdb_data_attribute_field_22
                0x000091a0                bg_gattdb_data_attribute_field_21
                0x000091a8                bg_gattdb_data_attribute_field_20
                0x000091b0                bg_gattdb_data_attribute_field_19
                0x000091b8                bg_gattdb_data_attribute_field_18
                0x000091bc                bg_gattdb_data_attribute_field_16
                0x000091c4                bg_gattdb_data_attribute_field_15
                0x000091cc                bg_gattdb_data_attribute_field_14
                0x000091d4                bg_gattdb_data_attribute_field_13
                0x000091dc                bg_gattdb_data_attribute_field_12
                0x000091e0                bg_gattdb_data_attribute_field_11
                0x000091ee                bg_gattdb_data_attribute_field_10
                0x000091f6                bg_gattdb_data_attribute_field_9
                0x000091fa                bg_gattdb_data_attribute_field_8
                0x000091fe                bg_gattdb_data_attribute_field_7
                0x00009208                bg_gattdb_data_attribute_field_6
                0x00009210                bg_gattdb_data_attribute_field_5
                0x00009218                bg_gattdb_data_attribute_field_4
                0x0000921c                bg_gattdb_data_attribute_field_2
                0x00009224                bg_gattdb_data_attribute_field_1
                0x0000922c                bg_gattdb_data_attribute_field_0
                0x00009230                bg_gattdb_data_adv_uuid128_map
                0x00009231                bg_gattdb_data_adv_uuid16_map
                0x00009236                bg_gattdb_data_attributes_dynamic_mapping_map
                0x00009244                bg_gattdb_data_uuidtable_128_map
                0x00009264                bg_gattdb_data_uuidtable_16_map
                0x00009288                bg_gattdb_data_attributes_map
 *(.text*)
 .text          0x000093cc       0x40 c:/siliconlabs/simplicitystudio/v4/developer/toolchains/gnu_arm/7.2_2017q4/bin/../lib/gcc/arm-none-eabi/7.2.1/thumb/v7e-m/fpv4-sp/softfp/crtbegin.o
 .text          0x0000940c       0x74 c:/siliconlabs/simplicitystudio/v4/developer/toolchains/gnu_arm/7.2_2017q4/bin/../lib/gcc/arm-none-eabi/7.2.1/../../../../arm-none-eabi/lib/thumb/v7e-m/fpv4-sp/softfp/crt0.o
                0x0000940c                _mainCRTStartup
                0x0000940c                _start
 .text          0x00009480     0x5144 C:\Users\MADHUM~1\AppData\Local\Temp\ccK7UENS.ltrans0.ltrans.o
                0x00009480                gecko_init_alloc
                0x00009b44                sleepCallbackWrapper.lto_priv.437
                0x00009b80                USART0_RX_IRQHandler
                0x00009d68                EMU_IRQHandler
                0x00009d68                WDOG1_IRQHandler
                0x00009d68                I2C0_IRQHandler
                0x00009d68                LEUART0_IRQHandler
                0x00009d68                MemManage_Handler
                0x00009d68                CSEN_IRQHandler
                0x00009d68                LETIMER0_IRQHandler
                0x00009d68                USART2_RX_IRQHandler
                0x00009d68                USART2_TX_IRQHandler
                0x00009d68                ACMP0_IRQHandler
                0x00009d68                FPUEH_IRQHandler
                0x00009d68                WTIMER0_IRQHandler
                0x00009d68                CRYPTO1_IRQHandler
                0x00009d68                SysTick_Handler
                0x00009d68                SMU_IRQHandler
                0x00009d68                IDAC0_IRQHandler
                0x00009d68                CRYPTO0_IRQHandler
                0x00009d68                RTCC_IRQHandler
                0x00009d68                USART0_TX_IRQHandler
                0x00009d68                UsageFault_Handler
                0x00009d68                WDOG0_IRQHandler
                0x00009d68                TRNG0_IRQHandler
                0x00009d68                USART1_TX_IRQHandler
                0x00009d68                SVC_Handler
                0x00009d68                MSC_IRQHandler
                0x00009d68                PCNT0_IRQHandler
                0x00009d68                PendSV_Handler
                0x00009d68                HardFault_Handler
                0x00009d68                NMI_Handler
                0x00009d68                CMU_IRQHandler
                0x00009d68                ADC0_IRQHandler
                0x00009d68                Default_Handler
                0x00009d68                LDMA_IRQHandler
                0x00009d68                DebugMon_Handler
                0x00009d68                I2C1_IRQHandler
                0x00009d68                BusFault_Handler
                0x00009d68                LESENSE_IRQHandler
                0x00009d68                CRYOTIMER_IRQHandler
                0x00009d68                USART1_RX_IRQHandler
                0x00009d68                VDAC0_IRQHandler
                0x00009d6a                user_signal_message_handler.lto_priv.436
                0x0000a090                sli_bt_cmd_gatt_server_send_characteristic_notification
                0x0000ac14                GPIO_ODD_IRQHandler
                0x0000ac38                GPIO_EVEN_IRQHandler
                0x0000b25c                Reset_Handler
                0x0000b294                use_legacy_advertising.lto_priv.549
                0x0000b2ca                gap_scan_update
                0x0000b3c8                check_private_address_and_timer
                0x0000b494                gap_notify_connection_parameters
                0x0000b4f4                gap_connection_complete.part.11
                0x0000b6b4                gap_connection_complete
                0x0000b70c                gap_encryption_changed
                0x0000b774                gecko_stack_update_callback
                0x0000bdc4                TIMER1_IRQHandler
                0x0000be8c                TIMER0_IRQHandler
                0x0000bf28                bgbuf_chain_add
                0x0000bf3c                bgbuf_chain_len
                0x0000bf50                gap_adv_update
                0x0000c22c                gap_listener
                0x0000c3f0                bgbuf_prepend_no_alloc
                0x0000c430                bgbuf_chain_pop_packet
                0x0000c456                bgbuf_append_data
                0x0000c47a                DMD_writeColor.part.2
                0x0000cd6c                MSC_Deinit
                0x0000cd80                MSC_Init
                0x0000cda0                EMU_DCDCLnRcoBandSet
                0x0000cdc8                CORE_SetNvicRamTableHandler
                0x0000cdd8                CORE_ExitAtomic
                0x0000cdd8                CORE_ExitCritical
                0x0000cdde                bgbuf_free
                0x0000ce54                bgbuf_chain_defragment
                0x0000cee0                bgbuf_chain_drop_end
                0x0000cf22                bgbuf_chain_drop
                0x0000cf50                bgbuf_chain_free
                0x0000cf64                cache_adv_scan_packet.lto_priv.547
                0x0000cf84                ubt_gap_set_adv_data
                0x0000d050                bgapi_ubt_listener
                0x0000d710                bgbuf_alloc_int.lto_priv.470
                0x0000d7ac                bgbuf_chain_append_data
                0x0000d810                gap_adv_add_name.lto_priv.548
                0x0000d8ae                gap_adv_add_attribute.lto_priv.550
                0x0000d94c                bgbuf_clone
                0x0000d9be                bgbuf_alloc_size
                0x0000d9cc                bgbuf_alloc
                0x0000d9d8                bgbuf_prepend
                0x0000da8c                CMU_ClockSelectGet
                0x0000db54                CMU_ClockEnable
                0x0000dcf8                SystemHFClockGet
                0x0000de6c                CMU_ClockFreqGet
                0x0000e064                set_ctune
                0x0000e4ba                _write
                0x0000e4f8                _sbrk
                0x0000e51c                _read
                0x0000e5ac                _lseek
                0x0000e5b0                _isatty
                0x0000e5b4                _fstat
                0x0000e5be                _exit
                0x0000e5c0                _close
 .text.startup  0x0000e5c4     0x1cfc C:\Users\MADHUM~1\AppData\Local\Temp\ccK7UENS.ltrans0.ltrans.o
                0x0000e5c4                main
 .text          0x000102c0     0x60e0 C:\Users\MADHUM~1\AppData\Local\Temp\ccK7UENS.ltrans1.ltrans.o
                0x000102c0                s2a0e72a5b8a26fc17385faf33514d7bd0642b30414bb90ee8a9f0c9c888addfa.lto_priv.693
                0x000102fc                s13a7ee9958563577b2282fc1a5b5ef6ba3af9a1f629248ab5996deff4fb2d665
                0x000103c4                s21650898d8d238fa50c92cbe2e0864fe6f84676ad60ff5de8b88d48063e587a4.lto_priv.692
                0x000105f0                sc900146bd350efbfc8d5f7dd18edd7028dde2e0afc602c6982170169ee3aabd5
                0x000108a8                sli_bt_cmd_mesh_generic_server_init
                0x00010984                sli_bt_cmd_mesh_generic_server_publish
                0x000109e4                sli_bt_cmd_mesh_generic_server_update
                0x00010a88                sli_bt_cmd_mesh_generic_server_response
                0x00010b98                sli_bt_cmd_mesh_node_start_unprov_beaconing
                0x000112fc                s97f5cc6d1313fa7b909b00e19e5ea9afe53dde5479d9cea16e4a884a504405f8.lto_priv.711
                0x00011360                sd946d6c1aff7371bfb97c26055b130437ef844ebf9f138de3963ee266af7de4d.lto_priv.710
                0x000113b8                se45211d815ef9fb31fbb441132678f837bcf5a218082bcc1cb6d45b2ba4b41fd.lto_priv.713
                0x00011410                sd27a309b50c165a45be08145afbcd4b52e8d431f825f23379e9d192671146613
                0x00011422                se14dee9107056ef447c103e291d511d78f61ddce59e603f8893fe66402dccbb3
                0x0001147a                s83553b8f27220ad9bfa20a93c3ef2eabd1aa30ffa86007262c54bae4e790281e
                0x000114ae                s204e395ef05479353c223b01b4727fa35a414847590a946caca0a03c7d53cb5d
                0x0001150a                s220a2f4900f75b2e7fc3ecc165d8d6f8aa6b30a087c5ffd7c7d42ffcaf3b5f4e.lto_priv.502
                0x0001151c                s7a62d7fd0b827ce2bce0d5332161397c3f1676b4b67aff85314463df5cb1b81a
                0x0001152c                s1f21cc466505270204517b7ad50fa0ed25c07aec16bf487f9870a218bbbe63ba
                0x00011548                s1c791fee99b15346cdff307bbde8c7d66ee93c750265d3924d58d5623f273ed3
                0x00011582                sb5ebfe8ad073ffa494a8073f36630cdc3004dc68360f7c2b21fa40b29158d0a9
                0x0001159e                scbc8a5558374ddf0147bca8e39ac829a52a7aaa43fe51089913bb1dd03369c95
                0x000116b8                s391ab8a3a0d4eeae2ca5f987acb8b96d722a0b9da89439bb648ee97b77e10554
                0x000116ec                se7f010186443df19bf63228c0eccb0d26f96e806b53edec62f6e623b4c70ac78
                0x00011748                saffb41abcc8ea4648b692d75c28b7a485df412c338a246e289d32a4ba62f323f
                0x0001176e                sce1a03bf013de9fb178db1062f8796d8547237f7e44d9df7da406b88f45c9140
                0x00011790                scee74d63fc2b39964a2422232d6474f58b150ef70bac34c64e07e2ce7b521258.part.0
                0x00011898                s60ba2f87c2983372bffd75874f9bbd2f9ae36cf01fbbbd6ea7a87ddc49714ca2
                0x000118e0                s58e665513ab257bb979bcf33cd0225428edfbef7762f123ab4567ebd1487f96a
                0x00011928                s8a872785302e4c7e707ba8f778be2443e60bd1914f946c395c0b46bd733bf9f8
                0x00011944                sc082b4687beaaec31b10ce5afdef1e73b8a41497f7279d50d3dbf6659f7a3dcb
                0x00011968                safdf5a25892ffa2256f0e0cabb53c0696ace5f49e9ad604eb0a501226359a90b
                0x000119c8                header_invalid
                0x000119e6                crc32_calc.lto_priv.477
                0x00011a14                find_obj
                0x00011a70                flash_write_u32.lto_priv.807
                0x00011b34                erase_db
                0x00011b64                s5230d150008820025fc72e0ebf5162331aa42e8265a17af21c03530ce58d5b37
                0x00011b88                sc4f35a709525da19745a52c699dbf060134e7d7b796146ecfdaaf375c205158b.lto_priv.712
                0x00011c3c                s605e638eb57e6910892ea25b48deb799d0ed12a589fd7dd1912a024a7458fdb7.lto_priv.690
                0x00011da0                sb0685cf1ef80fd3979abbaad6a35204122679e45d1f232dc100d199709e190fe.lto_priv.688
                0x00011dee                saaa7a575eba06762ea03f26a1b41a8bc74f1c91c1210b7df40283a3f622b917f.lto_priv.686
                0x00011f18                sf82b544d357fc7460f34bdb66937942829178b6e043604396dc185a5af812816.lto_priv.684
                0x00011f66                s15705643ff70a9db75a513a2bfa94b967490d35423bf567891ff34adc3a15cd4.lto_priv.659
                0x00012040                s93f72479e2d5f99343f76b34ded575377196f936fb162527096af43711d78778
                0x00012094                s6d958aff5e4d1606ddb5a16abf7974efd9d4846fabaf71c9dccde4804ff27a1f
                0x000120ec                sb448a6f99b6a7e3f69a1f9e1aef3c805c39366150e3223d7e0d11e21f070afe8.lto_priv.687
                0x0001215a                se9deb58e114138e7ecd62644aed1a092bd313bd826bfe807aba31f9fc9453486.lto_priv.691
                0x000121e4                s414323304c4a58b2057c299d237b4421959b343a04d6067e13aef3cc468d2ed1.lto_priv.683
                0x00012250                s0f13c1c21af7cbbfef25cc29ec81ceb2dd3d203e01530565a604f18d8abbc0f4
                0x000143d4                s4650ffae5f06dc77af75933de37afa890e1954cc6b433a23660d08999a9c2c38.lto_priv.689
                0x000147aa                s60f0a78e90577fb3f3edca60a0f545b9975de0526c5326fbd8d3833c2c52cd0c.lto_priv.685
                0x00014918                sfcb9bc866e02aec5197bf2ca835fc0396190860888096d2edc9c6accb3d9263d
                0x00014a04                store_write
                0x00014c88                sli_bt_cmd_mesh_node_init_oob
 .text.unlikely
                0x000163a0      0x198 C:\Users\MADHUM~1\AppData\Local\Temp\ccK7UENS.ltrans1.ltrans.o
                0x000164e8                s8e566d50c7694bae12d2ac27304a956e5ee4a2d81285876c4f7515f4d4d7adb8
 .text          0x00016538     0x6558 C:\Users\MADHUM~1\AppData\Local\Temp\ccK7UENS.ltrans2.ltrans.o
                0x00016538                sf4716fcd13c544769bf5032a00a8bb4d9476757fcbd26bbfe47f4f1047029a81.lto_priv.634
                0x0001658e                s410cd6b3454d409c7393ac37475dec9eb641545e1a07a735ac9dd08fae6ae868
                0x00016690                SYNTH_IRQHandler
                0x000166a0                GENERIC_PHY_RxOverflowHook.lto_priv.840
                0x00016984                sbe84d11db9cf75e25a1e96e244cb01dbfeb8cd241973d4c7bd6360338f4ccf61
                0x000169a0                s6e8855ee3fb617136bdd959f1c659f636e37fce7df3be5b1a889ccbad2e5ca20
                0x00016a9c                AGC_IRQHandler
                0x00016f18                ecp_mod_p256.lto_priv.441
                0x000173dc                sf2ebf45e573956ec9ec68246a84e14e3854fdec9a00b4d999782834449299464.lto_priv.661
                0x0001741a                s5dde48118692cdeb045fa6ced398ab4542f24598a0d4dec7ed7ab42e81c6e477.lto_priv.506
                0x00017474                sda1879579ef0012cfaa2b0a8254b43d645928f4b3a1e537517063603cd1659de.lto_priv.505
                0x000176a4                s410425f4837993707b053b78945b5597eb39b2ceb74ee21ca3c531bb83610f81
                0x00017724                s46793617a73244990f874b1782f46a73c1bc6cc5cf6d4f65eeb503d7207dd721
                0x000177b2                s7a099f4e63f24b9e94338010fcc36a34dece99abb4a3b99ec62b941e54b3d692
                0x00017828                s57fc31885176ae06864794feeb49b5cca4a97d638143be7446b8d45a4735a8e7
                0x00017900                s756dd0163cb06f5976015528bfbfbd8aa2041320ea59cb8528071add3d6cce0a.lto_priv.639
                0x00017928                s9a578a54d87c559e7c7c81eb65b1cf66823b28d4cf5afc55b758f69f86d3f6dd.lto_priv.636
                0x00017958                sb5f8241ccde5e5727c7793a8b2415fb2fc86ab3f54f1fc73e5f80d85b4851b2c.lto_priv.635
                0x0001798c                sb52963d201199c63729ad362a4547d47e7aad102f45fa19a8192a226ac966f65
                0x000179b4                sdc6bd19fe7df46b9a3ffda523815469abda2c3b9d6d682ac558795d4589b25af
                0x00017ab0                s5b9983fb101d3c77a90734e3dfd565a6356b8ae95fc381314403192df329c0f0
                0x00017bb0                sc033980d6ceeb1a688db41d50f708e818f6b18a953aaa892badf365ad3042c6c
                0x00017be4                s448d1e30550aa5d1c89cf23f62f055b508f4a9810dad631c98eb668d691119af.lto_priv.474
                0x00017c2c                int32_to_buf.lto_priv.469
                0x00017c2c                s8d61f9f7ab0075c55b1ca8729c4ed273f49577b4295048fdedce805b856db937.lto_priv.769
                0x00017c3c                int32_from_buf.lto_priv.915
                0x00017c40                s246c7f1a97d502347b63abb9ca7f69f76b0cdaa417130dd620152ea10a9b6a46
                0x00017ea4                sdb16c8e1c62786f8a2010d52f545c18f3624fb525e03134c33a5ca5781352f56
                0x00017eb0                s703af546c8ac40ce1f264d9f1d599c9761404666d3de127b7597a3b9c22ec197.lto_priv.673
                0x00017ec8                s91cc1dff62e254727a1e6f2f53e4510e2ed6d11467357b6f4fd8b4b967ff616c
                0x00017f18                sb293b353d9644d6a6656782f756dc971d12d86da9b05f8e9bfb2962c4fd5e7d4
                0x00017f30                s73b0b85334b597f113ef7d95003584edde16ec3553fdcfd62c453c862d06994d.lto_priv.493
                0x00017f50                sc60499367cbc7706a54a35b3a5b3b487beca91e245094ff80573d89cd3f29c49.lto_priv.491
                0x00018046                s5c8699d07e7a989b119ea996fa67825b41ad9b3d2d3d154601316c39c341a1b9
                0x0001808e                sd07c3da16da3bc60dc2ee61930e89d7ca9b2be7a59dbb6dbe68165dc2cfc53e8.lto_priv.492
                0x00018164                seff9c75f9d9b0d9622e4214784368a38561b2fad95e634ea60898bb9fea17d26
                0x000182e0                s147872f248d143028df54a1a57125346531ea702c241dedcfa5b94171989b6d8
                0x0001831e                s905026993713f2ef1e26b1a7d6dbcbcc6db35b97548d925e3c7e88a25c77d49d
                0x00018334                sc79e3c9233eb828e6efab44c5b3d253ad04924ad9b3c042415c0e145d7f1890c.lto_priv.918
                0x000183ac                RADIO_RxTrailDataLength
                0x000183e8                RADIO_ClockFreqGet
                0x00018424                RADIO_RACStateGet.lto_priv.517.lto_priv.806
                0x00018424                RADIO_RACStateGet.lto_priv.513.lto_priv.826
                0x00018424                RADIO_RACStateGet.lto_priv.514.lto_priv.802
                0x00018424                RADIO_RACStateGet.lto_priv.515.lto_priv.863
                0x00018434                RAC_RSM_IRQHandler
                0x00018480                PROTIMER_PrecntOverflowToUs
                0x000184ac                PA_SelectBand
                0x0001850c                PA_SetRampTime
                0x00018620                PA_SetPowerLevel
                0x00018754                GENERIC_PHY_PacketTxCommon
                0x00018794                BUFC_WriteBuffer
                0x00018840                ll_linkGetWindowWidening
                0x00018898                ll_connEncDataToBuffer
                0x000188c0                ll_connEncBufferToData
                0x000188ec                ll_connValidateParams
                0x00018926                ll_connUpdateMaxPacketLengths
                0x00018998                ll_connGetHandleByConn
                0x000189c4                ll_connGetByHandle
                0x000189ec                bg_bit_clr_exclusive.lto_priv.528.lto_priv.822
                0x000189ec                bg_bit_clr_exclusive.lto_priv.529.lto_priv.813
                0x000189ec                bg_bit_clr_exclusive.lto_priv.527.lto_priv.820
                0x000189ec                bg_bit_clr_exclusive.lto_priv.525.lto_priv.818
                0x000189ec                bg_bit_clr_exclusive.lto_priv.530.lto_priv.810
                0x000189ec                bg_bit_clr_exclusive.lto_priv.526.lto_priv.812
                0x000189fe                bg_bit_set_exclusive.lto_priv.536.lto_priv.606
                0x000189fe                bg_bit_set_exclusive.lto_priv.532.lto_priv.864
                0x000189fe                bg_bit_set_exclusive.lto_priv.538.lto_priv.811
                0x000189fe                bg_bit_set_exclusive.lto_priv.533.lto_priv.861
                0x000189fe                bg_bit_set_exclusive.lto_priv.534.lto_priv.823
                0x000189fe                bg_bit_set_exclusive.lto_priv.531.lto_priv.616
                0x000189fe                bg_bit_set_exclusive.lto_priv.535.lto_priv.809
                0x00018a0e                ll_connEncryptionConnectionInit
                0x00018a44                ll_connRaiseEvents
                0x00019078                ll_channelmapUpdate
                0x000190f2                ll_connInitNew
                0x000192d4                ll_channelmapUsedChannels
                0x000192fc                ll_channelmapGetChannelMap
                0x00019314                ll_connUpdatedChannelClassification
                0x0001937c                ll_advExtUpdateChannelMap
                0x0001939c                ll_advGetByHandle
                0x000193e4                scan_getRadioPhy.lto_priv.821
                0x000193e4                adv_getRadioPhy.lto_priv.865
                0x000193f8                set_change_awareness
                0x00019414                set_client_features
                0x00019452                ubt_gap_set_le_mode
                0x00019914                s827131d505b4f07b5e1d62902896d3c639da41993642f403891f9c6097e06a25
                0x0001995c                s2001b61be3a91127a03b7280b7ba397a7fce2ff18c964f82903b557a9303ac1d
                0x000199a0                s441848ce43f90ae081416c0d91b1ec82e0cb7cc8e4ec4d990b0a7dfa59e2011d.lto_priv.909
                0x000199b2                s08a8bfcf661a4e2888f72d6772a3714c98538526f27902b303385e6a6d07ae84
                0x00019a68                sfca0cd9d9958e3aa5a34911e8cd550256731e6d2597f37139066c7c0221c42be
                0x00019b7c                mbedtls_ecp_point_free.part.8
                0x00019b98                mbedtls_ecp_point_init.part.5
                0x00019bb0                mbedtls_ecp_check_pubkey
                0x00019d44                PROTIMER_GetTime
                0x00019d80                PROTIMER_GetUsTime
                0x00019d98                GENERIC_PHY_SeqAtomicLock
                0x00019e48                ll_dtmTaskHandler
                0x00019f90                ll_connEncryptionSetSessionKey
                0x0001a028                ll_connFree
                0x0001a080                ll_advTaskStopHandle
                0x0001a368                ll_advExtTaskHandlerWaitTx
                0x0001a5c4                ll_advTaskHandlerWaitTx
                0x0001a6e8                ll_connAlloc
                0x0001a744                ll_advUpdateMaxEventLength
                0x0001a844                PROTIMER_CCTimerStart
                0x0001aa2c                GENERIC_PHY_EnableRadioIrqs.lto_priv.803
                0x0001aa60                GENERIC_PHY_DisableRadioIrqs.lto_priv.805
                0x0001ab10                GENERIC_PHY_ConfigureInterrupts.lto_priv.804
                0x0001aca0                GENERIC_PHY_ClearPendedRxWindowEnd.lto_priv.801
                0x0001acfc                RADIO_RACRxAbort.lto_priv.476
                0x0001ad34                BUFC_RxBufferReset
                0x0001ad88                GENERIC_PHY_ResetRxFifo
                0x0001adbc                FRC_IRQHandler
                0x0001b4d8                FRC_PRI_IRQHandler
                0x0001b4da                MODEM_IRQHandler
                0x0001b4dc                RAC_SEQ_IRQHandler
                0x0001b4de                PROTIMER_IRQHandler
                0x0001b4e0                BUFC_IRQHandler
                0x0001b4e2                GENERIC_PHY_RadioIdle
                0x0001b654                s91e411a773df905df9d86a168dedec75ea18ec7ed0b58dbdc626a946f9e53e01.lto_priv.504
                0x0001b808                sfc5170147115ffd205149b102037b2ee528a2cd415b840738ab17405a9a0e230.lto_priv.638
                0x0001b888                saec118eeb475600670116065b9960203063bd71524b18b87325542c7a74f8967.lto_priv.637
                0x0001bd20                ll_connSendData
                0x0001bec8                ll_connEnableDataFlow
                0x0001beee                ll_connEncryptionFail
                0x0001bf04                ecp_double_jac.lto_priv.497
                0x0001c4de                ecp_add_mixed.lto_priv.499
 .text.unlikely
                0x0001ca90       0x70 C:\Users\MADHUM~1\AppData\Local\Temp\ccK7UENS.ltrans2.ltrans.o
                0x0001ca90                fill_buffer_byte.lto_priv.819
                0x0001cab8                ecp_safe_invert_jac.lto_priv.495
 .text          0x0001cb00     0x6064 C:\Users\MADHUM~1\AppData\Local\Temp\ccK7UENS.ltrans3.ltrans.o
                0x0001cb00                sd4ee9692d1a99ea23f5b564ae1776ad070051cfb7b308478bc86fa7d0c7c2b1d.lto_priv.726
                0x0001cb2a                s33f1d714ca7444b748fe0e149db3711293055b1a8e8f67eb04e5bcf49f5d2e73
                0x0001cc68                s79fd3a056a8997c55d39265bbf224238ecc15d413da2dd2ce411f9a7e4b11ca6.lto_priv.633
                0x0001cc78                s1f6b407bfd5cdc3b17a91c2efd8de68c761c9aaa717844be0227a1dae4f22603.lto_priv.727
                0x0001ccc4                sd1b90c41cc41383bba37ad3d3df15029e986986ba50c81da10090012a8b749ef.lto_priv.745
                0x0001ccec                sbca880c632ac6b8f1d146e4017c270d537ed894fd385fc81d0a721b8050692dd.lto_priv.746
                0x0001ce98                sf5ec0752c88ca99fa1bc5fac0e55794012aca3f0202430f3b53c6899db6fe7c4
                0x0001cea4                s5f0f676392d7e10f8c575c6c354c5766c421ec30b82ca05be774446ebe612745
                0x0001cef4                s813fa74d502af07067c5c842dc584f86639950923830eadb25a9db6ae4cabbd9
                0x0001cf44                sdd28e73c2cf8afb84c6a4cd81aed0df22e2a845bf0184f143a578df8422dd5e7
                0x0001cfbc                s16072083f22643f6ff166020acad05e3e3a4f1df68e5f716319515eeb55b7ead
                0x0001d000                s0e44e79ce761088814936b906b7d7226f7a8be90591101f10b3280e25e1c0152
                0x0001d100                sc1579457d93a966d6f7aaa207f6ff2760e415d4751b524febad19bb68ba8d461
                0x0001d164                s838219210bdd0ec8ccf4b4259807111a6d86ab93c38e2709afee9dfc22208661
                0x0001d1c8                s8d1cc0fb00130af216e8ac3e925884682980ad2b166067caf72682ee6552276f
                0x0001d21c                s3c07e3150bc968d6a581492ed394f9b8cceee9f2ce6f6cc2146326a7f5253277
                0x0001d280                s993c410fbdbc1ebe61f2cb69d6b24002d39764f37a0445c4f1c0077c8022d3cf
                0x0001d32c                s447e3f528d8344ed793f401fdacb4028fc8e61a19606d62d367d6727dc456830
                0x0001d3d8                s34cb2d37f22ab3bafb5bd4a139bacc164fa448d68e581f31b0deecdb0135869d
                0x0001d43c                s7d6c334d3e3ae6e19d7f87c1e01e724b7229e53a2d082f50f09d188e67bb99c3
                0x0001d498                scfa2fce0b8d2e3591331262afc690de3c9839d5af63e5551b62fce95d1afa5d6
                0x0001d6ce                s8f7de03f43ebe7d78b8d730f5a00790960a80035fbf4fab53b8431ca78356c93.lto_priv.490
                0x0001d720                scb7e2bf5627225d472efa274a4705069a70081ebf5885662356540ec959a6ca3
                0x0001d76c                s4cf3b5c26a53dedff69801eb7533bfd4e99f05885216bb14935b3c9a6c315c0b
                0x0001d7a8                s51e5a7c161c676a54a257bb1bbb291bad688859158a5823f54d348d149623921
                0x0001d7ec                s2752c6a68d8c2ae6512ae7af8cc2a74f46be5e33428f59c0beaf8f7a2641f5ef
                0x0001d814                s1ff37494c7eac6c6c4cb18278dda679225964a89d2c9af167d905e83a5b0d605.lto_priv.478
                0x0001d830                s683859e15c32f7b8a9cb479e68db95c1dbf58d9354e4cd118d2df038521ceea0.lto_priv.772
                0x0001da60                sfc099dc11021be6dc5106eb53344f54f51e12ff0c88b6473e9d627b7f9587510.lto_priv.503
                0x0001dad8                s0847f073e90010e66f2b06a8f122be530cd502225bb170ef04b278f100d566b5.lto_priv.442
                0x0001db40                se19f6dd1e4ecbad7a45ea6207213ee444fc59a7492f06cf0fc544b89727e3881.lto_priv.672
                0x0001dba8                bgbuf_chain_links.lto_priv.670.lto_priv.671
                0x0001dba8                bgbuf_chain_links.lto_priv.669.lto_priv.677
                0x0001dba8                bgbuf_chain_links.lto_priv.678.lto_priv.866
                0x0001dbb8                s7093a4bff9bfe0401843e7743ce40c200d11ffc2181c2f2f0d7c0dc38036157b
                0x0001dc24                sc33e8458521ca746243f4b8886155e15d2585e09ec9e862745446ca864c43e7b
                0x0001dc26                sb8dd468bf49f81ec54a3658669979d10148398d553131819004037c0cd69e211
                0x0001dd78                sd569e3eed4b0dc24fd478c154963550cc178d8cc078021e4fbff5e3fae742a7e
                0x0001ddec                sf2e3f909527cbee49b821cbbbce431e194bba4fcef034fe94f618f6bb033950d.part.1
                0x0001de7c                sc0b88f44ca7c1fb23c0c379d82e81dc6bd6e1ef69ccdf969c11d04f28b11110d
                0x0001df88                se9378b5e06f5cd7981ec81bf7f0ee3318a81b0251f304cf6b7e0b9791b97926d
                0x0001dff8                sec87af4e5219ffb6a0ae0a4ce22c245a9f1173f8f29eabf64d326211df962025
                0x0001e15c                s49e96b74b519df1afe9939ce7b503168d6d6a05f77cd3cf726da9c775bb8a014
                0x0001e2ac                sfb5c66a466d3b08da715e79f414db68be462f43cbee84ab9e0b346da5e30026e
                0x0001e2d8                s3bd25953b9c1a887c2c0f99033e7fd2ebb0200877649379a70ee7e1af29f1f23.lto_priv.494
                0x0001e2fc                s49b707d1987eac012ea497d59327e850324665f3337c9cc225d6f8337455972f.lto_priv.658
                0x0001e318                s9c2e998b67e38d2934839cf5ac66cf863f4be1c037846c687f2d20badb47642d.lto_priv.615
                0x0001e4dc                s6a8f4364e482e0ebda5d469da9c8eb4a7c5202f8181d1caaf5759d3d15254a7e.lto_priv.663
                0x0001e4fc                s44501da34dcf08c5e8b1318ac72561431157625d04089a8861a180c9de877a08.lto_priv.632
                0x0001e68c                s2ca917b6d45e2183e80d0d9a7a23c4180aad3264450793da13bff5129bd3e620
                0x0001ea88                sd04e7e8e1bd3ec1c3f73cc8e95f5b3467b8069ef77d498f71a6fb64309cf9d20
                0x0001eaf2                s4f9122f652ec12db16aefc48c8c1686358f2ef022bb014b46b180f495722d3fb
                0x0001eb58                sdab2176a8c11f91c65e01ec2b4924e0835e5272a885df03d1a9af553d02744f2
                0x0001eb6c                s7efbfa21c2c2eccae7cf00693a22c6b80f05c41901dae3bba1e68ba8a1ab7960
                0x0001eb7e                s4ff1bb9ca97f8ec5fc6562deaaecc18b9379dec4f09f3714ee20b7f1164521d3
                0x0001eb94                s1ac8e93480210e77effdd58bd95c65bf2609d9c72c6838f3ffae38bd3dda9a2a.isra.12.lto_priv.486
                0x0001eb96                sa5f94a8d8b9a908adb4ad82d059aa110e199e5adb934bc769e466f0ad8971fef.isra.8.lto_priv.666
                0x0001eb98                s855f4276f84548fe38aba55256fd0cb490e414d325ad5a8b35f81aec35ba3d05.isra.7.lto_priv.664
                0x0001eb9a                s77b728fb5c81a851924867ab59edfe74185118be83d1f32a4f3e9123e3e7c80f.lto_priv.610
                0x0001ec00                s284a22f4757f80499f5033ee854522c904a18edac617e2caadde3daf3e8f052d.lto_priv.608
                0x0001ec94                s2a70afd8763005873d546185b667566d214490de6a714e989701012953ad5a59
                0x0001ede4                sd1e395d8111eb8d8809c27fdf0c512b3338760e7243d8a7882c2ca5d12ec5abd
                0x0001ee14                sd873b33f065f3c254791dcd8e102befe51073cef638aefffc5eab9017a3553aa.lto_priv.488
                0x0001ee64                s065265c88d2c3acaaf55e74b39d35b260ea27e1828bb13c15bbd14b2549000b2.lto_priv.667
                0x0001ef50                s2c84453a5319c24593458f3d42ac8a4cac030033420efb7070ee2279edd8ca12.part.21
                0x0001f240                se7433314ba1da000186c3256aeef6d55002d069f7d0235f26b1212fded243137
                0x0001f284                s1d10521382d0533e7e1aff1985c029f02bd22dcb14f18cdd7a4d3b160311fbfb
                0x0001f29e                s9957647cd6e8ff4264cfd135e5353273cb90f430ec1005e65607526f7650e7dd
                0x0001f2a0                s214d62745dc9e5ce0d47b1287a4d1dfd865e4d04ea3e05e37326907aece2a40b
                0x0001f2a2                s0335982a907df229715d32cad64d9a195494e551ffb1aabf86e5a6c51e734e9a
                0x0001f2a4                s189d432a7abbe68b7a29029b6f35cc27d51503f95ddd020c1ca9d344b93ceb6c
                0x0001f2a6                s7b6aa44935c9f47f348f069f08ef4d45bb69640444a3d73df0e645024f610861
                0x0001f2a8                s36040ca32eb7d9b4218a89bb544f85c7b28a8b32980cf9a0770c14a94ce638c9
                0x0001f2aa                s26d1ce34fd38b2b2b5c7a065f9ff6ce148b8950ae9ee1589d91d1c905fb51a53
                0x0001f2ac                sc90918a3b1af47bb153d3140b12e9d6266398d7b58b35138e21b2f22bd2cea04
                0x0001f2ae                s1454ffd58a020b2da2923ec71899080c107590ee3a7c20ea3b4ebe5da4e8fae5
                0x0001f2b0                sb1586f5fae6d401aa3332dce4c846d2f5b6f4e877353f5946574f2efd61b5014
                0x0001f2b2                s301f6ee358cc2a0a9193e6acc28080df16bb2b54a80af828a9cee6a507a6e630
                0x0001f2b4                s33c1f06d3ba59be0f5e5fd5a87a857e917f1f9e9fd1781c7764d0a15500d8d05
                0x0001f2b6                see123b8d35ff408d4a131c861b6834d67aff1d39aaabd3fa861fe3421af4a00f
                0x0001f2b8                sdb37ab6ddcfb602eeb246da66a610d1a29b53c8969e1ee78191b8467d389ccfa.lto_priv.768
                0x0001f2e0                sc25c7bb05ff45ffd09352364f391908338d20456509c8b3d2562ccc5542bbf7e
                0x0001f310                s0ea8b5ab0953e494b31b6055f8cf4de5d29d82ad254cb57ff9bad23506651eba
                0x0001f560                sf8e2600e5fb0802f032db91badc5517a3d414087f7e3dfe5a0ae5c464e93e3e1
                0x0001f6d0                s72dd908cae44b273ac6c8e3c655ea6f94806c9cd5898dd88ab244940c198c1e5.lto_priv.747
                0x0001f850                sfb221a8cfc95c8fc1e9890cbe098a1f7b512cb836aeb081c1969ce6eb753cb64.isra.22.lto_priv.665
                0x0001f990                mesh_trans_send_sdu
                0x0001ff80                sdbdba6af23d254015f128a73fdfd80e535a87b286f992521c6f3a3b1026be07d
                0x00020012                se1bcbc2d8abf7a0a532ec7312ae60b8a50ef97f79823763caa2f6c577f4bf993
                0x000200fc                s4f722afee9c7e782375523e5aedf0e0c61986b84b1f6098469e298b685859487.lto_priv.725
                0x0002029c                sd2a70f85afb3726c1aa16712911540c18ebf6ec365d42af91de790bce8a5841b
                0x00020324                s27aa042d3dff6beba3ebccfbf51ab103801a2a460c4644e1761b824abe5bfe80.lto_priv.443
                0x000205dc                sd00bf36072d1fcfed34c5b5f9f199dd282452c058d36f98c77d36d35dde301a3
                0x000207ec                s04fd9939449bc3e9cd2359d5b258cdf77ce40c61cba023963ba0113398787976.lto_priv.487
                0x000209f8                sf412032d0872e25428029b0d065c2e0cd5998728fb78818f8f0c47d5bea60440.lto_priv.662
                0x00021750                sc6b3c01efe36ea05119a58a41a0eb767ca1f2718730ae1e74c84295e5646adee
                0x00021c50                s1946dff6e10fe33781d46ccceb688b5bb564743fb0b5d2a71e06770db2eeb32c
 .text.unlikely
                0x00022b64       0x9c C:\Users\MADHUM~1\AppData\Local\Temp\ccK7UENS.ltrans3.ltrans.o
                0x00022b64                s59f138f637a81dbdb4c83edb8022dc6738efa2db238f5f6a841d2d01ecc343a2
                0x00022ba0                sf28ddbb27e224bb87e53e0b03b1f3c346d957c78ab61c77a52103fc1cc5bf67f
                0x00022bda                sb943c32a0dc538a8eb2129f46d7fd49078d3dc9509c78dd92513dc6e07f323af
 .text          0x00022c00     0x5c2c C:\Users\MADHUM~1\AppData\Local\Temp\ccK7UENS.ltrans4.ltrans.o
                0x00022cf8                sabd79f15c289a92fc1e0f0f03c6c49aa2c629aafa722c7aab7fbcc29f3e3f1b8.lto_priv.739
                0x00022d88                s274c3b8ab77f468732558fa51f7f77061c241c1798d9608d46aaca8ef87a36b3.lto_priv.738
                0x00022dd4                sb067a88be0a28dbd0339f0948f080501ad79ea40a733141e6b8c4711d337c314
                0x00022ebc                s20747ba844a0fe94c7e5ad3dfba8b7fca7ad378bfc3f58f50c5b8785903bf8ef.lto_priv.751
                0x00022f20                sc590d24106db6e925a651aefb0ac337d10c8759c85168c5d21f85462e20505b0.lto_priv.750
                0x00022f50                sc6695c398cf65f6a61823f414b9fb0e5eb174ad2cee16028da0484dfaf4c6cf0
                0x00022f60                ccm_aes_setkey_wrap.lto_priv.466
                0x00022f64                bgapi_test_lib_msg_handler
                0x00022fb0                sli_bt_cmd_le_gap_set_scan_parameters
                0x0002301c                sli_bt_cmd_le_gap_bt5_set_adv_parameters
                0x00023110                sli_bt_cmd_le_gap_end_procedure
                0x00023158                sli_bt_cmd_le_gap_discover
                0x000231d8                sli_bt_cmd_le_gap_bt5_set_adv_data
                0x0002323c                sli_bt_cmd_le_gap_bt5_set_mode
                0x00023636                s8416c5883cfc255a107835fc1e510a7aba3c7498fe0b498fec027ca2de3131be
                0x0002363a                s3124d70d18e755b80e44f02a8127c51499b23dbdd42ca5b3341ddc4ff0a6a284
                0x0002363e                s7b8086ab79d282ad99a9f33f64f23f6a13cbffd465b0ef2c0a7d497b9bb99a03
                0x00023642                s69bc9eab5d711cc0c902632c9680117ddf00900bda368431741605db16c391d0
                0x00023646                sf2dbb87f42938d2ad47026c86c375b4eb47f7a9ac219d0df59c97fdcdc3256f2
                0x0002364a                s0e239bb73ae1d57145263488ac95431c9f228c367fd43f001f50499e29bb757b
                0x00023714                s623a271c1776de493bcfd625995d18009b5092a96826394132416c14d707e5b4
                0x00023840                s47551b29b8853ee77bfa302dfff71f1900c26fc4aef5361a76549a1eac67c491
                0x00023d18                sf4364e7b7bd22f221715e914e9f1b8d052d9de85f4796bf6715ed313afa3ecd0.lto_priv.753
                0x00023d1c                s4672eac5d1efdd7ac1aa5d4dd81924d8fa0f4ae12d22d12c01ea0961f0f60283.lto_priv.748
                0x00023d4c                mbedtls_ecp_point_free
                0x00023d54                mbedtls_zeroize.lto_priv.471.lto_priv.501
                0x00023d54                mbedtls_zeroize.lto_priv.566.lto_priv.698
                0x00023d54                mbedtls_zeroize.lto_priv.472.lto_priv.473
                0x00023d64                crypto_management_release
                0x00023d98                mbedtls_aes_init.part.3
                0x00023da0                aes_ctx_free.lto_priv.465
                0x00023db4                mbedtls_aes_setkey_enc
                0x00023df0                aes_setkey_enc_wrap.lto_priv.462
                0x00023df2                mbedtls_cipher_update
                0x00023e94                mbedtls_cipher_cmac_finish
                0x00023fa4                mbedtls_cipher_cmac_update
                0x0002406c                mbedtls_cipher_setup
                0x000240a0                mbedtls_cipher_free
                0x000240ce                mbedtls_ccm_free
                0x000240e0                ccm_ctx_free.lto_priv.468
                0x000240f2                bondingdb_handle_valid.lto_priv.808
                0x00024114                ubt_sm_get_bond_data
                0x00024144                ubt_sm_set_bond_data
                0x00024172                mbedtls_mpi_cmp_mpi
                0x000241f2                mbedtls_mpi_cmp_int
                0x0002420c                mbedtls_mpi_bitlen
                0x0002424c                mbedtls_mpi_free
                0x00024278                mbedtls_ecp_group_free
                0x000242d4                bg_pool_free
                0x00024316                bg_pool_alloc
                0x00024330                bg_message_run
                0x000243c0                bg_message_call
                0x000243ee                bg_message_remove_receivers
                0x00024420                bg_message_send_later_alloc_pool
                0x000244b0                bg_message_send
                0x000244f6                bg_message_cancel_matching
                0x0002454c                bg_malloc
                0x0002456a                bg_message_add_receiver
                0x0002458e                bg_zalloc
                0x000245a6                aes_ctx_alloc.lto_priv.464
                0x000245ba                ccm_ctx_alloc.lto_priv.467
                0x000245d2                mbedtls_mpi_grow
                0x00024624                mbedtls_mpi_shift_l
                0x000246b2                mbedtls_mpi_lset
                0x000246da                mbedtls_mpi_shift_r
                0x0002474e                mbedtls_mpi_read_binary
                0x000247ba                mbedtls_mpi_copy
                0x0002480e                mbedtls_ecp_copy
                0x00024838                mbedtls_mpi_mul_mpi
                0x00024e3a                mbedtls_mpi_mul_int
                0x00024e54                mbedtls_mpi_sub_abs
                0x00024fe2                mbedtls_mpi_sub_mpi
                0x00025028                mbedtls_mpi_add_mpi
                0x00025402                ecp_modp.lto_priv.500
                0x0002559c                s04501f1925e2ec50b97e1d2ce11de55e8e5370895eec5b9b4d52c2bb1acb42c9
                0x00025600                s742e7dc10dfe34b61d39a84a61bd1d368a80615de064316364e8ba82269a9860
                0x000256e4                s8df64a28463a928f7690a9bdf32144aa7aa0c05059315babc105486c6d5262d5
                0x000257e0                s67f7ba97496e2b4aa07103b0f386f6d79ee25f925a1328e59fd39bab9111b1a2
                0x00025844                s2613b7d0a7400d9d8a0189268260e9a4f8c6e817702ae1d5261df8baeecbecf7
                0x0002590c                bg_event_raise
                0x00025938                bg_event_allocate
                0x00025960                bg_bit_popcount
                0x00025986                att_buf_send
                0x00025990                att_send_pdu
                0x0002599c                att_alloc_pdu_copy_data
                0x000259d6                att_alloc_buf
                0x000259ee                att_alloc_pdu
                0x000259fe                att_send_execute_write_response
                0x00025a18                att_send_write_response
                0x00025a32                att_send_error_response
                0x00025a58                acl_find_by_addr
                0x00025a88                acl_find_by_index
                0x00025aa0                acl_find_by_hci_handle
                0x00025ab8                acl_release_
                0x00025b5c                sc2f6f3c1f75026b9c4377dae81b53b1f0dc8acbbe675a1a04b0ba55205e46294.lto_priv.483.lto_priv.508
                0x00025b5c                sc2f6f3c1f75026b9c4377dae81b53b1f0dc8acbbe675a1a04b0ba55205e46294.lto_priv.582.lto_priv.695
                0x00025b5c                sc2f6f3c1f75026b9c4377dae81b53b1f0dc8acbbe675a1a04b0ba55205e46294.lto_priv.579.lto_priv.699
                0x00025b5c                sc2f6f3c1f75026b9c4377dae81b53b1f0dc8acbbe675a1a04b0ba55205e46294.lto_priv.585.lto_priv.640
                0x00025b5c                sc2f6f3c1f75026b9c4377dae81b53b1f0dc8acbbe675a1a04b0ba55205e46294.lto_priv.580.lto_priv.641
                0x00025b5c                sc2f6f3c1f75026b9c4377dae81b53b1f0dc8acbbe675a1a04b0ba55205e46294.lto_priv.581.lto_priv.696
                0x00025b5c                sc2f6f3c1f75026b9c4377dae81b53b1f0dc8acbbe675a1a04b0ba55205e46294.lto_priv.583.lto_priv.648
                0x00025b5c                sc2f6f3c1f75026b9c4377dae81b53b1f0dc8acbbe675a1a04b0ba55205e46294.lto_priv.484.lto_priv.485
                0x00025b5c                sc2f6f3c1f75026b9c4377dae81b53b1f0dc8acbbe675a1a04b0ba55205e46294.lto_priv.578.lto_priv.709
                0x00025b5c                sc2f6f3c1f75026b9c4377dae81b53b1f0dc8acbbe675a1a04b0ba55205e46294.lto_priv.584.lto_priv.642
                0x00025b80                se0fe74183ff7288225450644afe2f16b8636e2af095d10a1e24f0d994a0bcd80
                0x00025bf6                s54dd0267f966802976814c7ec97bc3b92441586d1808034aaa42e614f4ceb199
                0x00025ca6                sdf8fab133110f78e898124752ca3fb3f8588307be8d8c3b0f13c4c67fc739787
                0x00025de0                sa0c156570b521fbc443189f98ea5e47b99ca51e771ffc1e5ee115ae47375fbbd.part.1.lto_priv.703
                0x00025e10                s5e4c729ecc0bd4293f6a014d0864ae8d8978aa220eedac37ef08a81827ddd84d.lto_priv.489
                0x00025e6c                s3e51f689fb09c161845ae1b8472f764515604fa4a0701a3fe6b2147bc3cadee3.lto_priv.656
                0x00025efc                s6dc7d5874cd6666c600a6dc8656dd87fceb172ec9739e6053d952972d587bd11.lto_priv.651
                0x00025f1c                s91b90511bcf648b3208a6ec9b0a26f16009a95d7a78cb0aceb1488b02e26d743.lto_priv.655
                0x00025f40                s32b990cecfc63a41e04c1cb1911b3579bc20abce6250d285d09a9a439c5eb95d.lto_priv.650
                0x00025f8c                sbbae2403bbe900e8144cfd94c854c066bb252679e7a380d4e6b2af0c92fd4c17.lto_priv.652
                0x00026070                s33d0674f7d0d4ce77da72e018c1fbd4ae1b744478a44d4e5c6848f1357d453bc.lto_priv.702
                0x000260a0                sdfec51f42d35b93e0c18778cd605425d65c8a5228af1c2dee0454294dee10b7c
                0x00026148                s1c59c9e3865e6fa9dc520f05c7bf684a06ef24e23a9bed665db52bbfb2f5108f
                0x0002621c                sbc729c3856c974a27eeb7fa76b554e63bb084ed4304b639b76f547cd93b2af86.lto_priv.649
                0x000262d4                sf0d01b2b1142285f6657c91dece4a1d4086f319597508069766187a9ca1a3b5d
                0x00026304                s09fa8e5b0471018ec0ca94db615d176fc60867cd1a513e69d91f05148e99538e.lto_priv.653
                0x00026324                s3267e5efd94419af8cf1080d981ae4d890ec6a2d531dd1ae2f0f69d636314dd6
                0x0002638c                s8157e5c8b57d11cdeebba662ad6af0300191592a03ae961d5f7f2c374593a7e2.lto_priv.590.lto_priv.657
                0x0002638c                s8157e5c8b57d11cdeebba662ad6af0300191592a03ae961d5f7f2c374593a7e2.lto_priv.482
                0x0002638c                s8157e5c8b57d11cdeebba662ad6af0300191592a03ae961d5f7f2c374593a7e2.lto_priv.589.lto_priv.643
                0x0002639a                s8790629cc3ff6344f12912aed40930b119aa53ae55f06697a8723974dfc91ee4.lto_priv.654
                0x0002641c                s83ac33b95f4c286c58130babec40cde39817ebeb8a43990b97f63b8dd2345368
                0x0002646c                sd6f7f6acdcb6bcf3516911bf8a75c1c5fe75c2f8db785ee181ded6b12054b204.lto_priv.647
                0x000264e2                sb4f1f11fe0aebc7c744f6193a1f25970e75984afb7b6883ba73a45133c720e57.lto_priv.594.lto_priv.644
                0x000264e2                sb4f1f11fe0aebc7c744f6193a1f25970e75984afb7b6883ba73a45133c720e57.lto_priv.592.lto_priv.674
                0x000264e2                sb4f1f11fe0aebc7c744f6193a1f25970e75984afb7b6883ba73a45133c720e57.lto_priv.593.lto_priv.646
                0x000264e2                sb4f1f11fe0aebc7c744f6193a1f25970e75984afb7b6883ba73a45133c720e57.lto_priv.591.lto_priv.675
                0x000264f2                scc3365c1df798b26808743ac85b7a3c8655f2d674e79baef31319cf9052ab78d.lto_priv.668
                0x00026690                s537fb7c5eda83ea26ffe800e7d2ef073cc24f6e0e1cdab1228fa7a9de2cf1343
                0x000266bc                sccabdcd1c32af0e6761b86ece260627fdb4f2574bfbcde7843cfe06f827f38a4
                0x0002693c                s86bd369eaf917dca0cfb27756b583324b115fc60ca4f762c5279eb6e8039816f
                0x00026c68                s42ce63c050c4adf701118b6bc406861b423002316b818b8ba576e0b8ca45f14d.part.6
                0x00026cb8                s5f0f7356e787b3369663054b6bd0b1bce53b0c5b84a56e39b225d7709ba1dd35
                0x00026d18                s0497ae667526ec873e417d8bc5c521b85e8038274b233e98d33880d366ae0328.part.1
                0x00027004                sf13dfac8b83b5a0a44b177becdf414f20d660eef2a4efea4c261256e4017f0e2
                0x0002703e                sbcf1de4539448962e2b3e09d287bd5256fb04109aeadec5f4a56186ccb4c962d
                0x00027084                sbb2d76b1cd0094f1eaceb8936b5805b41b6d11bb120e5626966875676e0c1db1
                0x000270b2                s577aabdcf7e0a251e6bde6701177ab03a63a2979f91930350e9a34793ff28ebe
                0x00027110                sf760beb5b56baad283ca005e8b7bf64a319220d5d1906817d48671d43fff53ec.lto_priv.740
                0x00027204                sa8dfbc5b8a8b402287a7d1db9744bcb755c84607cc222cfac5c81a1cff1e35f9
                0x000272b6                s4568ee9094f2201860d1e6348564963c69babbe49e2838ea2e0a83ec2031ffcd
                0x0002731c                s9820693b8b71d78ad3e2ff764838189083d69ba7960ff99ae111dbd538a575f2
                0x00027376                s1b54d0aaa385a556348e5eacb1ef84269f0dc12aab4fd59657d8a614508112d4
                0x00027428                s0952916ade171e2e29137c76d428992579a3be37f862bdb6eb00abaf59fd3512
                0x0002749a                s58f1f3d7c1ef7d44058da688fffa89251f1fd3acd5de00f8ba9287fea4faa5df
                0x000274b0                s51a9e1590aa3071d6ec2f77a487945b851882174034d8e884f29478806794a6d
                0x000274cc                saf34396edb610bb7166ccfaf0ccfcda9cdc40528b487aaa761eb36ed40eb7fd7
                0x000274e4                s90a6c604cbb41d0e7dbda2f0445e3350b58d157326de13de1b573fee3ddb1e27.lto_priv.660
                0x0002759c                se8c10638544ecd693973da0f0a7732e4b168d5f38cb045da9f2235cbc282d73d
                0x00027664                sac31d73ce085d394b197c51a6869387ec575c95f055bc3c14a8c0168981bd7bb
                0x000276b2                s675b0f9aaa14b27d094a92a10b6e3fbfae12c98aebeeba328c9abc1e68dd9aad
                0x00027714                crypto_management_release_preemption
                0x00027a80                aes_crypt_ctr_wrap.lto_priv.461
                0x00027ac0                bg_random_get_data
                0x00027b84                sc400441ef8613ca3ed0ada15e0086e4b41fd0cae226f0baf53b95199c81383db.lto_priv.752
                0x00027c14                s5f8d88ad41beb2f58a217cedfa34b4027b86a34fe26d679080632529b7bbdd28.lto_priv.754
                0x00027ca0                s272ff8b712fa6f828f7948647374ef11b721113c1f6b727469191a6601e32254.lto_priv.755
                0x00027d08                sc200cc806e602bdf131a612a1b01216103c790a6167f7c27794f18d84f53c557.lto_priv.749
                0x00027d5e                mbedtls_aes_crypt_ecb
                0x00027e04                aes_crypt_ecb_wrap.lto_priv.460
                0x00027e06                aes_setkey_dec_wrap.lto_priv.463
                0x00027eb4                s9fa0f72e981ad65fdd3bdc0884af7b8bda4e40e8bebe44fcab8b05bc4a6138b6
                0x00028094                seedf85a4467c57ae7bb92da422a37d35e3ee4669597a60e8eaa0fe5ca0e111cb
                0x00028268                s7e9a8b9e4f08427566a0da6e18dd1c2996f802b7edf6335d12f041a0b4697969
                0x00028490                s98f395ecacf19e88f9efb374f41f6f1f96bffbee552e9cf0e78ab5522e49b1ed
                0x00028594                s8e3c20d632bad73d2eac3d216aa0c4e9ca17fde9249466897876c3e145cd3f4e
 .text.unlikely
                0x0002882c      0xb10 C:\Users\MADHUM~1\AppData\Local\Temp\ccK7UENS.ltrans4.ltrans.o
                0x0002882c                mbedtls_mpi_safe_cond_assign
                0x00028c2e                ecp_normalize_jac.lto_priv.496
                0x00028cfc                sf930c4a6c036ff1e373d44b790720fb545a912d8ba7cbd17b988d7065b8edc8d.part.3.lto_priv.706
                0x00028d60                s94e24e017c770a8f1242c7cc5b5b784e8340070d0a308707a851abc980b26480.lto_priv.705
                0x00028d94                s97f026172ef33073712b3b37ae029c9fe7a03a46db263c7cc6dc094b2894205f.lto_priv.597.lto_priv.645
                0x00028d94                s97f026172ef33073712b3b37ae029c9fe7a03a46db263c7cc6dc094b2894205f.lto_priv.596.lto_priv.676
                0x00028d9a                se66409bf6128cd77c30bf62eb1b713389f835ac35e8d6c5d1d49d505b78613f8.lto_priv.714
                0x00028dac                sdab0d80786bb975e09dceb1d372ec15b7fe516ac11b3ba02283f428123da7a2c
                0x00028e4c                s559dab69e4f38cb8d2b25c1adee3a86f0fe1f077e84ffc725ffd7de91491714d
                0x00028eb6                s426bb8ac671a05377280fd4158743ee2ab3bcc1371960aef15a1f423c3519201
                0x00028f10                s21507a50ec720d62554877e97d3d5b2c031a1fdbcc9aec166466f4dd7917b5e0.lto_priv.916
                0x00028f46                ecp_normalize_jac_many.lto_priv.498
 *fill*         0x0002933c        0x4 
 .text          0x00029340     0x4e84 C:\Users\MADHUM~1\AppData\Local\Temp\ccK7UENS.ltrans5.ltrans.o
                0x00029438                PRORTC_IRQHandler
                0x00029448                RFSENSE_IRQHandler
                0x00029498                eventDefault.lto_priv.839
                0x0002949a                radioConfigChangedDefault.lto_priv.510
                0x00029580                BG_PRORTC_IRQHandler
                0x000295b8                ll_task_default_callback.lto_priv.438
                0x00029700                sfd50a6101b3fcb6e4f39cbce231c2b00692264a466cca7b40c5014b12b9ff493
                0x00029a04                sli_bt_cmd_mesh_friend_init
                0x00029ba4                s43945718ec2174008529447cf60dcfe8d5c786d42a336ebcf5c4f004dbe5151f
                0x00029bc0                s1f2868aabdc3cc94e4555c388c5dff8013a8bdfb9ec8b2d2faffed06b768589d.lto_priv.771
                0x00029c1c                TIMING_NsToStimerTickCalc.lto_priv.860
                0x00029c48                TIMING_Recalculate.lto_priv.542
                0x00029e38                SYNTH_DCDCRetimeClkSet
                0x00029ea4                SYNTH_LoDivGet
                0x00029ec4                RTCCSYNC_RTCCClockFreqGet.lto_priv.917
                0x00029f08                RFHAL_GetBitRate
                0x00029fcc                RFHAL_GetRadioState
                0x0002a014                isTransitionState.lto_priv.862
                0x0002a026                RFHAL_BLEPreambleSyncWordSet
                0x0002a06c                RFHAL_IsBleLongRangeEnabled
                0x0002a084                RFHAL_WriteTxFifo
                0x0002a0e4                uuid_to_handle
                0x0002a148                timer_get_time
                0x0002a170                smp_ah
                0x0002a200                usch_SendEvent
                0x0002a210                usch_Schedule
                0x0002a354                usch_RemoveTask
                0x0002a414                add_task.lto_priv.544
                0x0002a630                usch_currentTaskRemainingTime
                0x0002a644                ubt_pskey_read_callback
                0x0002a660                ubt_pskey_write_callback
                0x0002a67c                ll_radioRawToTXPower
                0x0002a724                ll_radioTXPowerToRaw
                0x0002a750                ll_radioGetRailSchedulerInfo
                0x0002a794                commandError.isra.4.lto_priv.858
                0x0002a7a4                ll_radioTxAfterRx
                0x0002a90c                nvm3_deleteObjects
                0x0002aa48                BTLE_LLToHCIEventSAP
                0x0002aa7c                ll_to_hci_event_handler.lto_priv.440
                0x0002ae7c                RFRAND_GetRadioEntropy
                0x0002b2dc                RFHAL_NotifyUserOfIrCal.lto_priv.859
                0x0002b374                ll_radioTxSchedule
                0x0002b434                ll_radioTxStart
                0x0002b49c                BTLE_LL_EventRaise
                0x0002b82a                ll_scanExtEnd
                0x0002b948                ll_scanTaskPrimaryHandler
                0x0002be6c                RAILInt_SetChannel
                0x0002c034                RAILCore_ScheduleRx
                0x0002c1e0                RFHAL_SetTxPower
                0x0002c21a                ll_radioSetTxPowerRaw.part.0
                0x0002c298                ll_radioSetMaxTxPower
                0x0002c2e8                ll_radioSetRfPathCompensation
                0x0002c30c                RAILCore_ConfigChannels
                0x0002c350                GENERIC_PHY_EventCallback
                0x0002c54c                gecko_priority_handle
 *fill*         0x0002e1c4        0x4 
 .text          0x0002e1c8     0x49fc C:\Users\MADHUM~1\AppData\Local\Temp\ccK7UENS.ltrans6.ltrans.o
                0x0002e1c8                ll_radioTimerExpired.lto_priv.790
                0x0002e1ec                ll_llcpCallbackLocalTerminate.lto_priv.799
                0x0002e21c                bg_pre_sleep
                0x0002e21e                bg_post_wakeup
                0x0002e304                ll_bgbuf_callback.lto_priv.439
                0x0002e45a                ll_radioLoadPacket
                0x0002e4ac                ll_radioGetPacketTimeWithPhy
                0x0002e4d0                ll_radioConfigurePhy.lto_priv.543
                0x0002e584                ll_radioConfigureChannel
                0x0002e66c                ll_radioRandom
                0x0002e686                getSupportedPhys.lto_priv.817
                0x0002e6a8                ll_llcpSend
                0x0002e6c2                ll_llcpSendReject
                0x0002e6fe                ll_hciCall
                0x0002e720                ll_hciSendHCIEvent
                0x0002e72c                ll_hciSendAdvSetTerminated.part.3
                0x0002e766                ll_hciSendEncryptionChange
                0x0002e796                ll_hciSendLeConnectionComplete
                0x0002e802                ll_hciSetCommandStatusHeader
                0x0002e81a                ll_hciSetCommandCompleteHeader
                0x0002e83c                ll_hciCmdSetAdvertisingSetRandomAddress
                0x0002e87c                ll_hciCmdSetExtendedScanResponseData
                0x0002e8b8                ll_hciCmdSetExtendedAdvertisingData
                0x0002e8f4                ll_hciCmdSetExtendedAdvertisingParameters
                0x0002ead8                ll_hciSendGenericCommandComplete
                0x0002eae6                hci_command_alloc
                0x0002eb14                hci_le_set_extended_advertising_enable
                0x0002eb64                hci_state_listener
                0x0002eb98                hci_increase_token.lto_priv.475
                0x0002ebaa                handle_bgapi_output.lto_priv.605
                0x0002ec20                sli_bt_cmd_handler_delegate
                0x0002ec70                gatt_db_find_attribute_by_type
                0x0002eca8                gatt_db_get_16bit_char_handle
                0x0002ecce                gatt_db_user_value
                0x0002ecec                gatt_db_get_char_properties
                0x0002ed30                gatt_db_handle_active
                0x0002ed60                gatt_db_get_data
                0x0002ee04                gatt_db_find_by_type_value
                0x0002ef56                gatt_db_set_data
                0x0002f0e4                finish_execute_write_req.lto_priv.914
                0x0002f1f4                send_notification.lto_priv.913
                0x0002f2ae                bgbuf_chain_append_byte.lto_priv.552.lto_priv.554
                0x0002f2ae                bgbuf_chain_append_byte.lto_priv.551.lto_priv.553
                0x0002f2c4                gatt_get_next_connection
                0x0002f2ec                gatt_server_report_gattdb_change
                0x0002f380                gatt_listener.lto_priv.875
                0x0002f518                gap_resolver_start
                0x0002f6d4                gap_set_advertising_timeout.part.6
                0x0002f740                ll_startOrQueueProcedure
                0x0002f79a                ll_llcpFeatureExchange
                0x0002f8f8                ll_hciSendNumberOfCompletedPackets
                0x0002f9a4                hci_send_acl
                0x0002fae0                l2cap_message_handler
                0x0002fb14                l2cap_send_fixed_channel
                0x0002fb56                hci_send_command
                0x0002fb90                hci_close_acl
                0x00030fc0                ll_radioReadRxPacketDetails
                0x000311ac                ll_radioInit
                0x000319a0                ll_radioReadRxPacket
                0x00031c24                ll_radioRaiseLLEvents.lto_priv.824
                0x00031c40                ll_llcpSendLengthReq
                0x00031cb0                ll_llcpHandleFeatureReq.lto_priv.814
                0x00031d70                ll_radioRxAfterTx
                0x00031d90                ll_radioRxSchedule
                0x00031dfc                ll_radioRxStart
                0x00031e5c                enableTx2Rx.lto_priv.825
                0x00031eb0                ll_radioStop
                0x00031fd4                ll_connSetLlcpCallback
                0x00032038                ll_connClearLlcpCallback
                0x00032110                ll_llcpPhyUpdate_sender.lto_priv.795
                0x000321cc                ll_connAbortLlcp
                0x000321f6                ll_llcpCallbackPhyUpdate
                0x00032238                ll_llcpLtkReply.part.3
                0x000322ee                ll_llcpCallbackEncryption.lto_priv.792
                0x000324a4                ll_llcpCallbackChannelMapUpdate.lto_priv.793
                0x000324f2                ll_llcpLinkLost
                0x0003252c                ll_llcpStartEncryption_sender.lto_priv.796
                0x000326a8                ll_llcpReadVersionInformation_sender.lto_priv.798
                0x0003274c                ll_llcpUpdateChannelMap_sender.lto_priv.522
                0x000327b4                ll_llcpConnectionUpdate_sender.lto_priv.797
                0x00032864                ll_llcpCallbackConnectionUpdatePreListen.lto_priv.794
                0x000328a4                ll_llcpHandlePacketCommon
 .text.unlikely
                0x00032bc4      0x4c8 C:\Users\MADHUM~1\AppData\Local\Temp\ccK7UENS.ltrans6.ltrans.o
                0x00032f56                ll_llcpUpdatePhyAtInstant.lto_priv.816
                0x00032fa4                ll_llcpMasterUpdatePhy.lto_priv.815
 .text          0x0003308c     0x4568 C:\Users\MADHUM~1\AppData\Local\Temp\ccK7UENS.ltrans7.ltrans.o
                0x000330b0                s53405c4e74654ca8e287e154d16e218a89897a34981d36568a54cedf8eb5c234.lto_priv.744
                0x000330e4                RAIL_YieldRadio
                0x000330e6                sc05678dda3e4ada41547d970ff6442687aed8a4b67246c40ca934272253ebe97
                0x000331a0                s60630b08788d5f4650a6573ec4ae910e042fdc8e28950a238139746afc4427da.lto_priv.600
                0x00033268                s053d1cf6090af282343f3c4ccfd35ebb04229e3643112571ce16a7ad44dace8b.lto_priv.444
                0x00033294                s6868a825f326a08d6ae9025eeabf24ebe7918e07274d90a1d3a0b6297330e2f4
                0x000332ac                s1f4c4d45700e1117c1b488259b8ab128a35b5b57e15e37e60723c9851fc5c293
                0x000332d8                sd0f5d405fa47fb57fd3cfd676c4faa7b9382d27ad36a85f33dabf1d0f363f531.lto_priv.613
                0x000332f8                se2dfbfdadc3adeb242907f4e166f9cdfbad9edce4a02bde82577a5fa4ea790fe.lto_priv.612
                0x00033314                s8b8c25562ff5df460542008e837b0715e647554b809585ace017f3d6e2581067.lto_priv.611
                0x00033324                sd373cd11b18c17987cd65ef8e8d21ac9594fd75665ddeff204cdf5655ec72459
                0x00033330                s996d9bc07b2764a5df560aa444f5849262abbbf850c2ff11d35aef9f98e11326.lto_priv.619.lto_priv.707
                0x00033330                s996d9bc07b2764a5df560aa444f5849262abbbf850c2ff11d35aef9f98e11326.lto_priv.479.lto_priv.507
                0x00033330                s996d9bc07b2764a5df560aa444f5849262abbbf850c2ff11d35aef9f98e11326.lto_priv.480.lto_priv.481
                0x0003333c                s2b1d516ba166a9b50349a9b7598efbe6e359a91c876a4771175b1e94ecbdb40f.lto_priv.621.lto_priv.774
                0x0003334c                s6691aef8637cffe37b8a64b08c0bcf3a439dc7172ca2accb44bd9402beae3ef2.lto_priv.623.lto_priv.701
                0x0003334c                s6691aef8637cffe37b8a64b08c0bcf3a439dc7172ca2accb44bd9402beae3ef2.lto_priv.624.lto_priv.697
                0x00033356                s51e5067254024a2fa09db40530160a23ded29a0ad4a57c42ab386b7835cb9d08.lto_priv.770
                0x000334a0                sd21fe30c240a3e4b1e3ec12a8273a70f5024de12aa6ccb86fdd298374a13f1a0.lto_priv.743
                0x00033584                _mesh_foundation_send_byte_array_impl
                0x00033638                seb52d257fca06f9181a292aed2eceb2a000caf4c5902513d475daafc91b057cc
                0x000336ae                se1985b6fe6b9c26590b498459b784d13e1d9a0243bcf15db2b89d0139210f55f.lto_priv.708
                0x000336f8                se28d7a54260cc5211ddf95118b985c0dd1b1412c29a8eda6b06dc3872de31b56
                0x00033764                sdcd0c5e5f91adf6b973bcbe6b1512d121008eba9c4987a889a4a9ca9056823ed
                0x000337a0                s487d789d64f5f69f5b3e2d9e99bce5aac095bba89dfb14a49f7206b0720fb57e
                0x000337a0                bgbuf_copy_to
                0x00034088                sb7917d9a972470e36e12e08ce9cb9b75e17354a6ff9c065f07d78e8639514ef2
                0x000340d0                swapl.lto_priv.609
                0x000340d4                s30587a28baa9ba8f5600f90eb43ddd23eb65becdddc12637d57a4954f872256c
                0x00034274                s4ad3e592ca0c22b75b30cc9d883c04599322674c2959f9466b23ea7500b85717
                0x00034400                s93c5b4d5e0fac4d3f1ae32d616d6fa071c38c6e51920b78aa4e7516a2bafa81c
                0x00034418                sfc393d913802b93d95215ee05a0c9b26aa63eb169454d993e454c18cdccee618
                0x0003445c                s87d00ef77433e43d488d7b8ff03f02d7bf4e89be6613d8bb083aafdc3a93f43c
                0x00034498                se493da5f85db0d2a373a8b79e342b3bbeb3f269acefd48be31ae0ba4c0729619.lto_priv.607
                0x000344c8                s6466dfa91c1531c73e2ad0b7bb494f51f4b15a98e0056b70ba493275adbf0712
                0x000344f2                s045a5023d088d44e3ae2dea85ed4a409a29fcf1ea1092245a02ca6cb116724df
                0x0003451c                s44d00d72053b92ff605c009b0da6d780f2022a0c8a5835243b91730c9a4d4b91.lto_priv.767
                0x00034578                sa7819c7f994d039501d9a45a4bcd781431441a10bfd3318fd3a316f4f9be2365
                0x000345b4                s1ba7a37a15c9ec22cc72cba2d8737b96706bd851598af1937b9371e14cc2fb19
                0x000345f0                s48805e0168eed6fafbe354d9c37bce11476fad2be0e8c7c42f7586dfe02052eb.lto_priv.694
                0x0003462c                s13c724c93a8490d5a9d32f9f50638f911f4c99baebc7c530d29e863bcbae0ef3
                0x000346a4                s6b0ae27c1e436dc874ee07ac1651761db4ae51391755cb783d1c68475b6aabdf
                0x00034714                sa557cd298c6e3ee0c6334b1e04ea0209d2c3f82d77869ba488d075d2d1413f99
                0x00034804                sf62a30a962d5629b797050918f58d08d0bfc458629cd5927ded74379e3b395c9
                0x0003481c                s03edbcb03a8d964eff66bbd15c97373ce60e29dfca7f33e72280a6b37fb9ebc0
                0x00034904                s789baa7635127f6187d528d92cdbe7f24bab6d8ceafeb457d3adf8a004a9f810
                0x00034988                s7ffe0f78d7d7c1405727988289d95c9eefc56a372006af144d1347b723ebc850
                0x000349d4                s9d8e308dd5d27e98c0b8ee7f93bb1632cb37dc65ed9777389b1ae6a08f2fd4ab
                0x00034a14                s7116396e5bd304a21798cbad55a150a2f09bad3413b2364d85ed6b289cdf2ac4
                0x00034a60                s7923c8add841d12c9b517ef033d07a5f0cba380e6f243c36645d4c133a956377
                0x00034abc                s0ecfc7aec9954529ad313838bf61385d94efbe6f9b7ebecb2c4ffde98a41f2ef
                0x00034b10                sf6b66b26b1c4b31e54ed53289d2d42251b132f9b37088bc436a4a757605be82d
                0x00034b30                sf2d72966300ccce13e7b57139c9e56b853226b43d99608eb5af0b8f6f2d4693e
                0x00034e3c                saf79a4199b288150589b19fd355e2e03d3cdbf10a6d68a8680400f7e66d89896
                0x00034ec8                sd4b7e92fb576ff6cd4646b02087e5081c9206fcde5fefa3c1f6096ec25be6c6a
                0x00034ee8                s4b5d7111ca3e4f4b1b3fa108b259519e7651ad84d0c7d13f727b26811851a742
                0x00034f44                s1600ea3c459cdd06d029936b9fdb5d324c6e17e5f548d615e64f2928ad41baa6.lto_priv.773
                0x00035038                s677035f18f19b8698e72dcdaf3e794a043187f4f3bb58812ed276ab42c499822
                0x00035248                s14b1ce95a784bee849b6df67931bc2e0d1cc32fba2687edbfbd8124b55fd533c
                0x00035358                s01bbc32bd84510244ccc70862066a295a9434b39b6beb93937f6e0db35b62e39
                0x00035454                s388cb745538ba932d7e8484848e71c6a7f6ea58b5cf64f75514a2e8f0a6f3ccd.lto_priv.775
                0x000354b8                s896b74fa69469516e40fe525152f23d6159b57876b06c0dea09f5200c957fde0
                0x000354e8                s8c2d4ef2a42e7e3c3c55eae848625ff6483e2a593af075f3b04d21711aa4b397
                0x00035518                s884ebc32c2f4287559bddf44089f02e2553bfc7928b10f388a3d95ce31781af7
                0x00035594                s4245de3149eb29c7b0357b6f5127a0f89e7904d31c2cdc519911bcca4e7718d9.lto_priv.614
                0x00035760                sb794c21b166ff1d0d917edb265196fb82327d4d07918ad25f164624115ea1457
                0x00035790                s6cbd245a1e8869c2a5cc09ee98cfae0152845bdda3cb4a75f32cb3cabcfd39d5
                0x00035b00                s6a8991ca41de7c22352620eadd5b7988a83e5a0c8ffd0212131c3ec48594b377
                0x00035e1e                sc4c76efa895dfcab5ccc8e28c82528bdf1cc788dc012cea11ee5cf9b34002b0f
                0x00035f94                s50b5434ad4f25a564131711d5a6fee4010f75ae8b4884025bda7a06bd54b4671
                0x00036344                sbcf8f263743fbfe38223982e14a7671a61411c92ef9c88f62c15ab10323539dc
                0x000363d0                s3b32d4e48a284ef7f845898b186158968ab1bec386677a17d8cbcf3b89854994
                0x0003643c                s3a556dc9bee3cd7ae7ab5a6b54ad175908e98f75d5483d0562e1febc0b5e6a3d.lto_priv.700
                0x0003646c                s226d6ad54a5da013f27d23809488ab33714e3d137953d76d045d014133772d52
                0x00036504                s0cb405217cac05c8abcfaa9adf1f69ca61404c45cc9960bd9b511d3112abd2d2
 .text.unlikely
                0x000375f4      0x200 C:\Users\MADHUM~1\AppData\Local\Temp\ccK7UENS.ltrans7.ltrans.o
                0x000375f4                sadbe999ac54415eecd88466503b20a0104688cf73684e71d4ef7b71d1c1b82c2
                0x0003763e                s6caa9e8c27bf74c11852eb0f5bc5a750125ccb07c6a7bff24cee19207af93deb
                0x00037688                sa02a3c946acde7e448f4813ff2b950cefd22f97fe9d086baa6b5a27d1032f5df.part.11
                0x000376a0                sdf6e49bb884eaf7f879b44d72967a3132c05cc9203126d053a74e101262492ca.lto_priv.704
                0x000376e4                sa32e4b2fe32292fbb0dfec94daba50302fddd13dcaaf6d57fc1dec5fcc9764af
                0x00037730                s3f4fad945a8bce5ef6153e2a0404ff71e67b03ac5e8717fd170f058f7ee5ff3f
 .text          0x000377f4     0x3ae8 C:\Users\MADHUM~1\AppData\Local\Temp\ccK7UENS.ltrans8.ltrans.o
                0x00037b96                s003355049b469d77f076482ebb85dc65c49abf7cf0ba0cb2617d9ce532c32786
                0x00037be0                graphPrintCenter.constprop.425
                0x00037d94                PTI_Enable.constprop.411
                0x00037de0                USART_InitSync.constprop.404
                0x00037ea0                TIMER_InitCC.constprop.389
                0x00037f08                mesh_lib_generic_server_update.constprop.377
                0x00037f8c                mesh_lib_generic_server_response.constprop.375
                0x00038020                bgbuf_alloc_copy_data.constprop.370
                0x0003804a                ccm_auth_crypt.constprop.365
                0x000382f8                mbedtls_ccm_setkey.constprop.361
                0x00038350                sa2b373de5c191cdc2667d3c9c930bde50e44393137bef92020d1e2a23cd1033f.constprop.354
                0x000383a0                s8df131c1e38798c88cb7fbf3afc7ec0b2ed2dde5f1bae6de29c2c7d4a26941fe.constprop.342
                0x000383f0                s14deb4d2c5dd48723fea9d152ea99f898fb97f3b6e2bcd0eea7632e719191648.constprop.341
                0x00038422                gecko_register_bgapi_library.constprop.325
                0x0003845c                hci_le_set_ext_scan_enable.constprop.321
                0x00038490                nvm3_writeData.constprop.317
                0x000384ac                PA_Config.constprop.306
                0x000385d4                nvm3_readData.constprop.303
                0x00038608                RFHAL_ConfigRxOptions.constprop.293
                0x000386e0                RFHAL_ResetTxFifo.constprop.284
                0x0003870c                hci_command_init_shared_bgbuf.constprop.229
                0x00038760                swap_endianess.constprop.227
                0x0003877c                bondingdb_find_by_data.part.2.constprop.223
                0x000387cc                validate_scanning_phymask.constprop.213
                0x000387dc                gatt_set_enabled_caps.constprop.203
                0x0003888c                find_address.constprop.180
                0x000388ec                preTxOps.constprop.157
                0x000389d4                ll_scanTaskExtCommonHandler.constprop.150
                0x00038a68                gecko_cmd_le_gap_bt5_set_adv_data.constprop.142
                0x00038ac0                sc662b6b9b807fbe47326a057076903277d2b604cb9ba3cfe6502a62cae4b0b62.constprop.138
                0x00038ace                s27c8a9d8ea2da8d5f357c969ead44e22cca71977c3171259543af6b0a6eb8855.constprop.130
                0x00038b94                s0103c12f9480344912fd15365aa7f266106e4817dd34b36786098723ea0a5309.part.4.constprop.117
                0x00038c18                s0cc22d415d2812e5bca9266720ea843d434474e5fdcc5c620657478bce53890c.part.3.constprop.115
                0x00038c86                s7a5d41a3880b25a238995a87556b8a47d9f10777fe19b205eb02b8896ac4817f.constprop.97
                0x00038ca4                seccc44b69ca0df219359b294fdd6fa0a4c9266d262b4bcc289d1ebcc7500ce88.constprop.80
                0x00038d78                s506265de40ccd842fcb7b0a518600c3aed869fe4372009bbf9fc7d3a76fc1a65.constprop.79
                0x00038e74                mbedtls_mpi_write_binary.constprop.70
                0x00038eba                mbedtls_ecp_group_load.constprop.52
                0x00038f30                sd0ca0ef7fe4e36bf429d944aa2d985c21e51ba039d8eea0751b123e448319656.constprop.45
                0x000390a6                s519afcc0428b79d94755abc6bbd7a8ef10f3db9756861c99df43c84ba2a96098.constprop.42
                0x00039288                s783f6ad80ccc94550fd8b92730f7487d9ea4f00a1c3659d3456d647f14cd5b1f.constprop.15
                0x000392ec                s6fef564396ef769161034a16f92c09de85d7c79b1dc797c467ff01feb8cd2fa6.constprop.9
                0x000393d4                s43d23c95e746e43f35398a09f21820962193106b0c51bd5442f354a9e93ffc9b.constprop.6
                0x00039438                s4866b8b36aae74c398422879743e8185ff4298701dad63181d91cd148bd9ae41.constprop.5
                0x0003949c                ecp_crypto_device_init.isra.0.lto_priv.558
                0x000394e0                mbedtls_internal_ecp_grp_capable
                0x000394ea                ecp_crypto_ddata_write.lto_priv.557
                0x00039560                mpitobigint.lto_priv.601
                0x0003959e                CRYPTO_InstructionSequenceWait.lto_priv.446.lto_priv.556
                0x0003959e                CRYPTO_InstructionSequenceWait.lto_priv.445.lto_priv.563
                0x000395a6                CRYPTO_DDataRead.lto_priv.451.lto_priv.565
                0x000395a6                CRYPTO_DDataRead.lto_priv.452.lto_priv.560
                0x000395e0                crypto_management_acquire_preemption.constprop.191
                0x00039724                CRYPTO_DDataWrite.lto_priv.454.lto_priv.603
                0x00039724                CRYPTO_DDataWrite.lto_priv.455.lto_priv.559
                0x00039724                CRYPTO_DDataWrite.lto_priv.453.lto_priv.564
                0x00039748                CRYPTO_DData0Write260.lto_priv.447.lto_priv.604
                0x00039760                CRYPTO_DataReadUnaligned.lto_priv.457.lto_priv.545
                0x00039760                CRYPTO_DataReadUnaligned.lto_priv.456.lto_priv.561
                0x0003979e                CRYPTO_DataWriteUnaligned.lto_priv.459.lto_priv.546
                0x0003979e                CRYPTO_DataWriteUnaligned.lto_priv.458.lto_priv.562
                0x000397e2                s1125335607184b28e23519f363743cad6beaf2e28257a42489aa1cc041d75860.isra.4.lto_priv.539
                0x000397f8                s9a578a54d87c559e7c7c81eb65b1cf66823b28d4cf5afc55b758f69f86d3f6dd.part.5.lto_priv.540
                0x000397f8                sb5f8241ccde5e5727c7793a8b2415fb2fc86ab3f54f1fc73e5f80d85b4851b2c.part.6.lto_priv.541
                0x0003981c                sc0bdba4445cebaa42c24f1449f932de01c472d24cc0a5306eff005185c7532c9
                0x000398d8                mbedtls_cipher_cmac_starts.constprop.357
                0x00039920                mbedtls_ecp_mul.constprop.56
                0x00039d50                gecko_stack_init.constprop.256
                0x0003a738                ll_advSetData.constprop.179
                0x0003a7ba                ecp_crypto_ddata_read.lto_priv.555
                0x0003a84e                crypto_mpi_div_mod.lto_priv.602
                0x0003aa68                mbedtls_internal_ecp_normalize_jac
                0x0003ab54                se0c14d2aa11397e066322c91acb275cb10e1389e1b81e3497834ae1d53f60f60.constprop.360
                0x0003ac00                s482341702bab62846f503ba7ee57713b389703ac06e5cd8841579acb6f17b58e.constprop.349
                0x0003adc8                s500d9706508725f0d3c637cce7dfada3c8d09ea1dbfde5c4088b15f4bdb85de6.constprop.119
                0x0003ae7e                sf8e5b855f3865f6c98192ef299fa096d32b56e341ff6b27e7b4d97da2c3d8885.constprop.110
                0x0003b070                s77d063f82fc4edb93ba8c4d96e73141cf4d8abdbc0b843fd6bb395155f3488b5.constprop.135
                0x0003b0e4                s64415b7c53fba6cc1adb715e2530dfd496b86c8933fa0d31259e06ec840452cd.constprop.134
 .text.unlikely
                0x0003b2dc       0xb2 C:\Users\MADHUM~1\AppData\Local\Temp\ccK7UENS.ltrans8.ltrans.o
                0x0003b346                l2cap_send_command_reject.constprop.201
 *fill*         0x0003b38e        0x2 
 .text.ceil     0x0003b390      0x100 c:/siliconlabs/simplicitystudio/v4/developer/toolchains/gnu_arm/7.2_2017q4/bin/../lib/gcc/arm-none-eabi/7.2.1/../../../../arm-none-eabi/lib/thumb/v7e-m/fpv4-sp/softfp\libm.a(lib_a-s_ceil.o)
                0x0003b390                ceil
 .text          0x0003b490      0x378 c:/siliconlabs/simplicitystudio/v4/developer/toolchains/gnu_arm/7.2_2017q4/bin/../lib/gcc/arm-none-eabi/7.2.1/thumb/v7e-m/fpv4-sp/softfp\libgcc.a(_arm_addsubdf3.o)
                0x0003b490                __aeabi_drsub
                0x0003b498                __subdf3
                0x0003b498                __aeabi_dsub
                0x0003b49c                __aeabi_dadd
                0x0003b49c                __adddf3
                0x0003b714                __floatunsidf
                0x0003b714                __aeabi_ui2d
                0x0003b734                __aeabi_i2d
                0x0003b734                __floatsidf
                0x0003b758                __extendsfdf2
                0x0003b758                __aeabi_f2d
                0x0003b79c                __floatundidf
                0x0003b79c                __aeabi_ul2d
                0x0003b7ac                __aeabi_l2d
                0x0003b7ac                __floatdidf
 .text          0x0003b808      0x110 c:/siliconlabs/simplicitystudio/v4/developer/toolchains/gnu_arm/7.2_2017q4/bin/../lib/gcc/arm-none-eabi/7.2.1/thumb/v7e-m/fpv4-sp/softfp\libgcc.a(_arm_cmpdf2.o)
                0x0003b808                __gtdf2
                0x0003b808                __gedf2
                0x0003b810                __ltdf2
                0x0003b810                __ledf2
                0x0003b818                __nedf2
                0x0003b818                __cmpdf2
                0x0003b818                __eqdf2
                0x0003b894                __aeabi_cdrcmple
                0x0003b8a4                __aeabi_cdcmple
                0x0003b8a4                __aeabi_cdcmpeq
                0x0003b8b4                __aeabi_dcmpeq
                0x0003b8c8                __aeabi_dcmplt
                0x0003b8dc                __aeabi_dcmple
                0x0003b8f0                __aeabi_dcmpge
                0x0003b904                __aeabi_dcmpgt
 .text          0x0003b918       0x30 c:/siliconlabs/simplicitystudio/v4/developer/toolchains/gnu_arm/7.2_2017q4/bin/../lib/gcc/arm-none-eabi/7.2.1/thumb/v7e-m/fpv4-sp/softfp\libgcc.a(_aeabi_uldivmod.o)
                0x0003b918                __aeabi_uldivmod
 .text          0x0003b948      0x2cc c:/siliconlabs/simplicitystudio/v4/developer/toolchains/gnu_arm/7.2_2017q4/bin/../lib/gcc/arm-none-eabi/7.2.1/thumb/v7e-m/fpv4-sp/softfp\libgcc.a(_udivmoddi4.o)
                0x0003b948                __udivmoddi4
 .text          0x0003bc14        0x4 c:/siliconlabs/simplicitystudio/v4/developer/toolchains/gnu_arm/7.2_2017q4/bin/../lib/gcc/arm-none-eabi/7.2.1/thumb/v7e-m/fpv4-sp/softfp\libgcc.a(_dvmd_tls.o)
                0x0003bc14                __aeabi_idiv0
                0x0003bc14                __aeabi_ldiv0
 .text.exit     0x0003bc18       0x28 c:/siliconlabs/simplicitystudio/v4/developer/toolchains/gnu_arm/7.2_2017q4/bin/../lib/gcc/arm-none-eabi/7.2.1/../../../../arm-none-eabi/lib/thumb/v7e-m/fpv4-sp/softfp\libc_nano.a(lib_a-exit.o)
                0x0003bc18                exit
 .text.__libc_init_array
                0x0003bc40       0x48 c:/siliconlabs/simplicitystudio/v4/developer/toolchains/gnu_arm/7.2_2017q4/bin/../lib/gcc/arm-none-eabi/7.2.1/../../../../arm-none-eabi/lib/thumb/v7e-m/fpv4-sp/softfp\libc_nano.a(lib_a-init.o)
                0x0003bc40                __libc_init_array
 .text.malloc   0x0003bc88       0x10 c:/siliconlabs/simplicitystudio/v4/developer/toolchains/gnu_arm/7.2_2017q4/bin/../lib/gcc/arm-none-eabi/7.2.1/../../../../arm-none-eabi/lib/thumb/v7e-m/fpv4-sp/softfp\libc_nano.a(lib_a-malloc.o)
                0x0003bc88                malloc
 .text.free     0x0003bc98       0x10 c:/siliconlabs/simplicitystudio/v4/developer/toolchains/gnu_arm/7.2_2017q4/bin/../lib/gcc/arm-none-eabi/7.2.1/../../../../arm-none-eabi/lib/thumb/v7e-m/fpv4-sp/softfp\libc_nano.a(lib_a-malloc.o)
                0x0003bc98                free
 .text.memcpy   0x0003bca8       0x16 c:/siliconlabs/simplicitystudio/v4/developer/toolchains/gnu_arm/7.2_2017q4/bin/../lib/gcc/arm-none-eabi/7.2.1/../../../../arm-none-eabi/lib/thumb/v7e-m/fpv4-sp/softfp\libc_nano.a(lib_a-memcpy-stub.o)
                0x0003bca8                memcpy
 .text.memset   0x0003bcbe       0x10 c:/siliconlabs/simplicitystudio/v4/developer/toolchains/gnu_arm/7.2_2017q4/bin/../lib/gcc/arm-none-eabi/7.2.1/../../../../arm-none-eabi/lib/thumb/v7e-m/fpv4-sp/softfp\libc_nano.a(lib_a-memset.o)
                0x0003bcbe                memset
 *fill*         0x0003bcce        0x2 
 .text._free_r  0x0003bcd0       0x9c c:/siliconlabs/simplicitystudio/v4/developer/toolchains/gnu_arm/7.2_2017q4/bin/../lib/gcc/arm-none-eabi/7.2.1/../../../../arm-none-eabi/lib/thumb/v7e-m/fpv4-sp/softfp\libc_nano.a(lib_a-nano-freer.o)
                0x0003bcd0                _free_r
 .text._malloc_r
                0x0003bd6c       0xb4 c:/siliconlabs/simplicitystudio/v4/developer/toolchains/gnu_arm/7.2_2017q4/bin/../lib/gcc/arm-none-eabi/7.2.1/../../../../arm-none-eabi/lib/thumb/v7e-m/fpv4-sp/softfp\libc_nano.a(lib_a-nano-mallocr.o)
                0x0003bd6c                _malloc_r
 .text.printf   0x0003be20       0x30 c:/siliconlabs/simplicitystudio/v4/developer/toolchains/gnu_arm/7.2_2017q4/bin/../lib/gcc/arm-none-eabi/7.2.1/../../../../arm-none-eabi/lib/thumb/v7e-m/fpv4-sp/softfp\libc_nano.a(lib_a-printf.o)
                0x0003be20                iprintf
                0x0003be20                printf
 .text._sbrk_r  0x0003be50       0x20 c:/siliconlabs/simplicitystudio/v4/developer/toolchains/gnu_arm/7.2_2017q4/bin/../lib/gcc/arm-none-eabi/7.2.1/../../../../arm-none-eabi/lib/thumb/v7e-m/fpv4-sp/softfp\libc_nano.a(lib_a-sbrkr.o)
                0x0003be50                _sbrk_r
 .text.setvbuf  0x0003be70      0x15c c:/siliconlabs/simplicitystudio/v4/developer/toolchains/gnu_arm/7.2_2017q4/bin/../lib/gcc/arm-none-eabi/7.2.1/../../../../arm-none-eabi/lib/thumb/v7e-m/fpv4-sp/softfp\libc_nano.a(lib_a-setvbuf.o)
                0x0003be70                setvbuf
 .text.sprintf  0x0003bfcc       0x40 c:/siliconlabs/simplicitystudio/v4/developer/toolchains/gnu_arm/7.2_2017q4/bin/../lib/gcc/arm-none-eabi/7.2.1/../../../../arm-none-eabi/lib/thumb/v7e-m/fpv4-sp/softfp\libc_nano.a(lib_a-sprintf.o)
                0x0003bfcc                sprintf
                0x0003bfcc                siprintf
 .text.strcat   0x0003c00c       0x1e c:/siliconlabs/simplicitystudio/v4/developer/toolchains/gnu_arm/7.2_2017q4/bin/../lib/gcc/arm-none-eabi/7.2.1/../../../../arm-none-eabi/lib/thumb/v7e-m/fpv4-sp/softfp\libc_nano.a(lib_a-strcat.o)
                0x0003c00c                strcat
 .text          0x0003c02a       0x10 c:/siliconlabs/simplicitystudio/v4/developer/toolchains/gnu_arm/7.2_2017q4/bin/../lib/gcc/arm-none-eabi/7.2.1/../../../../arm-none-eabi/lib/thumb/v7e-m/fpv4-sp/softfp\libc_nano.a(lib_a-strlen.o)
                0x0003c02a                strlen
 *fill*         0x0003c03a        0x2 
 .text.__sflush_r
                0x0003c03c      0x10c c:/siliconlabs/simplicitystudio/v4/developer/toolchains/gnu_arm/7.2_2017q4/bin/../lib/gcc/arm-none-eabi/7.2.1/../../../../arm-none-eabi/lib/thumb/v7e-m/fpv4-sp/softfp\libc_nano.a(lib_a-fflush.o)
                0x0003c03c                __sflush_r
 .text._fflush_r